59.95.59.53 - - [18/May/2011:00:13:01 -0700] "GET /index_files/page0_5.jpg HTTP/1.1" 200 108875 "http://www.handwritinginsights.com/" "Mozilla/4.0 (compatible; MSIE 8.0; Windows NT 6.1; WOW64; Trident/4.0; GTB6.6; SLCC2; .NET CLR 2.0.50727; .NET CLR 3.5.30729; .NET CLR 3.0.30729; Media Center PC 6.0; .NET4.0C; InfoPath.2)"
59.95.59.53 - - [18/May/2011:00:13:01 -0700] "GET /rw_common/themes/simple/images/header_bg.png HTTP/1.1" 200 155 "http://www.handwritinginsights.com/" "Mozilla/4.0 (compatible; MSIE 8.0; Windows NT 6.1; WOW64; Trident/4.0; GTB6.6; SLCC2; .NET CLR 2.0.50727; .NET CLR 3.5.30729; .NET CLR 3.0.30729; Media Center PC 6.0; .NET4.0C; InfoPath.2)"
59.95.59.53 - - [18/May/2011:00:13:01 -0700] "GET /index_files/page0_7.jpg HTTP/1.1" 200 51695 "http://www.handwritinginsights.com/" "Mozilla/4.0 (compatible; MSIE 8.0; Windows NT 6.1; WOW64; Trident/4.0; GTB6.6; SLCC2; .NET CLR 2.0.50727; .NET CLR 3.5.30729; .NET CLR 3.0.30729; Media Center PC 6.0; .NET4.0C; InfoPath.2)"
59.95.59.53 - - [18/May/2011:00:13:02 -0700] "GET /rw_common/themes/simple/images/button_normal.png HTTP/1.1" 200 192 "http://www.handwritinginsights.com/" "Mozilla/4.0 (compatible; MSIE 8.0; Windows NT 6.1; WOW64; Trident/4.0; GTB6.6; SLCC2; .NET CLR 2.0.50727; .NET CLR 3.5.30729; .NET CLR 3.0.30729; Media Center PC 6.0; .NET4.0C; InfoPath.2)"
59.95.59.53 - - [18/May/2011:00:13:02 -0700] "GET /rw_common/themes/simple/images/button_down.png HTTP/1.1" 200 196 "http://www.handwritinginsights.com/" "Mozilla/4.0 (compatible; MSIE 8.0; Windows NT 6.1; WOW64; Trident/4.0; GTB6.6; SLCC2; .NET CLR 2.0.50727; .NET CLR 3.5.30729; .NET CLR 3.0.30729; Media Center PC 6.0; .NET4.0C; InfoPath.2)"
59.95.59.53 - - [18/May/2011:00:13:05 -0700] "GET /index_files/page0_6.jpg HTTP/1.1" 200 243962 "http://www.handwritinginsights.com/" "Mozilla/4.0 (compatible; MSIE 8.0; Windows NT 6.1; WOW64; Trident/4.0; GTB6.6; SLCC2; .NET CLR 2.0.50727; .NET CLR 3.5.30729; .NET CLR 3.0.30729; Media Center PC 6.0; .NET4.0C; InfoPath.2)"
59.95.59.53 - - [18/May/2011:00:13:07 -0700] "GET /favicon.ico HTTP/1.1" 404 217 "-" "Mozilla/4.0 (compatible; MSIE 8.0; Windows NT 6.1; WOW64; Trident/4.0; GTB6.6; SLCC2; .NET CLR 2.0.50727; .NET CLR 3.5.30729; .NET CLR 3.0.30729; Media Center PC 6.0; .NET4.0C; InfoPath.2)"
59.95.59.53 - - [18/May/2011:00:13:13 -0700] "GET /lesson.html HTTP/1.1" 200 48485 "http://www.handwritinginsights.com/" "Mozilla/4.0 (compatible; MSIE 8.0; Windows NT 6.1; WOW64; Trident/4.0; GTB6.6; SLCC2; .NET CLR 2.0.50727; .NET CLR 3.5.30729; .NET CLR 3.0.30729; Media Center PC 6.0; .NET4.0C; InfoPath.2)"
121.54.104.214 - - [18/May/2011:00:13:14 -0700] "GET /favicon.ico HTTP/1.1" 404 217 "-" "Mozilla/5.0 (Windows; U; Windows NT 6.1; en-US) AppleWebKit/534.16 (KHTML, like Gecko) Chrome/10.0.648.205 Safari/534.16"
59.95.59.53 - - [18/May/2011:00:13:15 -0700] "GET /lesson_files/page5_1.jpg HTTP/1.1" 200 27598 "http://www.handwritinginsights.com/lesson.html" "Mozilla/4.0 (compatible; MSIE 8.0; Windows NT 6.1; WOW64; Trident/4.0; GTB6.6; SLCC2; .NET CLR 2.0.50727; .NET CLR 3.5.30729; .NET CLR 3.0.30729; Media Center PC 6.0; .NET4.0C; InfoPath.2)"
59.95.59.53 - - [18/May/2011:00:13:15 -0700] "GET /lesson_files/page5_3.jpg HTTP/1.1" 200 29890 "http://www.handwritinginsights.com/lesson.html" "Mozilla/4.0 (compatible; MSIE 8.0; Windows NT 6.1; WOW64; Trident/4.0; GTB6.6; SLCC2; .NET CLR 2.0.50727; .NET CLR 3.5.30729; .NET CLR 3.0.30729; Media Center PC 6.0; .NET4.0C; InfoPath.2)"
59.95.59.53 - - [18/May/2011:00:13:16 -0700] "GET /lesson_files/page5_2.jpg HTTP/1.1" 200 100885 "http://www.handwritinginsights.com/lesson.html" "Mozilla/4.0 (compatible; MSIE 8.0; Windows NT 6.1; WOW64; Trident/4.0; GTB6.6; SLCC2; .NET CLR 2.0.50727; .NET CLR 3.5.30729; .NET CLR 3.0.30729; Media Center PC 6.0; .NET4.0C; InfoPath.2)"
59.95.59.53 - - [18/May/2011:00:13:16 -0700] "GET /lesson_files/page5_7.jpg HTTP/1.1" 200 44580 "http://www.handwritinginsights.com/lesson.html" "Mozilla/4.0 (compatible; MSIE 8.0; Windows NT 6.1; WOW64; Trident/4.0; GTB6.6; SLCC2; .NET CLR 2.0.50727; .NET CLR 3.5.30729; .NET CLR 3.0.30729; Media Center PC 6.0; .NET4.0C; InfoPath.2)"
59.95.59.53 - - [18/May/2011:00:13:16 -0700] "GET /lesson_files/page5_4.jpg HTTP/1.1" 200 106714 "http://www.handwritinginsights.com/lesson.html" "Mozilla/4.0 (compatible; MSIE 8.0; Windows NT 6.1; WOW64; Trident/4.0; GTB6.6; SLCC2; .NET CLR 2.0.50727; .NET CLR 3.5.30729; .NET CLR 3.0.30729; Media Center PC 6.0; .NET4.0C; InfoPath.2)"
59.95.59.53 - - [18/May/2011:00:13:16 -0700] "GET /lesson_files/page5_8.jpg HTTP/1.1" 200 47824 "http://www.handwritinginsights.com/lesson.html" "Mozilla/4.0 (compatible; MSIE 8.0; Windows NT 6.1; WOW64; Trident/4.0; GTB6.6; SLCC2; .NET CLR 2.0.50727; .NET CLR 3.5.30729; .NET CLR 3.0.30729; Media Center PC 6.0; .NET4.0C; InfoPath.2)"
59.95.59.53 - - [18/May/2011:00:13:16 -0700] "GET /lesson_files/page5_5.jpg HTTP/1.1" 200 39256 "http://www.handwritinginsights.com/lesson.html" "Mozilla/4.0 (compatible; MSIE 8.0; Windows NT 6.1; WOW64; Trident/4.0; GTB6.6; SLCC2; .NET CLR 2.0.50727; .NET CLR 3.5.30729; .NET CLR 3.0.30729; Media Center PC 6.0; .NET4.0C; InfoPath.2)"
59.95.59.53 - - [18/May/2011:00:13:21 -0700] "GET /lesson_files/page5_10.jpg HTTP/1.1" 200 51695 "http://www.handwritinginsights.com/lesson.html" "Mozilla/4.0 (compatible; MSIE 8.0; Windows NT 6.1; WOW64; Trident/4.0; GTB6.6; SLCC2; .NET CLR 2.0.50727; .NET CLR 3.5.30729; .NET CLR 3.0.30729; Media Center PC 6.0; .NET4.0C; InfoPath.2)"
59.95.59.53 - - [18/May/2011:00:13:22 -0700] "GET /lesson_files/page5_9.jpg HTTP/1.1" 200 32768 "http://www.handwritinginsights.com/lesson.html" "Mozilla/4.0 (compatible; MSIE 8.0; Windows NT 6.1; WOW64; Trident/4.0; GTB6.6; SLCC2; .NET CLR 2.0.50727; .NET CLR 3.5.30729; .NET CLR 3.0.30729; Media Center PC 6.0; .NET4.0C; InfoPath.2)"
59.95.59.53 - - [18/May/2011:00:13:22 -0700] "GET /lesson_files/page5_6.jpg HTTP/1.1" 200 65536 "http://www.handwritinginsights.com/lesson.html" "Mozilla/4.0 (compatible; MSIE 8.0; Windows NT 6.1; WOW64; Trident/4.0; GTB6.6; SLCC2; .NET CLR 2.0.50727; .NET CLR 3.5.30729; .NET CLR 3.0.30729; Media Center PC 6.0; .NET4.0C; InfoPath.2)"
59.95.59.53 - - [18/May/2011:00:13:22 -0700] "GET /index.html HTTP/1.1" 200 32293 "http://www.handwritinginsights.com/lesson.html" "Mozilla/4.0 (compatible; MSIE 8.0; Windows NT 6.1; WOW64; Trident/4.0; GTB6.6; SLCC2; .NET CLR 2.0.50727; .NET CLR 3.5.30729; .NET CLR 3.0.30729; Media Center PC 6.0; .NET4.0C; InfoPath.2)"
59.95.59.53 - - [18/May/2011:00:13:24 -0700] "GET /favicon.ico HTTP/1.1" 404 217 "-" "Mozilla/4.0 (compatible; MSIE 8.0; Windows NT 6.1; WOW64; Trident/4.0; GTB6.6; SLCC2; .NET CLR 2.0.50727; .NET CLR 3.5.30729; .NET CLR 3.0.30729; Media Center PC 6.0; .NET4.0C; InfoPath.2)"
115.244.65.217 - - [18/May/2011:00:13:31 -0700] "GET /lesson.html HTTP/1.1" 200 48485 "-" "Mozilla/5.0 (Windows; U; Windows NT 5.1; en-US) AppleWebKit/534.13 (KHTML, like Gecko) Chrome/9.0.597.98 Safari/534.13"
59.95.59.53 - - [18/May/2011:00:13:31 -0700] "GET /lesson_files/page5_5.jpg HTTP/1.1" 206 11390 "http://www.handwritinginsights.com/lesson.html" "Mozilla/4.0 (compatible; MSIE 8.0; Windows NT 6.1; WOW64; Trident/4.0; GTB6.6; SLCC2; .NET CLR 2.0.50727; .NET CLR 3.5.30729; .NET CLR 3.0.30729; Media Center PC 6.0; .NET4.0C; InfoPath.2)"
59.95.59.53 - - [18/May/2011:00:13:32 -0700] "GET /lesson_files/page5_9.jpg HTTP/1.1" 206 32768 "http://www.handwritinginsights.com/lesson.html" "Mozilla/4.0 (compatible; MSIE 8.0; Windows NT 6.1; WOW64; Trident/4.0; GTB6.6; SLCC2; .NET CLR 2.0.50727; .NET CLR 3.5.30729; .NET CLR 3.0.30729; Media Center PC 6.0; .NET4.0C; InfoPath.2)"
59.95.59.53 - - [18/May/2011:00:13:32 -0700] "GET /lesson_files/page5_6.jpg HTTP/1.1" 206 32768 "http://www.handwritinginsights.com/lesson.html" "Mozilla/4.0 (compatible; MSIE 8.0; Windows NT 6.1; WOW64; Trident/4.0; GTB6.6; SLCC2; .NET CLR 2.0.50727; .NET CLR 3.5.30729; .NET CLR 3.0.30729; Media Center PC 6.0; .NET4.0C; InfoPath.2)"
59.95.59.53 - - [18/May/2011:00:13:32 -0700] "GET /lesson_files/page5_10.jpg HTTP/1.1" 200 51695 "http://www.handwritinginsights.com/lesson.html" "Mozilla/4.0 (compatible; MSIE 8.0; Windows NT 6.1; WOW64; Trident/4.0; GTB6.6; SLCC2; .NET CLR 2.0.50727; .NET CLR 3.5.30729; .NET CLR 3.0.30729; Media Center PC 6.0; .NET4.0C; InfoPath.2)"
59.95.59.53 - - [18/May/2011:00:13:33 -0700] "GET /lesson_files/page5_8.jpg HTTP/1.1" 206 0 "http://www.handwritinginsights.com/lesson.html" "Mozilla/4.0 (compatible; MSIE 8.0; Windows NT 6.1; WOW64; Trident/4.0; GTB6.6; SLCC2; .NET CLR 2.0.50727; .NET CLR 3.5.30729; .NET CLR 3.0.30729; Media Center PC 6.0; .NET4.0C; InfoPath.2)"
59.95.59.53 - - [18/May/2011:00:13:33 -0700] "GET /lesson_files/page5_7.jpg HTTP/1.1" 206 0 "http://www.handwritinginsights.com/lesson.html" "Mozilla/4.0 (compatible; MSIE 8.0; Windows NT 6.1; WOW64; Trident/4.0; GTB6.6; SLCC2; .NET CLR 2.0.50727; .NET CLR 3.5.30729; .NET CLR 3.0.30729; Media Center PC 6.0; .NET4.0C; InfoPath.2)"
121.54.104.214 - - [18/May/2011:00:13:42 -0700] "GET /favicon.ico HTTP/1.1" 404 217 "-" "Mozilla/5.0 (Windows; U; Windows NT 6.1; en-US) AppleWebKit/534.16 (KHTML, like Gecko) Chrome/10.0.648.205 Safari/534.16"
121.54.104.214 - - [18/May/2011:00:13:43 -0700] "GET /favicon.ico HTTP/1.1" 404 217 "-" "Mozilla/5.0 (Windows; U; Windows NT 6.1; en-US) AppleWebKit/534.16 (KHTML, like Gecko) Chrome/10.0.648.205 Safari/534.16"
203.58.18.81 - - [18/May/2011:00:17:37 -0700] "GET /directory.html HTTP/1.1" 200 16586 "http://www.handwritinginsights.com/" "Mozilla/5.0 (Windows; U; Windows NT 5.1; en-US; rv:1.9.2.13) Gecko/20101203 Firefox/3.6.13 (.NET CLR 3.5.30729)"
203.58.18.81 - - [18/May/2011:00:17:38 -0700] "GET /directory_files/page21_1.jpg HTTP/1.1" 200 51695 "http://www.handwritinginsights.com/directory.html" "Mozilla/5.0 (Windows; U; Windows NT 5.1; en-US; rv:1.9.2.13) Gecko/20101203 Firefox/3.6.13 (.NET CLR 3.5.30729)"
203.58.18.81 - - [18/May/2011:00:18:00 -0700] "GET /printing.html HTTP/1.1" 200 21033 "http://www.handwritinginsights.com/directory.html" "Mozilla/5.0 (Windows; U; Windows NT 5.1; en-US; rv:1.9.2.13) Gecko/20101203 Firefox/3.6.13 (.NET CLR 3.5.30729)"
203.58.18.81 - - [18/May/2011:00:18:01 -0700] "GET /printing_files/page31_4.jpg HTTP/1.1" 200 45122 "http://www.handwritinginsights.com/printing.html" "Mozilla/5.0 (Windows; U; Windows NT 5.1; en-US; rv:1.9.2.13) Gecko/20101203 Firefox/3.6.13 (.NET CLR 3.5.30729)"
203.58.18.81 - - [18/May/2011:00:18:01 -0700] "GET /printing_files/page31_5.jpg HTTP/1.1" 200 51695 "http://www.handwritinginsights.com/printing.html" "Mozilla/5.0 (Windows; U; Windows NT 5.1; en-US; rv:1.9.2.13) Gecko/20101203 Firefox/3.6.13 (.NET CLR 3.5.30729)"
203.58.18.81 - - [18/May/2011:00:18:01 -0700] "GET /printing_files/page31_1.jpg HTTP/1.1" 200 16202 "http://www.handwritinginsights.com/printing.html" "Mozilla/5.0 (Windows; U; Windows NT 5.1; en-US; rv:1.9.2.13) Gecko/20101203 Firefox/3.6.13 (.NET CLR 3.5.30729)"
203.58.18.81 - - [18/May/2011:00:18:01 -0700] "GET /printing_files/page31_2.jpg HTTP/1.1" 200 15339 "http://www.handwritinginsights.com/printing.html" "Mozilla/5.0 (Windows; U; Windows NT 5.1; en-US; rv:1.9.2.13) Gecko/20101203 Firefox/3.6.13 (.NET CLR 3.5.30729)"
203.58.18.81 - - [18/May/2011:00:18:01 -0700] "GET /rw_common/themes/simple/css/styles/soft_pink.css HTTP/1.1" 200 276 "http://www.handwritinginsights.com/printing.html" "Mozilla/5.0 (Windows; U; Windows NT 5.1; en-US; rv:1.9.2.13) Gecko/20101203 Firefox/3.6.13 (.NET CLR 3.5.30729)"
203.58.18.81 - - [18/May/2011:00:18:02 -0700] "GET /printing_files/page31_3.jpg HTTP/1.1" 200 22010 "http://www.handwritinginsights.com/printing.html" "Mozilla/5.0 (Windows; U; Windows NT 5.1; en-US; rv:1.9.2.13) Gecko/20101203 Firefox/3.6.13 (.NET CLR 3.5.30729)"
207.46.13.52 - - [18/May/2011:00:18:32 -0700] "GET /robots.txt HTTP/1.1" 404 216 "-" "Mozilla/5.0 (compatible; bingbot/2.0; +http://www.bing.com/bingbot.htm)"
203.58.18.81 - - [18/May/2011:00:19:17 -0700] "GET /terms.html HTTP/1.1" 200 56478 "http://www.handwritinginsights.com/directory.html" "Mozilla/5.0 (Windows; U; Windows NT 5.1; en-US; rv:1.9.2.13) Gecko/20101203 Firefox/3.6.13 (.NET CLR 3.5.30729)"
203.58.18.81 - - [18/May/2011:00:19:17 -0700] "GET /terms_files/page30_1.jpg HTTP/1.1" 200 32587 "http://www.handwritinginsights.com/terms.html" "Mozilla/5.0 (Windows; U; Windows NT 5.1; en-US; rv:1.9.2.13) Gecko/20101203 Firefox/3.6.13 (.NET CLR 3.5.30729)"
207.46.13.52 - - [18/May/2011:00:19:17 -0700] "GET / HTTP/1.1" 304 - "-" "Mozilla/5.0 (compatible; bingbot/2.0; +http://www.bing.com/bingbot.htm)"
203.58.18.81 - - [18/May/2011:00:19:18 -0700] "GET /terms_files/page30_7.jpg HTTP/1.1" 200 23299 "http://www.handwritinginsights.com/terms.html" "Mozilla/5.0 (Windows; U; Windows NT 5.1; en-US; rv:1.9.2.13) Gecko/20101203 Firefox/3.6.13 (.NET CLR 3.5.30729)"
203.58.18.81 - - [18/May/2011:00:19:18 -0700] "GET /terms_files/page30_4.jpg HTTP/1.1" 200 27381 "http://www.handwritinginsights.com/terms.html" "Mozilla/5.0 (Windows; U; Windows NT 5.1; en-US; rv:1.9.2.13) Gecko/20101203 Firefox/3.6.13 (.NET CLR 3.5.30729)"
203.58.18.81 - - [18/May/2011:00:19:18 -0700] "GET /terms_files/page30_3.jpg HTTP/1.1" 200 12888 "http://www.handwritinginsights.com/terms.html" "Mozilla/5.0 (Windows; U; Windows NT 5.1; en-US; rv:1.9.2.13) Gecko/20101203 Firefox/3.6.13 (.NET CLR 3.5.30729)"
203.58.18.81 - - [18/May/2011:00:19:18 -0700] "GET /terms_files/page30_5.jpg HTTP/1.1" 200 27287 "http://www.handwritinginsights.com/terms.html" "Mozilla/5.0 (Windows; U; Windows NT 5.1; en-US; rv:1.9.2.13) Gecko/20101203 Firefox/3.6.13 (.NET CLR 3.5.30729)"
203.58.18.81 - - [18/May/2011:00:19:18 -0700] "GET /terms_files/page30_6.jpg HTTP/1.1" 200 34734 "http://www.handwritinginsights.com/terms.html" "Mozilla/5.0 (Windows; U; Windows NT 5.1; en-US; rv:1.9.2.13) Gecko/20101203 Firefox/3.6.13 (.NET CLR 3.5.30729)"
203.58.18.81 - - [18/May/2011:00:19:18 -0700] "GET /terms_files/page30_2.jpg HTTP/1.1" 200 24456 "http://www.handwritinginsights.com/terms.html" "Mozilla/5.0 (Windows; U; Windows NT 5.1; en-US; rv:1.9.2.13) Gecko/20101203 Firefox/3.6.13 (.NET CLR 3.5.30729)"
203.58.18.81 - - [18/May/2011:00:19:18 -0700] "GET /terms_files/page30_8.jpg HTTP/1.1" 200 25115 "http://www.handwritinginsights.com/terms.html" "Mozilla/5.0 (Windows; U; Windows NT 5.1; en-US; rv:1.9.2.13) Gecko/20101203 Firefox/3.6.13 (.NET CLR 3.5.30729)"
203.58.18.81 - - [18/May/2011:00:19:19 -0700] "GET /terms_files/page30_13.jpg HTTP/1.1" 200 19475 "http://www.handwritinginsights.com/terms.html" "Mozilla/5.0 (Windows; U; Windows NT 5.1; en-US; rv:1.9.2.13) Gecko/20101203 Firefox/3.6.13 (.NET CLR 3.5.30729)"
203.58.18.81 - - [18/May/2011:00:19:19 -0700] "GET /terms_files/page30_9.jpg HTTP/1.1" 200 29023 "http://www.handwritinginsights.com/terms.html" "Mozilla/5.0 (Windows; U; Windows NT 5.1; en-US; rv:1.9.2.13) Gecko/20101203 Firefox/3.6.13 (.NET CLR 3.5.30729)"
203.58.18.81 - - [18/May/2011:00:19:19 -0700] "GET /terms_files/page30_10.jpg HTTP/1.1" 200 28497 "http://www.handwritinginsights.com/terms.html" "Mozilla/5.0 (Windows; U; Windows NT 5.1; en-US; rv:1.9.2.13) Gecko/20101203 Firefox/3.6.13 (.NET CLR 3.5.30729)"
203.58.18.81 - - [18/May/2011:00:19:19 -0700] "GET /terms_files/page30_14.jpg HTTP/1.1" 200 10824 "http://www.handwritinginsights.com/terms.html" "Mozilla/5.0 (Windows; U; Windows NT 5.1; en-US; rv:1.9.2.13) Gecko/20101203 Firefox/3.6.13 (.NET CLR 3.5.30729)"
203.58.18.81 - - [18/May/2011:00:19:20 -0700] "GET /terms_files/page30_16.jpg HTTP/1.1" 200 4385 "http://www.handwritinginsights.com/terms.html" "Mozilla/5.0 (Windows; U; Windows NT 5.1; en-US; rv:1.9.2.13) Gecko/20101203 Firefox/3.6.13 (.NET CLR 3.5.30729)"
203.58.18.81 - - [18/May/2011:00:19:20 -0700] "GET /terms_files/page30_22.jpg HTTP/1.1" 200 5714 "http://www.handwritinginsights.com/terms.html" "Mozilla/5.0 (Windows; U; Windows NT 5.1; en-US; rv:1.9.2.13) Gecko/20101203 Firefox/3.6.13 (.NET CLR 3.5.30729)"
203.58.18.81 - - [18/May/2011:00:19:20 -0700] "GET /terms_files/page30_15.jpg HTTP/1.1" 200 14472 "http://www.handwritinginsights.com/terms.html" "Mozilla/5.0 (Windows; U; Windows NT 5.1; en-US; rv:1.9.2.13) Gecko/20101203 Firefox/3.6.13 (.NET CLR 3.5.30729)"
203.58.18.81 - - [18/May/2011:00:19:20 -0700] "GET /terms_files/page30_18.jpg HTTP/1.1" 200 11137 "http://www.handwritinginsights.com/terms.html" "Mozilla/5.0 (Windows; U; Windows NT 5.1; en-US; rv:1.9.2.13) Gecko/20101203 Firefox/3.6.13 (.NET CLR 3.5.30729)"
203.58.18.81 - - [18/May/2011:00:19:20 -0700] "GET /terms_files/page30_19.jpg HTTP/1.1" 200 9711 "http://www.handwritinginsights.com/terms.html" "Mozilla/5.0 (Windows; U; Windows NT 5.1; en-US; rv:1.9.2.13) Gecko/20101203 Firefox/3.6.13 (.NET CLR 3.5.30729)"
203.58.18.81 - - [18/May/2011:00:19:20 -0700] "GET /terms_files/page30_21.jpg HTTP/1.1" 200 5810 "http://www.handwritinginsights.com/terms.html" "Mozilla/5.0 (Windows; U; Windows NT 5.1; en-US; rv:1.9.2.13) Gecko/20101203 Firefox/3.6.13 (.NET CLR 3.5.30729)"
203.58.18.81 - - [18/May/2011:00:19:20 -0700] "GET /terms_files/page30_23.jpg HTTP/1.1" 200 14271 "http://www.handwritinginsights.com/terms.html" "Mozilla/5.0 (Windows; U; Windows NT 5.1; en-US; rv:1.9.2.13) Gecko/20101203 Firefox/3.6.13 (.NET CLR 3.5.30729)"
203.58.18.81 - - [18/May/2011:00:19:20 -0700] "GET /terms_files/page30_12.jpg HTTP/1.1" 200 26014 "http://www.handwritinginsights.com/terms.html" "Mozilla/5.0 (Windows; U; Windows NT 5.1; en-US; rv:1.9.2.13) Gecko/20101203 Firefox/3.6.13 (.NET CLR 3.5.30729)"
203.58.18.81 - - [18/May/2011:00:19:20 -0700] "GET /terms_files/page30_11.jpg HTTP/1.1" 200 30201 "http://www.handwritinginsights.com/terms.html" "Mozilla/5.0 (Windows; U; Windows NT 5.1; en-US; rv:1.9.2.13) Gecko/20101203 Firefox/3.6.13 (.NET CLR 3.5.30729)"
203.58.18.81 - - [18/May/2011:00:19:20 -0700] "GET /terms_files/page30_17.jpg HTTP/1.1" 200 9667 "http://www.handwritinginsights.com/terms.html" "Mozilla/5.0 (Windows; U; Windows NT 5.1; en-US; rv:1.9.2.13) Gecko/20101203 Firefox/3.6.13 (.NET CLR 3.5.30729)"
203.58.18.81 - - [18/May/2011:00:19:20 -0700] "GET /terms_files/page30_24.jpg HTTP/1.1" 200 22175 "http://www.handwritinginsights.com/terms.html" "Mozilla/5.0 (Windows; U; Windows NT 5.1; en-US; rv:1.9.2.13) Gecko/20101203 Firefox/3.6.13 (.NET CLR 3.5.30729)"
203.58.18.81 - - [18/May/2011:00:19:20 -0700] "GET /terms_files/page30_20.jpg HTTP/1.1" 200 7134 "http://www.handwritinginsights.com/terms.html" "Mozilla/5.0 (Windows; U; Windows NT 5.1; en-US; rv:1.9.2.13) Gecko/20101203 Firefox/3.6.13 (.NET CLR 3.5.30729)"
203.58.18.81 - - [18/May/2011:00:19:21 -0700] "GET /terms_files/page30_28.jpg HTTP/1.1" 200 11600 "http://www.handwritinginsights.com/terms.html" "Mozilla/5.0 (Windows; U; Windows NT 5.1; en-US; rv:1.9.2.13) Gecko/20101203 Firefox/3.6.13 (.NET CLR 3.5.30729)"
203.58.18.81 - - [18/May/2011:00:19:21 -0700] "GET /terms_files/page30_27.jpg HTTP/1.1" 200 5279 "http://www.handwritinginsights.com/terms.html" "Mozilla/5.0 (Windows; U; Windows NT 5.1; en-US; rv:1.9.2.13) Gecko/20101203 Firefox/3.6.13 (.NET CLR 3.5.30729)"
203.58.18.81 - - [18/May/2011:00:19:21 -0700] "GET /terms_files/page30_29.jpg HTTP/1.1" 200 12747 "http://www.handwritinginsights.com/terms.html" "Mozilla/5.0 (Windows; U; Windows NT 5.1; en-US; rv:1.9.2.13) Gecko/20101203 Firefox/3.6.13 (.NET CLR 3.5.30729)"
203.58.18.81 - - [18/May/2011:00:19:21 -0700] "GET /terms_files/page30_25.jpg HTTP/1.1" 200 21861 "http://www.handwritinginsights.com/terms.html" "Mozilla/5.0 (Windows; U; Windows NT 5.1; en-US; rv:1.9.2.13) Gecko/20101203 Firefox/3.6.13 (.NET CLR 3.5.30729)"
203.58.18.81 - - [18/May/2011:00:19:21 -0700] "GET /terms_files/page30_31.jpg HTTP/1.1" 200 51695 "http://www.handwritinginsights.com/terms.html" "Mozilla/5.0 (Windows; U; Windows NT 5.1; en-US; rv:1.9.2.13) Gecko/20101203 Firefox/3.6.13 (.NET CLR 3.5.30729)"
203.58.18.81 - - [18/May/2011:00:19:21 -0700] "GET /terms_files/page30_26.jpg HTTP/1.1" 200 26513 "http://www.handwritinginsights.com/terms.html" "Mozilla/5.0 (Windows; U; Windows NT 5.1; en-US; rv:1.9.2.13) Gecko/20101203 Firefox/3.6.13 (.NET CLR 3.5.30729)"
203.58.18.81 - - [18/May/2011:00:19:21 -0700] "GET /terms_files/page30_30.jpg HTTP/1.1" 200 9725 "http://www.handwritinginsights.com/terms.html" "Mozilla/5.0 (Windows; U; Windows NT 5.1; en-US; rv:1.9.2.13) Gecko/20101203 Firefox/3.6.13 (.NET CLR 3.5.30729)"
203.58.18.81 - - [18/May/2011:00:22:07 -0700] "GET /HowToUse.html HTTP/1.1" 200 24433 "http://www.handwritinginsights.com/directory.html" "Mozilla/5.0 (Windows; U; Windows NT 5.1; en-US; rv:1.9.2.13) Gecko/20101203 Firefox/3.6.13 (.NET CLR 3.5.30729)"
203.58.18.81 - - [18/May/2011:00:22:08 -0700] "GET /HowToUse_files/page25_1.jpg HTTP/1.1" 200 100463 "http://www.handwritinginsights.com/HowToUse.html" "Mozilla/5.0 (Windows; U; Windows NT 5.1; en-US; rv:1.9.2.13) Gecko/20101203 Firefox/3.6.13 (.NET CLR 3.5.30729)"
203.58.18.81 - - [18/May/2011:00:22:08 -0700] "GET /HowToUse_files/page25_4.jpg HTTP/1.1" 200 51695 "http://www.handwritinginsights.com/HowToUse.html" "Mozilla/5.0 (Windows; U; Windows NT 5.1; en-US; rv:1.9.2.13) Gecko/20101203 Firefox/3.6.13 (.NET CLR 3.5.30729)"
203.58.18.81 - - [18/May/2011:00:22:10 -0700] "GET /HowToUse_files/page25_3.jpg HTTP/1.1" 200 243962 "http://www.handwritinginsights.com/HowToUse.html" "Mozilla/5.0 (Windows; U; Windows NT 5.1; en-US; rv:1.9.2.13) Gecko/20101203 Firefox/3.6.13 (.NET CLR 3.5.30729)"
203.58.18.81 - - [18/May/2011:00:22:13 -0700] "GET /HowToUse_files/page25_2.jpg HTTP/1.1" 200 108875 "http://www.handwritinginsights.com/HowToUse.html" "Mozilla/5.0 (Windows; U; Windows NT 5.1; en-US; rv:1.9.2.13) Gecko/20101203 Firefox/3.6.13 (.NET CLR 3.5.30729)"
83.133.125.202 - - [18/May/2011:00:22:46 -0700] "GET / HTTP/1.1" 200 32293 "http://www.bigfinder.de/" "Mozilla/4.0 (compatible; MSIE 7.0; Windows NT 5.1)"
82.212.71.98 - - [18/May/2011:00:24:26 -0700] "GET / HTTP/1.1" 200 32293 "http://www.google.com/url?sa=t&source=web&cd=3&sqi=2&ved=0CCcQFjAC&url=http%3A%2F%2Fwww.handwritinginsights.com%2F&rct=j&q=handwriting%20personality%20analysis%20test&ei=-nPTTbfPM8i38QPYz-D0Cg&usg=AFQjCNEICSJoJkVMgTFu2A41Q60rJogRmw&cad=rja" "Mozilla/4.0 (compatible; MSIE 8.0; Windows NT 5.1; Trident/4.0; MS-RTC LM 8; .NET CLR 2.0.50727; .NET CLR 3.0.4506.2152; .NET CLR 3.5.30729)"
82.212.71.98 - - [18/May/2011:00:24:29 -0700] "GET /rw_common/themes/simple/styles.css HTTP/1.1" 200 13520 "http://www.handwritinginsights.com/" "Mozilla/4.0 (compatible; MSIE 8.0; Windows NT 5.1; Trident/4.0; MS-RTC LM 8; .NET CLR 2.0.50727; .NET CLR 3.0.4506.2152; .NET CLR 3.5.30729)"
82.212.71.98 - - [18/May/2011:00:24:29 -0700] "GET /rw_common/themes/simple/handheld.css HTTP/1.1" 200 6005 "http://www.handwritinginsights.com/" "Mozilla/4.0 (compatible; MSIE 8.0; Windows NT 5.1; Trident/4.0; MS-RTC LM 8; .NET CLR 2.0.50727; .NET CLR 3.0.4506.2152; .NET CLR 3.5.30729)"
82.212.71.98 - - [18/May/2011:00:24:29 -0700] "GET /rw_common/themes/simple/css/width/width_1000.css HTTP/1.1" 200 30 "http://www.handwritinginsights.com/" "Mozilla/4.0 (compatible; MSIE 8.0; Windows NT 5.1; Trident/4.0; MS-RTC LM 8; .NET CLR 2.0.50727; .NET CLR 3.0.4506.2152; .NET CLR 3.5.30729)"
82.212.71.98 - - [18/May/2011:00:24:29 -0700] "GET /rw_common/themes/simple/print.css HTTP/1.1" 200 3818 "http://www.handwritinginsights.com/" "Mozilla/4.0 (compatible; MSIE 8.0; Windows NT 5.1; Trident/4.0; MS-RTC LM 8; .NET CLR 2.0.50727; .NET CLR 3.0.4506.2152; .NET CLR 3.5.30729)"
82.212.71.98 - - [18/May/2011:00:24:29 -0700] "GET /rw_common/themes/simple/javascript.js HTTP/1.1" 200 14608 "http://www.handwritinginsights.com/" "Mozilla/4.0 (compatible; MSIE 8.0; Windows NT 5.1; Trident/4.0; MS-RTC LM 8; .NET CLR 2.0.50727; .NET CLR 3.0.4506.2152; .NET CLR 3.5.30729)"
82.212.71.98 - - [18/May/2011:00:24:30 -0700] "GET /rw_common/themes/simple/css/styles/vibrant_pink.css HTTP/1.1" 200 276 "http://www.handwritinginsights.com/" "Mozilla/4.0 (compatible; MSIE 8.0; Windows NT 5.1; Trident/4.0; MS-RTC LM 8; .NET CLR 2.0.50727; .NET CLR 3.0.4506.2152; .NET CLR 3.5.30729)"
82.212.71.98 - - [18/May/2011:00:24:30 -0700] "GET /rw_common/themes/simple/css/sidebar/sidebar_left.css HTTP/1.1" 200 99 "http://www.handwritinginsights.com/" "Mozilla/4.0 (compatible; MSIE 8.0; Windows NT 5.1; Trident/4.0; MS-RTC LM 8; .NET CLR 2.0.50727; .NET CLR 3.0.4506.2152; .NET CLR 3.5.30729)"
194.64.20.21 - - [18/May/2011:00:24:32 -0700] "GET / HTTP/1.0" 200 32293 "http://www.google.de/search?q=website+analysing+personality&ie=utf-8&oe=utf-8&aq=t&rls=org.mozilla:de:official&client=firefox-a" "Mozilla/5.0 (Macintosh; U; Intel Mac OS X 10.6; de; rv:1.9.2.10) Gecko/20100914 Firefox/3.6.10"
194.64.20.21 - - [18/May/2011:00:24:33 -0700] "GET /rw_common/themes/simple/css/sidebar/sidebar_left.css HTTP/1.0" 200 99 "http://www.handwritinginsights.com/" "Mozilla/5.0 (Macintosh; U; Intel Mac OS X 10.6; de; rv:1.9.2.10) Gecko/20100914 Firefox/3.6.10"
194.64.20.21 - - [18/May/2011:00:24:33 -0700] "GET /rw_common/images/Untitled-2.jpg HTTP/1.0" 200 32135 "http://www.handwritinginsights.com/" "Mozilla/5.0 (Macintosh; U; Intel Mac OS X 10.6; de; rv:1.9.2.10) Gecko/20100914 Firefox/3.6.10"
194.64.20.21 - - [18/May/2011:00:24:33 -0700] "GET /rw_common/themes/simple/javascript.js HTTP/1.0" 200 14608 "http://www.handwritinginsights.com/" "Mozilla/5.0 (Macintosh; U; Intel Mac OS X 10.6; de; rv:1.9.2.10) Gecko/20100914 Firefox/3.6.10"
194.64.20.21 - - [18/May/2011:00:24:33 -0700] "GET /rw_common/themes/simple/css/styles/vibrant_pink.css HTTP/1.0" 200 276 "http://www.handwritinginsights.com/" "Mozilla/5.0 (Macintosh; U; Intel Mac OS X 10.6; de; rv:1.9.2.10) Gecko/20100914 Firefox/3.6.10"
194.64.20.21 - - [18/May/2011:00:24:33 -0700] "GET /rw_common/themes/simple/styles.css HTTP/1.0" 200 13520 "http://www.handwritinginsights.com/" "Mozilla/5.0 (Macintosh; U; Intel Mac OS X 10.6; de; rv:1.9.2.10) Gecko/20100914 Firefox/3.6.10"
194.64.20.21 - - [18/May/2011:00:24:33 -0700] "GET /rw_common/themes/simple/css/width/width_1000.css HTTP/1.0" 200 30 "http://www.handwritinginsights.com/" "Mozilla/5.0 (Macintosh; U; Intel Mac OS X 10.6; de; rv:1.9.2.10) Gecko/20100914 Firefox/3.6.10"
194.64.20.21 - - [18/May/2011:00:24:33 -0700] "GET /rw_common/themes/simple/print.css HTTP/1.0" 200 3818 "http://www.handwritinginsights.com/" "Mozilla/5.0 (Macintosh; U; Intel Mac OS X 10.6; de; rv:1.9.2.10) Gecko/20100914 Firefox/3.6.10"
82.212.71.98 - - [18/May/2011:00:24:34 -0700] "GET /index_files/page0_2.jpg HTTP/1.1" 200 64940 "http://www.handwritinginsights.com/" "Mozilla/4.0 (compatible; MSIE 8.0; Windows NT 5.1; Trident/4.0; MS-RTC LM 8; .NET CLR 2.0.50727; .NET CLR 3.0.4506.2152; .NET CLR 3.5.30729)"
194.64.20.21 - - [18/May/2011:00:24:34 -0700] "GET /rw_common/themes/simple/images/button_down.png HTTP/1.0" 200 196 "http://www.handwritinginsights.com/rw_common/themes/simple/styles.css" "Mozilla/5.0 (Macintosh; U; Intel Mac OS X 10.6; de; rv:1.9.2.10) Gecko/20100914 Firefox/3.6.10"
82.212.71.98 - - [18/May/2011:00:24:34 -0700] "GET /rw_common/themes/simple/images/header_bg.png HTTP/1.1" 200 155 "http://www.handwritinginsights.com/" "Mozilla/4.0 (compatible; MSIE 8.0; Windows NT 5.1; Trident/4.0; MS-RTC LM 8; .NET CLR 2.0.50727; .NET CLR 3.0.4506.2152; .NET CLR 3.5.30729)"
194.64.20.21 - - [18/May/2011:00:24:34 -0700] "GET /index_files/page0_2.jpg HTTP/1.0" 200 64940 "http://www.handwritinginsights.com/" "Mozilla/5.0 (Macintosh; U; Intel Mac OS X 10.6; de; rv:1.9.2.10) Gecko/20100914 Firefox/3.6.10"
194.64.20.21 - - [18/May/2011:00:24:34 -0700] "GET /rw_common/themes/simple/handheld.css HTTP/1.0" 200 6005 "http://www.handwritinginsights.com/" "Mozilla/5.0 (Macintosh; U; Intel Mac OS X 10.6; de; rv:1.9.2.10) Gecko/20100914 Firefox/3.6.10"
82.212.71.98 - - [18/May/2011:00:24:34 -0700] "GET /index_files/page0_1.jpg HTTP/1.1" 200 10960 "http://www.handwritinginsights.com/" "Mozilla/4.0 (compatible; MSIE 8.0; Windows NT 5.1; Trident/4.0; MS-RTC LM 8; .NET CLR 2.0.50727; .NET CLR 3.0.4506.2152; .NET CLR 3.5.30729)"
194.64.20.21 - - [18/May/2011:00:24:34 -0700] "GET /rw_common/themes/simple/images/header_bg.png HTTP/1.0" 200 155 "http://www.handwritinginsights.com/rw_common/themes/simple/styles.css" "Mozilla/5.0 (Macintosh; U; Intel Mac OS X 10.6; de; rv:1.9.2.10) Gecko/20100914 Firefox/3.6.10"
194.64.20.21 - - [18/May/2011:00:24:34 -0700] "GET /index_files/page0_7.jpg HTTP/1.0" 200 51695 "http://www.handwritinginsights.com/" "Mozilla/5.0 (Macintosh; U; Intel Mac OS X 10.6; de; rv:1.9.2.10) Gecko/20100914 Firefox/3.6.10"
194.64.20.21 - - [18/May/2011:00:24:34 -0700] "GET /rw_common/themes/simple/images/button_normal.png HTTP/1.0" 200 192 "http://www.handwritinginsights.com/rw_common/themes/simple/styles.css" "Mozilla/5.0 (Macintosh; U; Intel Mac OS X 10.6; de; rv:1.9.2.10) Gecko/20100914 Firefox/3.6.10"
194.64.20.21 - - [18/May/2011:00:24:34 -0700] "GET /index_files/page0_3.jpg HTTP/1.0" 200 93261 "http://www.handwritinginsights.com/" "Mozilla/5.0 (Macintosh; U; Intel Mac OS X 10.6; de; rv:1.9.2.10) Gecko/20100914 Firefox/3.6.10"
194.64.20.21 - - [18/May/2011:00:24:34 -0700] "GET /index_files/page0_4.jpg HTTP/1.0" 200 100463 "http://www.handwritinginsights.com/" "Mozilla/5.0 (Macintosh; U; Intel Mac OS X 10.6; de; rv:1.9.2.10) Gecko/20100914 Firefox/3.6.10"
194.64.20.21 - - [18/May/2011:00:24:34 -0700] "GET /index_files/page0_5.jpg HTTP/1.0" 200 108875 "http://www.handwritinginsights.com/" "Mozilla/5.0 (Macintosh; U; Intel Mac OS X 10.6; de; rv:1.9.2.10) Gecko/20100914 Firefox/3.6.10"
82.212.71.98 - - [18/May/2011:00:24:34 -0700] "GET /rw_common/images/Untitled-2.jpg HTTP/1.1" 200 32135 "http://www.handwritinginsights.com/" "Mozilla/4.0 (compatible; MSIE 8.0; Windows NT 5.1; Trident/4.0; MS-RTC LM 8; .NET CLR 2.0.50727; .NET CLR 3.0.4506.2152; .NET CLR 3.5.30729)"
194.64.20.21 - - [18/May/2011:00:24:34 -0700] "GET /index_files/page0_1.jpg HTTP/1.0" 200 10960 "http://www.handwritinginsights.com/" "Mozilla/5.0 (Macintosh; U; Intel Mac OS X 10.6; de; rv:1.9.2.10) Gecko/20100914 Firefox/3.6.10"
194.64.20.21 - - [18/May/2011:00:24:35 -0700] "GET /index_files/page0_6.jpg HTTP/1.0" 200 243962 "http://www.handwritinginsights.com/" "Mozilla/5.0 (Macintosh; U; Intel Mac OS X 10.6; de; rv:1.9.2.10) Gecko/20100914 Firefox/3.6.10"
82.212.71.98 - - [18/May/2011:00:24:36 -0700] "GET /rw_common/themes/simple/images/button_down.png HTTP/1.1" 200 196 "http://www.handwritinginsights.com/" "Mozilla/4.0 (compatible; MSIE 8.0; Windows NT 5.1; Trident/4.0; MS-RTC LM 8; .NET CLR 2.0.50727; .NET CLR 3.0.4506.2152; .NET CLR 3.5.30729)"
82.212.71.98 - - [18/May/2011:00:24:37 -0700] "GET /index_files/page0_4.jpg HTTP/1.1" 200 100463 "http://www.handwritinginsights.com/" "Mozilla/4.0 (compatible; MSIE 8.0; Windows NT 5.1; Trident/4.0; MS-RTC LM 8; .NET CLR 2.0.50727; .NET CLR 3.0.4506.2152; .NET CLR 3.5.30729)"
82.212.71.98 - - [18/May/2011:00:24:37 -0700] "GET /index_files/page0_5.jpg HTTP/1.1" 200 108875 "http://www.handwritinginsights.com/" "Mozilla/4.0 (compatible; MSIE 8.0; Windows NT 5.1; Trident/4.0; MS-RTC LM 8; .NET CLR 2.0.50727; .NET CLR 3.0.4506.2152; .NET CLR 3.5.30729)"
82.212.71.98 - - [18/May/2011:00:24:38 -0700] "GET /rw_common/themes/simple/images/button_normal.png HTTP/1.1" 200 192 "http://www.handwritinginsights.com/" "Mozilla/4.0 (compatible; MSIE 8.0; Windows NT 5.1; Trident/4.0; MS-RTC LM 8; .NET CLR 2.0.50727; .NET CLR 3.0.4506.2152; .NET CLR 3.5.30729)"
82.212.71.98 - - [18/May/2011:00:24:39 -0700] "GET /index_files/page0_7.jpg HTTP/1.1" 200 51695 "http://www.handwritinginsights.com/" "Mozilla/4.0 (compatible; MSIE 8.0; Windows NT 5.1; Trident/4.0; MS-RTC LM 8; .NET CLR 2.0.50727; .NET CLR 3.0.4506.2152; .NET CLR 3.5.30729)"
82.212.71.98 - - [18/May/2011:00:24:40 -0700] "GET /index_files/page0_3.jpg HTTP/1.1" 200 93261 "http://www.handwritinginsights.com/" "Mozilla/4.0 (compatible; MSIE 8.0; Windows NT 5.1; Trident/4.0; MS-RTC LM 8; .NET CLR 2.0.50727; .NET CLR 3.0.4506.2152; .NET CLR 3.5.30729)"
194.64.20.21 - - [18/May/2011:00:24:40 -0700] "GET /favicon.ico HTTP/1.0" 404 205 "-" "Mozilla/5.0 (Macintosh; U; Intel Mac OS X 10.6; de; rv:1.9.2.10) Gecko/20100914 Firefox/3.6.10"
82.212.71.98 - - [18/May/2011:00:24:47 -0700] "GET /index_files/page0_6.jpg HTTP/1.1" 200 243962 "http://www.handwritinginsights.com/" "Mozilla/4.0 (compatible; MSIE 8.0; Windows NT 5.1; Trident/4.0; MS-RTC LM 8; .NET CLR 2.0.50727; .NET CLR 3.0.4506.2152; .NET CLR 3.5.30729)"
82.212.71.98 - - [18/May/2011:00:24:50 -0700] "GET /favicon.ico HTTP/1.1" 404 217 "-" "Mozilla/4.0 (compatible; MSIE 8.0; Windows NT 5.1; Trident/4.0; MS-RTC LM 8; .NET CLR 2.0.50727; .NET CLR 3.0.4506.2152; .NET CLR 3.5.30729)"
82.212.71.98 - - [18/May/2011:00:26:21 -0700] "GET /lesson.html HTTP/1.1" 200 48485 "http://www.handwritinginsights.com/" "Mozilla/4.0 (compatible; MSIE 8.0; Windows NT 5.1; Trident/4.0; MS-RTC LM 8; .NET CLR 2.0.50727; .NET CLR 3.0.4506.2152; .NET CLR 3.5.30729)"
82.212.71.98 - - [18/May/2011:00:26:24 -0700] "GET /lesson_files/page5_5.jpg HTTP/1.1" 200 39256 "http://www.handwritinginsights.com/lesson.html" "Mozilla/4.0 (compatible; MSIE 8.0; Windows NT 5.1; Trident/4.0; MS-RTC LM 8; .NET CLR 2.0.50727; .NET CLR 3.0.4506.2152; .NET CLR 3.5.30729)"
82.212.71.98 - - [18/May/2011:00:26:24 -0700] "GET /lesson_files/page5_3.jpg HTTP/1.1" 200 29890 "http://www.handwritinginsights.com/lesson.html" "Mozilla/4.0 (compatible; MSIE 8.0; Windows NT 5.1; Trident/4.0; MS-RTC LM 8; .NET CLR 2.0.50727; .NET CLR 3.0.4506.2152; .NET CLR 3.5.30729)"
82.212.71.98 - - [18/May/2011:00:26:25 -0700] "GET /lesson_files/page5_4.jpg HTTP/1.1" 200 106714 "http://www.handwritinginsights.com/lesson.html" "Mozilla/4.0 (compatible; MSIE 8.0; Windows NT 5.1; Trident/4.0; MS-RTC LM 8; .NET CLR 2.0.50727; .NET CLR 3.0.4506.2152; .NET CLR 3.5.30729)"
82.212.71.98 - - [18/May/2011:00:26:25 -0700] "GET /lesson_files/page5_6.jpg HTTP/1.1" 200 114115 "http://www.handwritinginsights.com/lesson.html" "Mozilla/4.0 (compatible; MSIE 8.0; Windows NT 5.1; Trident/4.0; MS-RTC LM 8; .NET CLR 2.0.50727; .NET CLR 3.0.4506.2152; .NET CLR 3.5.30729)"
82.212.71.98 - - [18/May/2011:00:26:25 -0700] "GET /lesson_files/page5_1.jpg HTTP/1.1" 200 27598 "http://www.handwritinginsights.com/lesson.html" "Mozilla/4.0 (compatible; MSIE 8.0; Windows NT 5.1; Trident/4.0; MS-RTC LM 8; .NET CLR 2.0.50727; .NET CLR 3.0.4506.2152; .NET CLR 3.5.30729)"
82.212.71.98 - - [18/May/2011:00:26:26 -0700] "GET /lesson_files/page5_2.jpg HTTP/1.1" 200 100885 "http://www.handwritinginsights.com/lesson.html" "Mozilla/4.0 (compatible; MSIE 8.0; Windows NT 5.1; Trident/4.0; MS-RTC LM 8; .NET CLR 2.0.50727; .NET CLR 3.0.4506.2152; .NET CLR 3.5.30729)"
82.212.71.98 - - [18/May/2011:00:26:27 -0700] "GET /lesson_files/page5_8.jpg HTTP/1.1" 200 47824 "http://www.handwritinginsights.com/lesson.html" "Mozilla/4.0 (compatible; MSIE 8.0; Windows NT 5.1; Trident/4.0; MS-RTC LM 8; .NET CLR 2.0.50727; .NET CLR 3.0.4506.2152; .NET CLR 3.5.30729)"
82.212.71.98 - - [18/May/2011:00:26:27 -0700] "GET /lesson_files/page5_7.jpg HTTP/1.1" 200 44580 "http://www.handwritinginsights.com/lesson.html" "Mozilla/4.0 (compatible; MSIE 8.0; Windows NT 5.1; Trident/4.0; MS-RTC LM 8; .NET CLR 2.0.50727; .NET CLR 3.0.4506.2152; .NET CLR 3.5.30729)"
82.212.71.98 - - [18/May/2011:00:26:29 -0700] "GET /lesson_files/page5_9.jpg HTTP/1.1" 200 164364 "http://www.handwritinginsights.com/lesson.html" "Mozilla/4.0 (compatible; MSIE 8.0; Windows NT 5.1; Trident/4.0; MS-RTC LM 8; .NET CLR 2.0.50727; .NET CLR 3.0.4506.2152; .NET CLR 3.5.30729)"
82.212.71.98 - - [18/May/2011:00:26:29 -0700] "GET /lesson_files/page5_10.jpg HTTP/1.1" 200 51695 "http://www.handwritinginsights.com/lesson.html" "Mozilla/4.0 (compatible; MSIE 8.0; Windows NT 5.1; Trident/4.0; MS-RTC LM 8; .NET CLR 2.0.50727; .NET CLR 3.0.4506.2152; .NET CLR 3.5.30729)"
82.212.71.98 - - [18/May/2011:00:26:40 -0700] "GET /favicon.ico HTTP/1.1" 404 217 "-" "Mozilla/4.0 (compatible; MSIE 8.0; Windows NT 5.1; Trident/4.0; MS-RTC LM 8; .NET CLR 2.0.50727; .NET CLR 3.0.4506.2152; .NET CLR 3.5.30729)"
76.102.246.28 - - [18/May/2011:00:27:15 -0700] "GET /rw_common/themes/simple/css/width/width_1000.css HTTP/1.1" 200 30 "-" "Mozilla/5.0 (Windows; U; Windows NT 6.1; en-US; rv:1.9.2.17) Gecko/20110420 Firefox/3.6.17"
76.102.246.28 - - [18/May/2011:00:27:15 -0700] "GET /rw_common/themes/simple/css/sidebar/sidebar_left.css HTTP/1.1" 200 99 "-" "Mozilla/5.0 (Windows; U; Windows NT 6.1; en-US; rv:1.9.2.17) Gecko/20110420 Firefox/3.6.17"
76.102.246.28 - - [18/May/2011:00:27:15 -0700] "GET /rw_common/themes/simple/css/styles/soft_pink.css HTTP/1.1" 200 276 "-" "Mozilla/5.0 (Windows; U; Windows NT 6.1; en-US; rv:1.9.2.17) Gecko/20110420 Firefox/3.6.17"
76.102.246.28 - - [18/May/2011:00:27:15 -0700] "GET /rw_common/themes/simple/handheld.css HTTP/1.1" 200 6005 "-" "Mozilla/5.0 (Windows; U; Windows NT 6.1; en-US; rv:1.9.2.17) Gecko/20110420 Firefox/3.6.17"
76.102.246.28 - - [18/May/2011:00:27:15 -0700] "GET /rw_common/images/Untitled-2.jpg HTTP/1.1" 200 32135 "-" "Mozilla/5.0 (Windows; U; Windows NT 6.1; en-US; rv:1.9.2.17) Gecko/20110420 Firefox/3.6.17"
76.102.246.28 - - [18/May/2011:00:27:15 -0700] "GET /printing.html HTTP/1.1" 200 21033 "http://www.google.com/url?sa=t&source=web&cd=2&ved=0CCMQFjAB&url=http%3A%2F%2Fwww.handwritinginsights.com%2Fprinting.html&rct=j&q=artistic%20combination%20of%20letters&ei=znTTTd6mLILmsQO0otyiCQ&usg=AFQjCNGnx-0LPqGARvHjOnRH-jqZIB0oYQ" "Mozilla/5.0 (Windows; U; Windows NT 6.1; en-US; rv:1.9.2.17) Gecko/20110420 Firefox/3.6.17"
76.102.246.28 - - [18/May/2011:00:27:15 -0700] "GET /rw_common/themes/simple/styles.css HTTP/1.1" 200 13520 "-" "Mozilla/5.0 (Windows; U; Windows NT 6.1; en-US; rv:1.9.2.17) Gecko/20110420 Firefox/3.6.17"
76.102.246.28 - - [18/May/2011:00:27:15 -0700] "GET /rw_common/themes/simple/javascript.js HTTP/1.1" 200 14608 "-" "Mozilla/5.0 (Windows; U; Windows NT 6.1; en-US; rv:1.9.2.17) Gecko/20110420 Firefox/3.6.17"
76.102.246.28 - - [18/May/2011:00:27:16 -0700] "GET /printing_files/page31_2.jpg HTTP/1.1" 200 15339 "-" "Mozilla/5.0 (Windows; U; Windows NT 6.1; en-US; rv:1.9.2.17) Gecko/20110420 Firefox/3.6.17"
76.102.246.28 - - [18/May/2011:00:27:16 -0700] "GET /printing_files/page31_5.jpg HTTP/1.1" 200 51695 "-" "Mozilla/5.0 (Windows; U; Windows NT 6.1; en-US; rv:1.9.2.17) Gecko/20110420 Firefox/3.6.17"
76.102.246.28 - - [18/May/2011:00:27:16 -0700] "GET /rw_common/themes/simple/print.css HTTP/1.1" 200 3818 "-" "Mozilla/5.0 (Windows; U; Windows NT 6.1; en-US; rv:1.9.2.17) Gecko/20110420 Firefox/3.6.17"
76.102.246.28 - - [18/May/2011:00:27:16 -0700] "GET /rw_common/themes/simple/images/button_normal.png HTTP/1.1" 200 192 "-" "Mozilla/5.0 (Windows; U; Windows NT 6.1; en-US; rv:1.9.2.17) Gecko/20110420 Firefox/3.6.17"
76.102.246.28 - - [18/May/2011:00:27:16 -0700] "GET /printing_files/page31_3.jpg HTTP/1.1" 200 22010 "-" "Mozilla/5.0 (Windows; U; Windows NT 6.1; en-US; rv:1.9.2.17) Gecko/20110420 Firefox/3.6.17"
76.102.246.28 - - [18/May/2011:00:27:16 -0700] "GET /printing_files/page31_4.jpg HTTP/1.1" 200 45122 "-" "Mozilla/5.0 (Windows; U; Windows NT 6.1; en-US; rv:1.9.2.17) Gecko/20110420 Firefox/3.6.17"
76.102.246.28 - - [18/May/2011:00:27:16 -0700] "GET /rw_common/themes/simple/images/button_down.png HTTP/1.1" 200 196 "-" "Mozilla/5.0 (Windows; U; Windows NT 6.1; en-US; rv:1.9.2.17) Gecko/20110420 Firefox/3.6.17"
76.102.246.28 - - [18/May/2011:00:27:16 -0700] "GET /printing_files/page31_1.jpg HTTP/1.1" 200 16202 "-" "Mozilla/5.0 (Windows; U; Windows NT 6.1; en-US; rv:1.9.2.17) Gecko/20110420 Firefox/3.6.17"
76.102.246.28 - - [18/May/2011:00:27:17 -0700] "GET /favicon.ico HTTP/1.1" 404 217 "-" "Mozilla/5.0 (Windows; U; Windows NT 6.1; en-US; rv:1.9.2.17) Gecko/20110420 Firefox/3.6.17"
76.102.246.28 - - [18/May/2011:00:27:17 -0700] "GET /favicon.ico HTTP/1.1" 404 217 "-" "Mozilla/5.0 (Windows; U; Windows NT 6.1; en-US; rv:1.9.2.17) Gecko/20110420 Firefox/3.6.17"
76.102.246.28 - - [18/May/2011:00:27:17 -0700] "GET /rw_common/themes/simple/images/header_bg.png HTTP/1.1" 200 155 "-" "Mozilla/5.0 (Windows; U; Windows NT 6.1; en-US; rv:1.9.2.17) Gecko/20110420 Firefox/3.6.17"
76.78.108.190 - - [18/May/2011:00:27:18 -0700] "GET /terms.html HTTP/1.1" 200 56478 "http://www.google.com/url?sa=t&source=web&cd=2&ved=0CCgQFjAB&url=http%3A%2F%2Fwww.handwritinginsights.com%2Fterms.html&rct=j&q=handwriting%20analysis%20letter%20a&ei=y3TTTaOhFYKcsQOPvLGVCQ&usg=AFQjCNFxdksLntiV5NRWVdfE5t7fWrlynQ" "Mozilla/5.0 (Macintosh; Intel Mac OS X 10_6_7) AppleWebKit/534.24 (KHTML, like Gecko) Chrome/11.0.696.68 Safari/534.24"
76.78.108.190 - - [18/May/2011:00:27:18 -0700] "GET /rw_common/themes/simple/css/styles/vibrant_pink.css HTTP/1.1" 200 276 "http://www.handwritinginsights.com/terms.html" "Mozilla/5.0 (Macintosh; Intel Mac OS X 10_6_7) AppleWebKit/534.24 (KHTML, like Gecko) Chrome/11.0.696.68 Safari/534.24"
76.78.108.190 - - [18/May/2011:00:27:18 -0700] "GET /rw_common/themes/simple/javascript.js HTTP/1.1" 200 14608 "http://www.handwritinginsights.com/terms.html" "Mozilla/5.0 (Macintosh; Intel Mac OS X 10_6_7) AppleWebKit/534.24 (KHTML, like Gecko) Chrome/11.0.696.68 Safari/534.24"
76.78.108.190 - - [18/May/2011:00:27:18 -0700] "GET /rw_common/themes/simple/css/sidebar/sidebar_left.css HTTP/1.1" 200 99 "http://www.handwritinginsights.com/terms.html" "Mozilla/5.0 (Macintosh; Intel Mac OS X 10_6_7) AppleWebKit/534.24 (KHTML, like Gecko) Chrome/11.0.696.68 Safari/534.24"
76.78.108.190 - - [18/May/2011:00:27:18 -0700] "GET /rw_common/themes/simple/handheld.css HTTP/1.1" 200 6005 "http://www.handwritinginsights.com/terms.html" "Mozilla/5.0 (Macintosh; Intel Mac OS X 10_6_7) AppleWebKit/534.24 (KHTML, like Gecko) Chrome/11.0.696.68 Safari/534.24"
76.78.108.190 - - [18/May/2011:00:27:18 -0700] "GET /rw_common/themes/simple/styles.css HTTP/1.1" 200 13520 "http://www.handwritinginsights.com/terms.html" "Mozilla/5.0 (Macintosh; Intel Mac OS X 10_6_7) AppleWebKit/534.24 (KHTML, like Gecko) Chrome/11.0.696.68 Safari/534.24"
76.78.108.190 - - [18/May/2011:00:27:18 -0700] "GET /rw_common/themes/simple/print.css HTTP/1.1" 200 3818 "http://www.handwritinginsights.com/terms.html" "Mozilla/5.0 (Macintosh; Intel Mac OS X 10_6_7) AppleWebKit/534.24 (KHTML, like Gecko) Chrome/11.0.696.68 Safari/534.24"
76.78.108.190 - - [18/May/2011:00:27:19 -0700] "GET /rw_common/themes/simple/css/width/width_1000.css HTTP/1.1" 200 30 "http://www.handwritinginsights.com/terms.html" "Mozilla/5.0 (Macintosh; Intel Mac OS X 10_6_7) AppleWebKit/534.24 (KHTML, like Gecko) Chrome/11.0.696.68 Safari/534.24"
76.102.246.28 - - [18/May/2011:00:27:20 -0700] "GET /favicon.ico HTTP/1.1" 404 217 "-" "Mozilla/5.0 (Windows; U; Windows NT 6.1; en-US; rv:1.9.2.17) Gecko/20110420 Firefox/3.6.17"
76.78.108.190 - - [18/May/2011:00:27:23 -0700] "GET /terms_files/page30_4.jpg HTTP/1.1" 200 27381 "http://www.handwritinginsights.com/terms.html" "Mozilla/5.0 (Macintosh; Intel Mac OS X 10_6_7) AppleWebKit/534.24 (KHTML, like Gecko) Chrome/11.0.696.68 Safari/534.24"
76.78.108.190 - - [18/May/2011:00:27:23 -0700] "GET /terms_files/page30_3.jpg HTTP/1.1" 200 12888 "http://www.handwritinginsights.com/terms.html" "Mozilla/5.0 (Macintosh; Intel Mac OS X 10_6_7) AppleWebKit/534.24 (KHTML, like Gecko) Chrome/11.0.696.68 Safari/534.24"
76.78.108.190 - - [18/May/2011:00:27:23 -0700] "GET /terms_files/page30_5.jpg HTTP/1.1" 200 27287 "http://www.handwritinginsights.com/terms.html" "Mozilla/5.0 (Macintosh; Intel Mac OS X 10_6_7) AppleWebKit/534.24 (KHTML, like Gecko) Chrome/11.0.696.68 Safari/534.24"
76.78.108.190 - - [18/May/2011:00:27:23 -0700] "GET /terms_files/page30_6.jpg HTTP/1.1" 200 34734 "http://www.handwritinginsights.com/terms.html" "Mozilla/5.0 (Macintosh; Intel Mac OS X 10_6_7) AppleWebKit/534.24 (KHTML, like Gecko) Chrome/11.0.696.68 Safari/534.24"
76.78.108.190 - - [18/May/2011:00:27:23 -0700] "GET /rw_common/themes/simple/images/button_normal.png HTTP/1.1" 200 192 "http://www.handwritinginsights.com/terms.html" "Mozilla/5.0 (Macintosh; Intel Mac OS X 10_6_7) AppleWebKit/534.24 (KHTML, like Gecko) Chrome/11.0.696.68 Safari/534.24"
76.78.108.190 - - [18/May/2011:00:27:23 -0700] "GET /terms_files/page30_2.jpg HTTP/1.1" 200 24456 "http://www.handwritinginsights.com/terms.html" "Mozilla/5.0 (Macintosh; Intel Mac OS X 10_6_7) AppleWebKit/534.24 (KHTML, like Gecko) Chrome/11.0.696.68 Safari/534.24"
76.78.108.190 - - [18/May/2011:00:27:23 -0700] "GET /rw_common/images/Untitled-2.jpg HTTP/1.1" 200 32135 "http://www.handwritinginsights.com/terms.html" "Mozilla/5.0 (Macintosh; Intel Mac OS X 10_6_7) AppleWebKit/534.24 (KHTML, like Gecko) Chrome/11.0.696.68 Safari/534.24"
76.78.108.190 - - [18/May/2011:00:27:23 -0700] "GET /rw_common/themes/simple/images/button_down.png HTTP/1.1" 200 196 "http://www.handwritinginsights.com/terms.html" "Mozilla/5.0 (Macintosh; Intel Mac OS X 10_6_7) AppleWebKit/534.24 (KHTML, like Gecko) Chrome/11.0.696.68 Safari/534.24"
76.78.108.190 - - [18/May/2011:00:27:23 -0700] "GET /rw_common/themes/simple/images/header_bg.png HTTP/1.1" 200 155 "http://www.handwritinginsights.com/terms.html" "Mozilla/5.0 (Macintosh; Intel Mac OS X 10_6_7) AppleWebKit/534.24 (KHTML, like Gecko) Chrome/11.0.696.68 Safari/534.24"
76.78.108.190 - - [18/May/2011:00:27:23 -0700] "GET /terms_files/page30_1.jpg HTTP/1.1" 200 32587 "http://www.handwritinginsights.com/terms.html" "Mozilla/5.0 (Macintosh; Intel Mac OS X 10_6_7) AppleWebKit/534.24 (KHTML, like Gecko) Chrome/11.0.696.68 Safari/534.24"
76.78.108.190 - - [18/May/2011:00:27:24 -0700] "GET /terms_files/page30_9.jpg HTTP/1.1" 200 29023 "http://www.handwritinginsights.com/terms.html" "Mozilla/5.0 (Macintosh; Intel Mac OS X 10_6_7) AppleWebKit/534.24 (KHTML, like Gecko) Chrome/11.0.696.68 Safari/534.24"
76.78.108.190 - - [18/May/2011:00:27:24 -0700] "GET /terms_files/page30_7.jpg HTTP/1.1" 200 23299 "http://www.handwritinginsights.com/terms.html" "Mozilla/5.0 (Macintosh; Intel Mac OS X 10_6_7) AppleWebKit/534.24 (KHTML, like Gecko) Chrome/11.0.696.68 Safari/534.24"
76.78.108.190 - - [18/May/2011:00:27:24 -0700] "GET /terms_files/page30_8.jpg HTTP/1.1" 200 25115 "http://www.handwritinginsights.com/terms.html" "Mozilla/5.0 (Macintosh; Intel Mac OS X 10_6_7) AppleWebKit/534.24 (KHTML, like Gecko) Chrome/11.0.696.68 Safari/534.24"
76.78.108.190 - - [18/May/2011:00:27:24 -0700] "GET /terms_files/page30_11.jpg HTTP/1.1" 200 30201 "http://www.handwritinginsights.com/terms.html" "Mozilla/5.0 (Macintosh; Intel Mac OS X 10_6_7) AppleWebKit/534.24 (KHTML, like Gecko) Chrome/11.0.696.68 Safari/534.24"
76.78.108.190 - - [18/May/2011:00:27:24 -0700] "GET /terms_files/page30_10.jpg HTTP/1.1" 200 28497 "http://www.handwritinginsights.com/terms.html" "Mozilla/5.0 (Macintosh; Intel Mac OS X 10_6_7) AppleWebKit/534.24 (KHTML, like Gecko) Chrome/11.0.696.68 Safari/534.24"
76.78.108.190 - - [18/May/2011:00:27:25 -0700] "GET /terms_files/page30_12.jpg HTTP/1.1" 200 26014 "http://www.handwritinginsights.com/terms.html" "Mozilla/5.0 (Macintosh; Intel Mac OS X 10_6_7) AppleWebKit/534.24 (KHTML, like Gecko) Chrome/11.0.696.68 Safari/534.24"
76.78.108.190 - - [18/May/2011:00:27:25 -0700] "GET /terms_files/page30_14.jpg HTTP/1.1" 200 10824 "http://www.handwritinginsights.com/terms.html" "Mozilla/5.0 (Macintosh; Intel Mac OS X 10_6_7) AppleWebKit/534.24 (KHTML, like Gecko) Chrome/11.0.696.68 Safari/534.24"
76.78.108.190 - - [18/May/2011:00:27:25 -0700] "GET /terms_files/page30_16.jpg HTTP/1.1" 200 4385 "http://www.handwritinginsights.com/terms.html" "Mozilla/5.0 (Macintosh; Intel Mac OS X 10_6_7) AppleWebKit/534.24 (KHTML, like Gecko) Chrome/11.0.696.68 Safari/534.24"
76.78.108.190 - - [18/May/2011:00:27:25 -0700] "GET /terms_files/page30_17.jpg HTTP/1.1" 200 9667 "http://www.handwritinginsights.com/terms.html" "Mozilla/5.0 (Macintosh; Intel Mac OS X 10_6_7) AppleWebKit/534.24 (KHTML, like Gecko) Chrome/11.0.696.68 Safari/534.24"
76.78.108.190 - - [18/May/2011:00:27:25 -0700] "GET /terms_files/page30_13.jpg HTTP/1.1" 200 19475 "http://www.handwritinginsights.com/terms.html" "Mozilla/5.0 (Macintosh; Intel Mac OS X 10_6_7) AppleWebKit/534.24 (KHTML, like Gecko) Chrome/11.0.696.68 Safari/534.24"
76.78.108.190 - - [18/May/2011:00:27:25 -0700] "GET /terms_files/page30_15.jpg HTTP/1.1" 200 14472 "http://www.handwritinginsights.com/terms.html" "Mozilla/5.0 (Macintosh; Intel Mac OS X 10_6_7) AppleWebKit/534.24 (KHTML, like Gecko) Chrome/11.0.696.68 Safari/534.24"
76.78.108.190 - - [18/May/2011:00:27:25 -0700] "GET /terms_files/page30_18.jpg HTTP/1.1" 200 11137 "http://www.handwritinginsights.com/terms.html" "Mozilla/5.0 (Macintosh; Intel Mac OS X 10_6_7) AppleWebKit/534.24 (KHTML, like Gecko) Chrome/11.0.696.68 Safari/534.24"
76.78.108.190 - - [18/May/2011:00:27:26 -0700] "GET /terms_files/page30_23.jpg HTTP/1.1" 200 14271 "http://www.handwritinginsights.com/terms.html" "Mozilla/5.0 (Macintosh; Intel Mac OS X 10_6_7) AppleWebKit/534.24 (KHTML, like Gecko) Chrome/11.0.696.68 Safari/534.24"
76.78.108.190 - - [18/May/2011:00:27:26 -0700] "GET /terms_files/page30_21.jpg HTTP/1.1" 200 5810 "http://www.handwritinginsights.com/terms.html" "Mozilla/5.0 (Macintosh; Intel Mac OS X 10_6_7) AppleWebKit/534.24 (KHTML, like Gecko) Chrome/11.0.696.68 Safari/534.24"
76.78.108.190 - - [18/May/2011:00:27:26 -0700] "GET /terms_files/page30_22.jpg HTTP/1.1" 200 5714 "http://www.handwritinginsights.com/terms.html" "Mozilla/5.0 (Macintosh; Intel Mac OS X 10_6_7) AppleWebKit/534.24 (KHTML, like Gecko) Chrome/11.0.696.68 Safari/534.24"
76.78.108.190 - - [18/May/2011:00:27:26 -0700] "GET /terms_files/page30_20.jpg HTTP/1.1" 200 7134 "http://www.handwritinginsights.com/terms.html" "Mozilla/5.0 (Macintosh; Intel Mac OS X 10_6_7) AppleWebKit/534.24 (KHTML, like Gecko) Chrome/11.0.696.68 Safari/534.24"
