69.76.184.93 - - [23/May/2011:02:11:59 -0700] "GET /rw_common/themes/simple/css/width/width_1000.css HTTP/1.1" 200 30 "http://www.handwritinginsights.com/" "Mozilla/5.0 (iPod; U; CPU iPhone OS 4_0 like Mac OS X; en-us) AppleWebKit/532.9 (KHTML, like Gecko) Version/4.0.5 Mobile/8A293 Safari/6531.22.7"
165.233.51.238 - - [23/May/2011:02:12:00 -0700] "GET /lesson_files/page5_9.jpg HTTP/1.1" 200 164364 "http://www.handwritinginsights.com/lesson.html" "Mozilla/5.0 (Windows NT 5.1) AppleWebKit/534.24 (KHTML, like Gecko) Chrome/11.0.696.68 Safari/534.24"
69.76.184.93 - - [23/May/2011:02:12:00 -0700] "GET /rw_common/themes/simple/css/sidebar/sidebar_left.css HTTP/1.1" 200 99 "http://www.handwritinginsights.com/" "Mozilla/5.0 (iPod; U; CPU iPhone OS 4_0 like Mac OS X; en-us) AppleWebKit/532.9 (KHTML, like Gecko) Version/4.0.5 Mobile/8A293 Safari/6531.22.7"
69.76.184.93 - - [23/May/2011:02:12:00 -0700] "GET /rw_common/themes/simple/css/styles/vibrant_pink.css HTTP/1.1" 200 276 "http://www.handwritinginsights.com/" "Mozilla/5.0 (iPod; U; CPU iPhone OS 4_0 like Mac OS X; en-us) AppleWebKit/532.9 (KHTML, like Gecko) Version/4.0.5 Mobile/8A293 Safari/6531.22.7"
69.76.184.93 - - [23/May/2011:02:12:00 -0700] "GET /rw_common/themes/simple/javascript.js HTTP/1.1" 200 14608 "http://www.handwritinginsights.com/" "Mozilla/5.0 (iPod; U; CPU iPhone OS 4_0 like Mac OS X; en-us) AppleWebKit/532.9 (KHTML, like Gecko) Version/4.0.5 Mobile/8A293 Safari/6531.22.7"
69.76.184.93 - - [23/May/2011:02:12:01 -0700] "GET /rw_common/themes/simple/images/header_bg.png HTTP/1.1" 200 155 "http://www.handwritinginsights.com/" "Mozilla/5.0 (iPod; U; CPU iPhone OS 4_0 like Mac OS X; en-us) AppleWebKit/532.9 (KHTML, like Gecko) Version/4.0.5 Mobile/8A293 Safari/6531.22.7"
69.76.184.93 - - [23/May/2011:02:12:01 -0700] "GET /rw_common/images/Untitled-2.jpg HTTP/1.1" 200 32135 "http://www.handwritinginsights.com/" "Mozilla/5.0 (iPod; U; CPU iPhone OS 4_0 like Mac OS X; en-us) AppleWebKit/532.9 (KHTML, like Gecko) Version/4.0.5 Mobile/8A293 Safari/6531.22.7"
69.76.184.93 - - [23/May/2011:02:12:01 -0700] "GET /rw_common/themes/simple/images/button_normal.png HTTP/1.1" 200 192 "http://www.handwritinginsights.com/" "Mozilla/5.0 (iPod; U; CPU iPhone OS 4_0 like Mac OS X; en-us) AppleWebKit/532.9 (KHTML, like Gecko) Version/4.0.5 Mobile/8A293 Safari/6531.22.7"
69.76.184.93 - - [23/May/2011:02:12:02 -0700] "GET /rw_common/themes/simple/images/button_down.png HTTP/1.1" 200 196 "http://www.handwritinginsights.com/" "Mozilla/5.0 (iPod; U; CPU iPhone OS 4_0 like Mac OS X; en-us) AppleWebKit/532.9 (KHTML, like Gecko) Version/4.0.5 Mobile/8A293 Safari/6531.22.7"
69.76.184.93 - - [23/May/2011:02:12:02 -0700] "GET /index_files/page0_1.jpg HTTP/1.1" 200 10960 "http://www.handwritinginsights.com/" "Mozilla/5.0 (iPod; U; CPU iPhone OS 4_0 like Mac OS X; en-us) AppleWebKit/532.9 (KHTML, like Gecko) Version/4.0.5 Mobile/8A293 Safari/6531.22.7"
165.233.51.238 - - [23/May/2011:02:12:03 -0700] "GET /favicon.ico HTTP/1.1" 404 217 "-" "Mozilla/5.0 (Windows NT 5.1) AppleWebKit/534.24 (KHTML, like Gecko) Chrome/11.0.696.68 Safari/534.24"
69.76.184.93 - - [23/May/2011:02:12:03 -0700] "GET /index_files/page0_5.jpg HTTP/1.1" 200 108875 "http://www.handwritinginsights.com/" "Mozilla/5.0 (iPod; U; CPU iPhone OS 4_0 like Mac OS X; en-us) AppleWebKit/532.9 (KHTML, like Gecko) Version/4.0.5 Mobile/8A293 Safari/6531.22.7"
69.76.184.93 - - [23/May/2011:02:12:03 -0700] "GET /index_files/page0_4.jpg HTTP/1.1" 200 100463 "http://www.handwritinginsights.com/" "Mozilla/5.0 (iPod; U; CPU iPhone OS 4_0 like Mac OS X; en-us) AppleWebKit/532.9 (KHTML, like Gecko) Version/4.0.5 Mobile/8A293 Safari/6531.22.7"
69.76.184.93 - - [23/May/2011:02:12:03 -0700] "GET /index_files/page0_3.jpg HTTP/1.1" 200 93261 "http://www.handwritinginsights.com/" "Mozilla/5.0 (iPod; U; CPU iPhone OS 4_0 like Mac OS X; en-us) AppleWebKit/532.9 (KHTML, like Gecko) Version/4.0.5 Mobile/8A293 Safari/6531.22.7"
69.76.184.93 - - [23/May/2011:02:12:03 -0700] "GET /index_files/page0_2.jpg HTTP/1.1" 200 64940 "http://www.handwritinginsights.com/" "Mozilla/5.0 (iPod; U; CPU iPhone OS 4_0 like Mac OS X; en-us) AppleWebKit/532.9 (KHTML, like Gecko) Version/4.0.5 Mobile/8A293 Safari/6531.22.7"
69.76.184.93 - - [23/May/2011:02:12:04 -0700] "GET /index_files/page0_6.jpg HTTP/1.1" 200 243962 "http://www.handwritinginsights.com/" "Mozilla/5.0 (iPod; U; CPU iPhone OS 4_0 like Mac OS X; en-us) AppleWebKit/532.9 (KHTML, like Gecko) Version/4.0.5 Mobile/8A293 Safari/6531.22.7"
69.76.184.93 - - [23/May/2011:02:12:04 -0700] "GET /index_files/page0_7.jpg HTTP/1.1" 200 51695 "http://www.handwritinginsights.com/" "Mozilla/5.0 (iPod; U; CPU iPhone OS 4_0 like Mac OS X; en-us) AppleWebKit/532.9 (KHTML, like Gecko) Version/4.0.5 Mobile/8A293 Safari/6531.22.7"
86.135.233.147 - - [23/May/2011:02:23:24 -0700] "GET /rw_common/themes/simple/css/sidebar/sidebar_left.css HTTP/1.1" 200 99 "http://www.handwritinginsights.com/" "Mozilla/5.0 (compatible; MSIE 9.0; Windows NT 6.0; Trident/5.0)"
86.135.233.147 - - [23/May/2011:02:23:24 -0700] "GET / HTTP/1.1" 200 32293 "http://www.google.co.uk/search?sourceid=navclient&aq=2&oq=handwriting&ie=UTF-8&rlz=1T4GGHP_enGB415GB415&q=handwriting+analysis" "Mozilla/5.0 (compatible; MSIE 9.0; Windows NT 6.0; Trident/5.0)"
86.135.233.147 - - [23/May/2011:02:23:24 -0700] "GET /rw_common/themes/simple/print.css HTTP/1.1" 200 3818 "http://www.handwritinginsights.com/" "Mozilla/5.0 (compatible; MSIE 9.0; Windows NT 6.0; Trident/5.0)"
86.135.233.147 - - [23/May/2011:02:23:24 -0700] "GET /rw_common/themes/simple/styles.css HTTP/1.1" 200 13520 "http://www.handwritinginsights.com/" "Mozilla/5.0 (compatible; MSIE 9.0; Windows NT 6.0; Trident/5.0)"
86.135.233.147 - - [23/May/2011:02:23:24 -0700] "GET /rw_common/themes/simple/css/width/width_1000.css HTTP/1.1" 200 30 "http://www.handwritinginsights.com/" "Mozilla/5.0 (compatible; MSIE 9.0; Windows NT 6.0; Trident/5.0)"
86.135.233.147 - - [23/May/2011:02:23:24 -0700] "GET /rw_common/themes/simple/handheld.css HTTP/1.1" 200 6005 "http://www.handwritinginsights.com/" "Mozilla/5.0 (compatible; MSIE 9.0; Windows NT 6.0; Trident/5.0)"
86.135.233.147 - - [23/May/2011:02:23:25 -0700] "GET /rw_common/themes/simple/javascript.js HTTP/1.1" 200 14608 "http://www.handwritinginsights.com/" "Mozilla/5.0 (compatible; MSIE 9.0; Windows NT 6.0; Trident/5.0)"
86.135.233.147 - - [23/May/2011:02:23:25 -0700] "GET /rw_common/themes/simple/css/styles/vibrant_pink.css HTTP/1.1" 200 276 "http://www.handwritinginsights.com/" "Mozilla/5.0 (compatible; MSIE 9.0; Windows NT 6.0; Trident/5.0)"
86.135.233.147 - - [23/May/2011:02:23:25 -0700] "GET /index_files/page0_2.jpg HTTP/1.1" 200 64940 "http://www.handwritinginsights.com/" "Mozilla/5.0 (compatible; MSIE 9.0; Windows NT 6.0; Trident/5.0)"
86.135.233.147 - - [23/May/2011:02:23:26 -0700] "GET /rw_common/images/Untitled-2.jpg HTTP/1.1" 200 32135 "http://www.handwritinginsights.com/" "Mozilla/5.0 (compatible; MSIE 9.0; Windows NT 6.0; Trident/5.0)"
86.135.233.147 - - [23/May/2011:02:23:26 -0700] "GET /index_files/page0_5.jpg HTTP/1.1" 200 108875 "http://www.handwritinginsights.com/" "Mozilla/5.0 (compatible; MSIE 9.0; Windows NT 6.0; Trident/5.0)"
86.135.233.147 - - [23/May/2011:02:23:26 -0700] "GET /index_files/page0_4.jpg HTTP/1.1" 200 100463 "http://www.handwritinginsights.com/" "Mozilla/5.0 (compatible; MSIE 9.0; Windows NT 6.0; Trident/5.0)"
86.135.233.147 - - [23/May/2011:02:23:26 -0700] "GET /index_files/page0_3.jpg HTTP/1.1" 200 93261 "http://www.handwritinginsights.com/" "Mozilla/5.0 (compatible; MSIE 9.0; Windows NT 6.0; Trident/5.0)"
86.135.233.147 - - [23/May/2011:02:23:26 -0700] "GET /index_files/page0_1.jpg HTTP/1.1" 200 10960 "http://www.handwritinginsights.com/" "Mozilla/5.0 (compatible; MSIE 9.0; Windows NT 6.0; Trident/5.0)"
86.135.233.147 - - [23/May/2011:02:23:27 -0700] "GET /rw_common/themes/simple/images/header_bg.png HTTP/1.1" 200 155 "http://www.handwritinginsights.com/" "Mozilla/5.0 (compatible; MSIE 9.0; Windows NT 6.0; Trident/5.0)"
86.135.233.147 - - [23/May/2011:02:23:27 -0700] "GET /rw_common/themes/simple/images/button_normal.png HTTP/1.1" 200 192 "http://www.handwritinginsights.com/" "Mozilla/5.0 (compatible; MSIE 9.0; Windows NT 6.0; Trident/5.0)"
86.135.233.147 - - [23/May/2011:02:23:27 -0700] "GET /rw_common/themes/simple/images/button_down.png HTTP/1.1" 200 196 "http://www.handwritinginsights.com/" "Mozilla/5.0 (compatible; MSIE 9.0; Windows NT 6.0; Trident/5.0)"
86.135.233.147 - - [23/May/2011:02:23:28 -0700] "GET /index_files/page0_7.jpg HTTP/1.1" 200 51695 "http://www.handwritinginsights.com/" "Mozilla/5.0 (compatible; MSIE 9.0; Windows NT 6.0; Trident/5.0)"
86.135.233.147 - - [23/May/2011:02:23:28 -0700] "GET /index_files/page0_6.jpg HTTP/1.1" 200 243962 "http://www.handwritinginsights.com/" "Mozilla/5.0 (compatible; MSIE 9.0; Windows NT 6.0; Trident/5.0)"
86.135.233.147 - - [23/May/2011:02:23:29 -0700] "GET /favicon.ico HTTP/1.1" 404 217 "-" "Mozilla/5.0 (compatible; MSIE 9.0; Windows NT 6.0; Trident/5.0)"
212.68.144.42 - - [23/May/2011:02:25:40 -0700] "GET /rw_common/themes/simple/styles.css HTTP/1.1" 200 13520 "http://www.handwritinginsights.com/JobSkills2.html" "Mozilla/5.0 (Windows NT 6.0) AppleWebKit/534.24 (KHTML, like Gecko) Chrome/11.0.696.68 Safari/534.24"
212.68.144.42 - - [23/May/2011:02:25:40 -0700] "GET /rw_common/themes/simple/css/sidebar/sidebar_left.css HTTP/1.1" 200 99 "http://www.handwritinginsights.com/JobSkills2.html" "Mozilla/5.0 (Windows NT 6.0) AppleWebKit/534.24 (KHTML, like Gecko) Chrome/11.0.696.68 Safari/534.24"
212.68.144.42 - - [23/May/2011:02:25:40 -0700] "GET /JobSkills2.html HTTP/1.1" 200 32756 "-" "Mozilla/5.0 (Windows NT 6.0) AppleWebKit/534.24 (KHTML, like Gecko) Chrome/11.0.696.68 Safari/534.24"
212.68.144.42 - - [23/May/2011:02:25:40 -0700] "GET /rw_common/themes/simple/javascript.js HTTP/1.1" 200 14608 "http://www.handwritinginsights.com/JobSkills2.html" "Mozilla/5.0 (Windows NT 6.0) AppleWebKit/534.24 (KHTML, like Gecko) Chrome/11.0.696.68 Safari/534.24"
212.68.144.42 - - [23/May/2011:02:25:41 -0700] "GET /rw_common/themes/simple/print.css HTTP/1.1" 200 3818 "http://www.handwritinginsights.com/JobSkills2.html" "Mozilla/5.0 (Windows NT 6.0) AppleWebKit/534.24 (KHTML, like Gecko) Chrome/11.0.696.68 Safari/534.24"
212.68.144.42 - - [23/May/2011:02:25:41 -0700] "GET /rw_common/themes/simple/handheld.css HTTP/1.1" 200 6005 "http://www.handwritinginsights.com/JobSkills2.html" "Mozilla/5.0 (Windows NT 6.0) AppleWebKit/534.24 (KHTML, like Gecko) Chrome/11.0.696.68 Safari/534.24"
212.68.144.42 - - [23/May/2011:02:25:42 -0700] "GET /rw_common/themes/simple/css/width/width_1000.css HTTP/1.1" 200 30 "http://www.handwritinginsights.com/JobSkills2.html" "Mozilla/5.0 (Windows NT 6.0) AppleWebKit/534.24 (KHTML, like Gecko) Chrome/11.0.696.68 Safari/534.24"
212.68.144.42 - - [23/May/2011:02:25:42 -0700] "GET /rw_common/themes/simple/css/styles/vibrant_pink.css HTTP/1.1" 200 276 "http://www.handwritinginsights.com/JobSkills2.html" "Mozilla/5.0 (Windows NT 6.0) AppleWebKit/534.24 (KHTML, like Gecko) Chrome/11.0.696.68 Safari/534.24"
212.68.144.42 - - [23/May/2011:02:25:55 -0700] "GET /rw_common/themes/simple/images/button_down.png HTTP/1.1" 200 196 "http://www.handwritinginsights.com/JobSkills2.html" "Mozilla/5.0 (Windows NT 6.0) AppleWebKit/534.24 (KHTML, like Gecko) Chrome/11.0.696.68 Safari/534.24"
212.68.144.42 - - [23/May/2011:02:25:55 -0700] "GET /rw_common/images/Untitled-2.jpg HTTP/1.1" 200 32135 "http://www.handwritinginsights.com/JobSkills2.html" "Mozilla/5.0 (Windows NT 6.0) AppleWebKit/534.24 (KHTML, like Gecko) Chrome/11.0.696.68 Safari/534.24"
212.68.144.42 - - [23/May/2011:02:25:55 -0700] "GET /JobSkills2_files/page37_3.jpg HTTP/1.1" 200 39162 "http://www.handwritinginsights.com/JobSkills2.html" "Mozilla/5.0 (Windows NT 6.0) AppleWebKit/534.24 (KHTML, like Gecko) Chrome/11.0.696.68 Safari/534.24"
212.68.144.42 - - [23/May/2011:02:25:55 -0700] "GET /rw_common/themes/simple/images/button_normal.png HTTP/1.1" 200 192 "http://www.handwritinginsights.com/JobSkills2.html" "Mozilla/5.0 (Windows NT 6.0) AppleWebKit/534.24 (KHTML, like Gecko) Chrome/11.0.696.68 Safari/534.24"
212.68.144.42 - - [23/May/2011:02:25:55 -0700] "GET /JobSkills2_files/page37_4.jpg HTTP/1.1" 200 16652 "http://www.handwritinginsights.com/JobSkills2.html" "Mozilla/5.0 (Windows NT 6.0) AppleWebKit/534.24 (KHTML, like Gecko) Chrome/11.0.696.68 Safari/534.24"
212.68.144.42 - - [23/May/2011:02:25:55 -0700] "GET /rw_common/themes/simple/images/header_bg.png HTTP/1.1" 200 155 "http://www.handwritinginsights.com/JobSkills2.html" "Mozilla/5.0 (Windows NT 6.0) AppleWebKit/534.24 (KHTML, like Gecko) Chrome/11.0.696.68 Safari/534.24"
212.68.144.42 - - [23/May/2011:02:25:55 -0700] "GET /JobSkills2_files/page37_1.jpg HTTP/1.1" 200 25111 "http://www.handwritinginsights.com/JobSkills2.html" "Mozilla/5.0 (Windows NT 6.0) AppleWebKit/534.24 (KHTML, like Gecko) Chrome/11.0.696.68 Safari/534.24"
212.68.144.42 - - [23/May/2011:02:25:55 -0700] "GET /JobSkills2_files/page37_2.jpg HTTP/1.1" 200 42928 "http://www.handwritinginsights.com/JobSkills2.html" "Mozilla/5.0 (Windows NT 6.0) AppleWebKit/534.24 (KHTML, like Gecko) Chrome/11.0.696.68 Safari/534.24"
212.68.144.42 - - [23/May/2011:02:25:56 -0700] "GET /JobSkills2_files/page37_5.jpg HTTP/1.1" 200 19554 "http://www.handwritinginsights.com/JobSkills2.html" "Mozilla/5.0 (Windows NT 6.0) AppleWebKit/534.24 (KHTML, like Gecko) Chrome/11.0.696.68 Safari/534.24"
212.68.144.42 - - [23/May/2011:02:25:56 -0700] "GET /JobSkills2_files/page37_6.jpg HTTP/1.1" 200 29384 "http://www.handwritinginsights.com/JobSkills2.html" "Mozilla/5.0 (Windows NT 6.0) AppleWebKit/534.24 (KHTML, like Gecko) Chrome/11.0.696.68 Safari/534.24"
212.68.144.42 - - [23/May/2011:02:25:57 -0700] "GET /JobSkills2_files/page37_7.jpg HTTP/1.1" 200 25934 "http://www.handwritinginsights.com/JobSkills2.html" "Mozilla/5.0 (Windows NT 6.0) AppleWebKit/534.24 (KHTML, like Gecko) Chrome/11.0.696.68 Safari/534.24"
212.68.144.42 - - [23/May/2011:02:25:58 -0700] "GET /JobSkills2_files/page37_8.jpg HTTP/1.1" 200 17564 "http://www.handwritinginsights.com/JobSkills2.html" "Mozilla/5.0 (Windows NT 6.0) AppleWebKit/534.24 (KHTML, like Gecko) Chrome/11.0.696.68 Safari/534.24"
212.68.144.42 - - [23/May/2011:02:25:58 -0700] "GET /JobSkills2_files/page37_9.jpg HTTP/1.1" 200 100463 "http://www.handwritinginsights.com/JobSkills2.html" "Mozilla/5.0 (Windows NT 6.0) AppleWebKit/534.24 (KHTML, like Gecko) Chrome/11.0.696.68 Safari/534.24"
212.68.144.42 - - [23/May/2011:02:26:01 -0700] "GET /JobSkills2_files/page37_12.jpg HTTP/1.1" 200 51695 "http://www.handwritinginsights.com/JobSkills2.html" "Mozilla/5.0 (Windows NT 6.0) AppleWebKit/534.24 (KHTML, like Gecko) Chrome/11.0.696.68 Safari/534.24"
212.68.144.42 - - [23/May/2011:02:26:03 -0700] "GET /JobSkills2_files/page37_11.jpg HTTP/1.1" 200 65536 "http://www.handwritinginsights.com/JobSkills2.html" "Mozilla/5.0 (Windows NT 6.0) AppleWebKit/534.24 (KHTML, like Gecko) Chrome/11.0.696.68 Safari/534.24"
212.68.144.42 - - [23/May/2011:02:26:03 -0700] "GET /JobSkills2_files/page37_10.jpg HTTP/1.1" 200 98304 "http://www.handwritinginsights.com/JobSkills2.html" "Mozilla/5.0 (Windows NT 6.0) AppleWebKit/534.24 (KHTML, like Gecko) Chrome/11.0.696.68 Safari/534.24"
78.108.169.8 - - [23/May/2011:02:27:03 -0700] "GET / HTTP/1.1" 200 32293 "http://www.google.com.lb/search?hl=en&biw=779&bih=409&q=handwriting+personality+profiles&oq=handwriting+personality+profiles&aq=f&aqi=&aql=&gs_sm=e&gs_upl=328l9062l0l28l20l3l0l0l0l735l1001l3.6-1" "Mozilla/4.0 (compatible; MSIE 7.0; Windows NT 5.1)"
78.108.169.8 - - [23/May/2011:02:27:05 -0700] "GET /rw_common/themes/simple/styles.css HTTP/1.1" 200 13520 "http://www.handwritinginsights.com/" "Mozilla/4.0 (compatible; MSIE 7.0; Windows NT 5.1)"
78.108.169.8 - - [23/May/2011:02:27:07 -0700] "GET /rw_common/themes/simple/print.css HTTP/1.1" 200 3818 "http://www.handwritinginsights.com/" "Mozilla/4.0 (compatible; MSIE 7.0; Windows NT 5.1)"
78.108.169.8 - - [23/May/2011:02:27:08 -0700] "GET /rw_common/themes/simple/css/styles/vibrant_pink.css HTTP/1.1" 200 276 "http://www.handwritinginsights.com/" "Mozilla/4.0 (compatible; MSIE 7.0; Windows NT 5.1)"
78.108.169.8 - - [23/May/2011:02:27:08 -0700] "GET /rw_common/themes/simple/handheld.css HTTP/1.1" 200 6005 "http://www.handwritinginsights.com/" "Mozilla/4.0 (compatible; MSIE 7.0; Windows NT 5.1)"
78.108.169.8 - - [23/May/2011:02:27:09 -0700] "GET /rw_common/themes/simple/css/sidebar/sidebar_left.css HTTP/1.1" 200 99 "http://www.handwritinginsights.com/" "Mozilla/4.0 (compatible; MSIE 7.0; Windows NT 5.1)"
78.108.169.8 - - [23/May/2011:02:27:10 -0700] "GET /rw_common/themes/simple/css/width/width_1000.css HTTP/1.1" 200 30 "http://www.handwritinginsights.com/" "Mozilla/4.0 (compatible; MSIE 7.0; Windows NT 5.1)"
78.108.169.8 - - [23/May/2011:02:27:10 -0700] "GET /rw_common/themes/simple/javascript.js HTTP/1.1" 200 14608 "http://www.handwritinginsights.com/" "Mozilla/4.0 (compatible; MSIE 7.0; Windows NT 5.1)"
78.108.169.8 - - [23/May/2011:02:27:12 -0700] "GET /rw_common/images/Untitled-2.jpg HTTP/1.1" 200 32135 "http://www.handwritinginsights.com/" "Mozilla/4.0 (compatible; MSIE 7.0; Windows NT 5.1)"
78.108.169.8 - - [23/May/2011:02:27:12 -0700] "GET /index_files/page0_1.jpg HTTP/1.1" 200 10960 "http://www.handwritinginsights.com/" "Mozilla/4.0 (compatible; MSIE 7.0; Windows NT 5.1)"
78.108.169.8 - - [23/May/2011:02:27:17 -0700] "GET /rw_common/themes/simple/images/header_bg.png HTTP/1.1" 200 155 "http://www.handwritinginsights.com/" "Mozilla/4.0 (compatible; MSIE 7.0; Windows NT 5.1)"
78.108.169.8 - - [23/May/2011:02:27:18 -0700] "GET /index_files/page0_2.jpg HTTP/1.1" 200 64940 "http://www.handwritinginsights.com/" "Mozilla/4.0 (compatible; MSIE 7.0; Windows NT 5.1)"
78.108.169.8 - - [23/May/2011:02:27:20 -0700] "GET /index_files/page0_3.jpg HTTP/1.1" 200 93261 "http://www.handwritinginsights.com/" "Mozilla/4.0 (compatible; MSIE 7.0; Windows NT 5.1)"
78.108.169.8 - - [23/May/2011:02:27:27 -0700] "GET /index_files/page0_4.jpg HTTP/1.1" 200 100463 "http://www.handwritinginsights.com/" "Mozilla/4.0 (compatible; MSIE 7.0; Windows NT 5.1)"
78.108.169.8 - - [23/May/2011:02:27:35 -0700] "GET /index_files/page0_5.jpg HTTP/1.1" 200 108875 "http://www.handwritinginsights.com/" "Mozilla/4.0 (compatible; MSIE 7.0; Windows NT 5.1)"
78.108.169.8 - - [23/May/2011:02:27:44 -0700] "GET /index_files/page0_6.jpg HTTP/1.1" 200 243962 "http://www.handwritinginsights.com/" "Mozilla/4.0 (compatible; MSIE 7.0; Windows NT 5.1)"
78.108.169.8 - - [23/May/2011:02:27:45 -0700] "GET /index_files/page0_7.jpg HTTP/1.1" 200 51695 "http://www.handwritinginsights.com/" "Mozilla/4.0 (compatible; MSIE 7.0; Windows NT 5.1)"
203.191.35.22 - - [23/May/2011:02:27:45 -0700] "GET /rw_common/themes/simple/styles.css HTTP/1.1" 200 13520 "http://www.handwritinginsights.com/" "Mozilla/4.0 (compatible; MSIE 7.0; Windows NT 5.1; .NET CLR 1.1.4322; .NET CLR 2.0.50727; .NET CLR 3.5.30729; MS-RTC LM 8)"
203.191.35.22 - - [23/May/2011:02:27:45 -0700] "GET /rw_common/themes/simple/print.css HTTP/1.1" 200 3818 "http://www.handwritinginsights.com/" "Mozilla/4.0 (compatible; MSIE 7.0; Windows NT 5.1; .NET CLR 1.1.4322; .NET CLR 2.0.50727; .NET CLR 3.5.30729; MS-RTC LM 8)"
203.191.35.22 - - [23/May/2011:02:27:46 -0700] "GET /rw_common/themes/simple/handheld.css HTTP/1.1" 200 6005 "http://www.handwritinginsights.com/" "Mozilla/4.0 (compatible; MSIE 7.0; Windows NT 5.1; .NET CLR 1.1.4322; .NET CLR 2.0.50727; .NET CLR 3.5.30729; MS-RTC LM 8)"
203.191.35.22 - - [23/May/2011:02:27:46 -0700] "GET /rw_common/themes/simple/css/width/width_1000.css HTTP/1.1" 200 30 "http://www.handwritinginsights.com/" "Mozilla/4.0 (compatible; MSIE 7.0; Windows NT 5.1; .NET CLR 1.1.4322; .NET CLR 2.0.50727; .NET CLR 3.5.30729; MS-RTC LM 8)"
78.108.169.8 - - [23/May/2011:02:27:51 -0700] "GET /rw_common/themes/simple/images/button_down.png HTTP/1.1" 200 196 "http://www.handwritinginsights.com/" "Mozilla/4.0 (compatible; MSIE 7.0; Windows NT 5.1)"
203.191.35.22 - - [23/May/2011:02:27:51 -0700] "GET /rw_common/images/Untitled-2.jpg HTTP/1.1" 200 32135 "http://www.handwritinginsights.com/" "Mozilla/4.0 (compatible; MSIE 7.0; Windows NT 5.1; .NET CLR 1.1.4322; .NET CLR 2.0.50727; .NET CLR 3.5.30729; MS-RTC LM 8)"
203.191.35.22 - - [23/May/2011:02:27:51 -0700] "GET /index_files/page0_1.jpg HTTP/1.1" 200 10960 "http://www.handwritinginsights.com/" "Mozilla/4.0 (compatible; MSIE 7.0; Windows NT 5.1; .NET CLR 1.1.4322; .NET CLR 2.0.50727; .NET CLR 3.5.30729; MS-RTC LM 8)"
203.191.35.22 - - [23/May/2011:02:27:52 -0700] "GET /rw_common/themes/simple/images/header_bg.png HTTP/1.1" 200 155 "http://www.handwritinginsights.com/" "Mozilla/4.0 (compatible; MSIE 7.0; Windows NT 5.1; .NET CLR 1.1.4322; .NET CLR 2.0.50727; .NET CLR 3.5.30729; MS-RTC LM 8)"
78.108.169.8 - - [23/May/2011:02:27:52 -0700] "GET /rw_common/themes/simple/images/button_normal.png HTTP/1.1" 200 192 "http://www.handwritinginsights.com/" "Mozilla/4.0 (compatible; MSIE 7.0; Windows NT 5.1)"
203.191.35.22 - - [23/May/2011:02:27:53 -0700] "GET /index_files/page0_2.jpg HTTP/1.1" 200 64940 "http://www.handwritinginsights.com/" "Mozilla/4.0 (compatible; MSIE 7.0; Windows NT 5.1; .NET CLR 1.1.4322; .NET CLR 2.0.50727; .NET CLR 3.5.30729; MS-RTC LM 8)"
203.191.35.22 - - [23/May/2011:02:27:55 -0700] "GET /index_files/page0_3.jpg HTTP/1.1" 200 93261 "http://www.handwritinginsights.com/" "Mozilla/4.0 (compatible; MSIE 7.0; Windows NT 5.1; .NET CLR 1.1.4322; .NET CLR 2.0.50727; .NET CLR 3.5.30729; MS-RTC LM 8)"
203.191.35.22 - - [23/May/2011:02:27:57 -0700] "GET /index_files/page0_4.jpg HTTP/1.1" 200 100463 "http://www.handwritinginsights.com/" "Mozilla/4.0 (compatible; MSIE 7.0; Windows NT 5.1; .NET CLR 1.1.4322; .NET CLR 2.0.50727; .NET CLR 3.5.30729; MS-RTC LM 8)"
203.191.35.22 - - [23/May/2011:02:27:58 -0700] "GET /index_files/page0_7.jpg HTTP/1.1" 200 51695 "http://www.handwritinginsights.com/" "Mozilla/4.0 (compatible; MSIE 7.0; Windows NT 5.1; .NET CLR 1.1.4322; .NET CLR 2.0.50727; .NET CLR 3.5.30729; MS-RTC LM 8)"
203.191.35.22 - - [23/May/2011:02:27:58 -0700] "GET /index_files/page0_5.jpg HTTP/1.1" 200 108875 "http://www.handwritinginsights.com/" "Mozilla/4.0 (compatible; MSIE 7.0; Windows NT 5.1; .NET CLR 1.1.4322; .NET CLR 2.0.50727; .NET CLR 3.5.30729; MS-RTC LM 8)"
203.191.35.22 - - [23/May/2011:02:28:02 -0700] "GET /index_files/page0_6.jpg HTTP/1.1" 200 243962 "http://www.handwritinginsights.com/" "Mozilla/4.0 (compatible; MSIE 7.0; Windows NT 5.1; .NET CLR 1.1.4322; .NET CLR 2.0.50727; .NET CLR 3.5.30729; MS-RTC LM 8)"
78.108.169.8 - - [23/May/2011:02:28:03 -0700] "GET /favicon.ico HTTP/1.1" 404 217 "-" "Mozilla/4.0 (compatible; MSIE 7.0; Windows NT 5.1)"
203.191.35.22 - - [23/May/2011:02:28:04 -0700] "GET /favicon.ico HTTP/1.1" 404 217 "-" "Mozilla/4.0 (compatible; MSIE 7.0; Windows NT 5.1; .NET CLR 1.1.4322; .NET CLR 2.0.50727; .NET CLR 3.5.30729; MS-RTC LM 8)"
95.108.158.233 - - [23/May/2011:02:30:02 -0700] "GET /robots.txt HTTP/1.1" 404 216 "-" "Mozilla/5.0 (compatible; YandexImages/3.0; +http://yandex.com/bots)"
122.177.135.197 - - [23/May/2011:02:31:39 -0700] "GET /favicon.ico HTTP/1.1" 404 217 "-" "Mozilla/5.0 (Windows; U; Windows NT 6.1; en-US; rv:1.9.2.17) Gecko/20110420 Firefox/3.6.17 GTB7.1"
78.108.169.8 - - [23/May/2011:02:33:38 -0700] "GET /FreeAP.html HTTP/1.1" 200 9461 "http://www.handwritinginsights.com/" "Mozilla/4.0 (compatible; MSIE 7.0; Windows NT 5.1)"
78.108.169.8 - - [23/May/2011:02:33:40 -0700] "GET /FreeAP_files/page39_1.jpg HTTP/1.1" 200 26753 "http://www.handwritinginsights.com/FreeAP.html" "Mozilla/4.0 (compatible; MSIE 7.0; Windows NT 5.1)"
78.108.169.8 - - [23/May/2011:02:33:41 -0700] "GET /FreeAP_files/page39_2.jpg HTTP/1.1" 200 68752 "http://www.handwritinginsights.com/FreeAP.html" "Mozilla/4.0 (compatible; MSIE 7.0; Windows NT 5.1)"
216.227.103.197 - - [23/May/2011:02:33:44 -0700] "GET /rw_common/themes/simple/handheld.css HTTP/1.1" 200 6005 "http://www.handwritinginsights.com/" "Mozilla/4.0 (compatible; MSIE 8.0; Windows NT 6.1; WOW64; Trident/4.0; SLCC2; .NET CLR 2.0.50727; .NET CLR 3.5.30729; .NET CLR 3.0.30729; Media Center PC 6.0; MDDC; BRI/1; .NET4.0C)"
216.227.103.197 - - [23/May/2011:02:33:44 -0700] "GET /rw_common/themes/simple/css/sidebar/sidebar_left.css HTTP/1.1" 200 99 "http://www.handwritinginsights.com/" "Mozilla/4.0 (compatible; MSIE 8.0; Windows NT 6.1; WOW64; Trident/4.0; SLCC2; .NET CLR 2.0.50727; .NET CLR 3.5.30729; .NET CLR 3.0.30729; Media Center PC 6.0; MDDC; BRI/1; .NET4.0C)"
216.227.103.197 - - [23/May/2011:02:33:44 -0700] "GET / HTTP/1.1" 200 32293 "http://www.google.com/search?q=analyzing-handwriting.com" "Mozilla/4.0 (compatible; MSIE 8.0; Windows NT 6.1; WOW64; Trident/4.0; SLCC2; .NET CLR 2.0.50727; .NET CLR 3.5.30729; .NET CLR 3.0.30729; Media Center PC 6.0; MDDC; BRI/1; .NET4.0C)"
216.227.103.197 - - [23/May/2011:02:33:44 -0700] "GET /rw_common/themes/simple/css/styles/vibrant_pink.css HTTP/1.1" 200 276 "http://www.handwritinginsights.com/" "Mozilla/4.0 (compatible; MSIE 8.0; Windows NT 6.1; WOW64; Trident/4.0; SLCC2; .NET CLR 2.0.50727; .NET CLR 3.5.30729; .NET CLR 3.0.30729; Media Center PC 6.0; MDDC; BRI/1; .NET4.0C)"
216.227.103.197 - - [23/May/2011:02:33:44 -0700] "GET /rw_common/themes/simple/css/width/width_1000.css HTTP/1.1" 200 30 "http://www.handwritinginsights.com/" "Mozilla/4.0 (compatible; MSIE 8.0; Windows NT 6.1; WOW64; Trident/4.0; SLCC2; .NET CLR 2.0.50727; .NET CLR 3.5.30729; .NET CLR 3.0.30729; Media Center PC 6.0; MDDC; BRI/1; .NET4.0C)"
216.227.103.197 - - [23/May/2011:02:33:44 -0700] "GET /rw_common/themes/simple/print.css HTTP/1.1" 200 3818 "http://www.handwritinginsights.com/" "Mozilla/4.0 (compatible; MSIE 8.0; Windows NT 6.1; WOW64; Trident/4.0; SLCC2; .NET CLR 2.0.50727; .NET CLR 3.5.30729; .NET CLR 3.0.30729; Media Center PC 6.0; MDDC; BRI/1; .NET4.0C)"
216.227.103.197 - - [23/May/2011:02:33:44 -0700] "GET /rw_common/themes/simple/javascript.js HTTP/1.1" 200 14608 "http://www.handwritinginsights.com/" "Mozilla/4.0 (compatible; MSIE 8.0; Windows NT 6.1; WOW64; Trident/4.0; SLCC2; .NET CLR 2.0.50727; .NET CLR 3.5.30729; .NET CLR 3.0.30729; Media Center PC 6.0; MDDC; BRI/1; .NET4.0C)"
216.227.103.197 - - [23/May/2011:02:33:44 -0700] "GET /rw_common/themes/simple/styles.css HTTP/1.1" 200 13520 "http://www.handwritinginsights.com/" "Mozilla/4.0 (compatible; MSIE 8.0; Windows NT 6.1; WOW64; Trident/4.0; SLCC2; .NET CLR 2.0.50727; .NET CLR 3.5.30729; .NET CLR 3.0.30729; Media Center PC 6.0; MDDC; BRI/1; .NET4.0C)"
216.227.103.197 - - [23/May/2011:02:33:45 -0700] "GET /rw_common/images/Untitled-2.jpg HTTP/1.1" 200 32135 "http://www.handwritinginsights.com/" "Mozilla/4.0 (compatible; MSIE 8.0; Windows NT 6.1; WOW64; Trident/4.0; SLCC2; .NET CLR 2.0.50727; .NET CLR 3.5.30729; .NET CLR 3.0.30729; Media Center PC 6.0; MDDC; BRI/1; .NET4.0C)"
78.108.169.8 - - [23/May/2011:02:33:45 -0700] "GET /FreeAP_files/page39_3.jpg HTTP/1.1" 200 28673 "http://www.handwritinginsights.com/FreeAP.html" "Mozilla/4.0 (compatible; MSIE 7.0; Windows NT 5.1)"
216.227.103.197 - - [23/May/2011:02:33:45 -0700] "GET /index_files/page0_1.jpg HTTP/1.1" 200 10960 "http://www.handwritinginsights.com/" "Mozilla/4.0 (compatible; MSIE 8.0; Windows NT 6.1; WOW64; Trident/4.0; SLCC2; .NET CLR 2.0.50727; .NET CLR 3.5.30729; .NET CLR 3.0.30729; Media Center PC 6.0; MDDC; BRI/1; .NET4.0C)"
216.227.103.197 - - [23/May/2011:02:33:45 -0700] "GET /index_files/page0_2.jpg HTTP/1.1" 200 64940 "http://www.handwritinginsights.com/" "Mozilla/4.0 (compatible; MSIE 8.0; Windows NT 6.1; WOW64; Trident/4.0; SLCC2; .NET CLR 2.0.50727; .NET CLR 3.5.30729; .NET CLR 3.0.30729; Media Center PC 6.0; MDDC; BRI/1; .NET4.0C)"
216.227.103.197 - - [23/May/2011:02:33:45 -0700] "GET /index_files/page0_4.jpg HTTP/1.1" 200 100463 "http://www.handwritinginsights.com/" "Mozilla/4.0 (compatible; MSIE 8.0; Windows NT 6.1; WOW64; Trident/4.0; SLCC2; .NET CLR 2.0.50727; .NET CLR 3.5.30729; .NET CLR 3.0.30729; Media Center PC 6.0; MDDC; BRI/1; .NET4.0C)"
216.227.103.197 - - [23/May/2011:02:33:46 -0700] "GET /index_files/page0_5.jpg HTTP/1.1" 200 108875 "http://www.handwritinginsights.com/" "Mozilla/4.0 (compatible; MSIE 8.0; Windows NT 6.1; WOW64; Trident/4.0; SLCC2; .NET CLR 2.0.50727; .NET CLR 3.5.30729; .NET CLR 3.0.30729; Media Center PC 6.0; MDDC; BRI/1; .NET4.0C)"
216.227.103.197 - - [23/May/2011:02:33:47 -0700] "GET /index_files/page0_3.jpg HTTP/1.1" 200 93261 "http://www.handwritinginsights.com/" "Mozilla/4.0 (compatible; MSIE 8.0; Windows NT 6.1; WOW64; Trident/4.0; SLCC2; .NET CLR 2.0.50727; .NET CLR 3.5.30729; .NET CLR 3.0.30729; Media Center PC 6.0; MDDC; BRI/1; .NET4.0C)"
216.227.103.197 - - [23/May/2011:02:33:47 -0700] "GET /index_files/page0_7.jpg HTTP/1.1" 200 51695 "http://www.handwritinginsights.com/" "Mozilla/4.0 (compatible; MSIE 8.0; Windows NT 6.1; WOW64; Trident/4.0; SLCC2; .NET CLR 2.0.50727; .NET CLR 3.5.30729; .NET CLR 3.0.30729; Media Center PC 6.0; MDDC; BRI/1; .NET4.0C)"
216.227.103.197 - - [23/May/2011:02:33:48 -0700] "GET /index_files/page0_6.jpg HTTP/1.1" 200 243962 "http://www.handwritinginsights.com/" "Mozilla/4.0 (compatible; MSIE 8.0; Windows NT 6.1; WOW64; Trident/4.0; SLCC2; .NET CLR 2.0.50727; .NET CLR 3.5.30729; .NET CLR 3.0.30729; Media Center PC 6.0; MDDC; BRI/1; .NET4.0C)"
216.227.103.197 - - [23/May/2011:02:33:48 -0700] "GET /rw_common/themes/simple/images/header_bg.png HTTP/1.1" 200 155 "http://www.handwritinginsights.com/" "Mozilla/4.0 (compatible; MSIE 8.0; Windows NT 6.1; WOW64; Trident/4.0; SLCC2; .NET CLR 2.0.50727; .NET CLR 3.5.30729; .NET CLR 3.0.30729; Media Center PC 6.0; MDDC; BRI/1; .NET4.0C)"
216.227.103.197 - - [23/May/2011:02:33:48 -0700] "GET /rw_common/themes/simple/images/button_normal.png HTTP/1.1" 200 192 "http://www.handwritinginsights.com/" "Mozilla/4.0 (compatible; MSIE 8.0; Windows NT 6.1; WOW64; Trident/4.0; SLCC2; .NET CLR 2.0.50727; .NET CLR 3.5.30729; .NET CLR 3.0.30729; Media Center PC 6.0; MDDC; BRI/1; .NET4.0C)"
78.108.169.8 - - [23/May/2011:02:33:48 -0700] "GET /FreeAP_files/page39_4.jpg HTTP/1.1" 200 61738 "http://www.handwritinginsights.com/FreeAP.html" "Mozilla/4.0 (compatible; MSIE 7.0; Windows NT 5.1)"
216.227.103.197 - - [23/May/2011:02:33:48 -0700] "GET /rw_common/themes/simple/images/button_down.png HTTP/1.1" 200 196 "http://www.handwritinginsights.com/" "Mozilla/4.0 (compatible; MSIE 8.0; Windows NT 6.1; WOW64; Trident/4.0; SLCC2; .NET CLR 2.0.50727; .NET CLR 3.5.30729; .NET CLR 3.0.30729; Media Center PC 6.0; MDDC; BRI/1; .NET4.0C)"
216.227.103.197 - - [23/May/2011:02:33:50 -0700] "GET /favicon.ico HTTP/1.1" 404 217 "-" "Mozilla/4.0 (compatible; MSIE 8.0; Windows NT 6.1; WOW64; Trident/4.0; SLCC2; .NET CLR 2.0.50727; .NET CLR 3.5.30729; .NET CLR 3.0.30729; Media Center PC 6.0; MDDC; BRI/1; .NET4.0C)"
78.108.169.8 - - [23/May/2011:02:33:53 -0700] "GET /FreeAP_files/page39_5.gif HTTP/1.1" 200 22973 "http://www.handwritinginsights.com/FreeAP.html" "Mozilla/4.0 (compatible; MSIE 7.0; Windows NT 5.1)"
78.108.169.8 - - [23/May/2011:02:33:56 -0700] "GET /FreeAP_files/page39_6.gif HTTP/1.1" 200 72173 "http://www.handwritinginsights.com/FreeAP.html" "Mozilla/4.0 (compatible; MSIE 7.0; Windows NT 5.1)"
78.108.169.8 - - [23/May/2011:02:33:57 -0700] "GET /FreeAP_files/page39_7.gif HTTP/1.1" 200 21313 "http://www.handwritinginsights.com/FreeAP.html" "Mozilla/4.0 (compatible; MSIE 7.0; Windows NT 5.1)"
78.108.169.8 - - [23/May/2011:02:34:03 -0700] "GET /FreeAP_files/page39_8.gif HTTP/1.1" 200 76900 "http://www.handwritinginsights.com/FreeAP.html" "Mozilla/4.0 (compatible; MSIE 7.0; Windows NT 5.1)"
78.108.169.8 - - [23/May/2011:02:34:03 -0700] "GET /FreeAP_files/page39_9.jpg HTTP/1.1" 200 38173 "http://www.handwritinginsights.com/FreeAP.html" "Mozilla/4.0 (compatible; MSIE 7.0; Windows NT 5.1)"
78.108.169.8 - - [23/May/2011:02:34:08 -0700] "GET /FreeAP_files/page39_10.jpg HTTP/1.1" 200 64136 "http://www.handwritinginsights.com/FreeAP.html" "Mozilla/4.0 (compatible; MSIE 7.0; Windows NT 5.1)"
27.123.218.28 - - [23/May/2011:02:34:53 -0700] "GET /lesson_files/page5_9.jpg HTTP/1.1" 206 1 "http://www.handwritinginsights.com/lesson.html" "Mozilla/5.0 (Windows NT 6.1; WOW64) AppleWebKit/534.24 (KHTML, like Gecko) Chrome/11.0.696.68 Safari/534.24"
27.123.218.28 - - [23/May/2011:02:34:54 -0700] "GET /lesson_files/page5_9.jpg HTTP/1.1" 206 45360 "http://www.handwritinginsights.com/lesson.html" "Mozilla/5.0 (Windows NT 6.1; WOW64) AppleWebKit/534.24 (KHTML, like Gecko) Chrome/11.0.696.68 Safari/534.24"
27.123.218.28 - - [23/May/2011:02:34:54 -0700] "GET /order.html HTTP/1.1" 200 13209 "http://www.handwritinginsights.com/compare.html" "Mozilla/5.0 (Windows NT 6.1; WOW64) AppleWebKit/534.24 (KHTML, like Gecko) Chrome/11.0.696.68 Safari/534.24"
27.123.218.28 - - [23/May/2011:02:34:55 -0700] "GET /order_files/page17_1.jpg HTTP/1.1" 200 51695 "http://www.handwritinginsights.com/order.html" "Mozilla/5.0 (Windows NT 6.1; WOW64) AppleWebKit/534.24 (KHTML, like Gecko) Chrome/11.0.696.68 Safari/534.24"
27.123.218.28 - - [23/May/2011:02:34:56 -0700] "GET /favicon.ico HTTP/1.1" 404 217 "-" "Mozilla/5.0 (Windows NT 6.1; WOW64) AppleWebKit/534.24 (KHTML, like Gecko) Chrome/11.0.696.68 Safari/534.24"
27.123.218.28 - - [23/May/2011:02:35:01 -0700] "GET /favicon.ico HTTP/1.1" 404 217 "-" "Mozilla/5.0 (Windows NT 6.1; WOW64) AppleWebKit/534.24 (KHTML, like Gecko) Chrome/11.0.696.68 Safari/534.24"
27.123.218.28 - - [23/May/2011:02:36:23 -0700] "GET /index.html HTTP/1.1" 200 32293 "-" "Mozilla/5.0 (Windows NT 6.1; WOW64) AppleWebKit/534.24 (KHTML, like Gecko) Chrome/11.0.696.68 Safari/534.24"
27.123.218.28 - - [23/May/2011:02:36:26 -0700] "GET /favicon.ico HTTP/1.1" 404 217 "-" "Mozilla/5.0 (Windows NT 6.1; WOW64) AppleWebKit/534.24 (KHTML, like Gecko) Chrome/11.0.696.68 Safari/534.24"
27.123.218.28 - - [23/May/2011:02:36:33 -0700] "GET /basicconcepts.htm HTTP/1.1" 200 11437 "-" "Mozilla/5.0 (Windows NT 6.1; WOW64) AppleWebKit/534.24 (KHTML, like Gecko) Chrome/11.0.696.68 Safari/534.24"
27.123.218.28 - - [23/May/2011:02:36:47 -0700] "GET /favicon.ico HTTP/1.1" 404 217 "-" "Mozilla/5.0 (Windows NT 6.1; WOW64) AppleWebKit/534.24 (KHTML, like Gecko) Chrome/11.0.696.68 Safari/534.24"
78.108.169.8 - - [23/May/2011:02:37:17 -0700] "GET /directory.html HTTP/1.1" 200 16586 "http://www.google.com.lb/search?hl=en&biw=779&bih=409&q=handwriting+personality+profiles&oq=handwriting+personality+profiles&aq=f&aqi=&aql=&gs_sm=e&gs_upl=328l9062l0l28l20l3l0l0l0l735l1001l3.6-1" "Mozilla/4.0 (compatible; MSIE 7.0; Windows NT 5.1)"
78.108.169.8 - - [23/May/2011:02:37:20 -0700] "GET /directory_files/page21_1.jpg HTTP/1.1" 200 51695 "http://www.handwritinginsights.com/directory.html" "Mozilla/4.0 (compatible; MSIE 7.0; Windows NT 5.1)"
78.108.169.8 - - [23/May/2011:02:38:04 -0700] "GET /lesson2.html HTTP/1.1" 200 21607 "http://www.handwritinginsights.com/directory.html" "Mozilla/4.0 (compatible; MSIE 7.0; Windows NT 5.1)"
78.108.169.8 - - [23/May/2011:02:38:09 -0700] "GET /lesson2_files/page6_2.gif HTTP/1.1" 200 106658 "http://www.handwritinginsights.com/lesson2.html" "Mozilla/4.0 (compatible; MSIE 7.0; Windows NT 5.1)"
78.108.169.8 - - [23/May/2011:02:38:20 -0700] "GET /lesson2_files/page6_1.gif HTTP/1.1" 200 240252 "http://www.handwritinginsights.com/lesson2.html" "Mozilla/4.0 (compatible; MSIE 7.0; Windows NT 5.1)"
115.113.111.66 - - [23/May/2011:02:38:20 -0700] "GET / HTTP/1.0" 200 32293 "http://www.google.co.in/search?q=handwriting+analysis&hl=en&source=hp&aq=0&aqi=g10&aql=&oq=handwr" "Mozilla/4.0 (compatible; MSIE 6.0; Windows NT 5.1; SV1)"
115.113.111.66 - - [23/May/2011:02:38:22 -0700] "GET /rw_common/themes/simple/print.css HTTP/1.0" 200 3818 "http://www.handwritinginsights.com/" "Mozilla/4.0 (compatible; MSIE 6.0; Windows NT 5.1; SV1)"
115.113.111.66 - - [23/May/2011:02:38:22 -0700] "GET /rw_common/themes/simple/styles.css HTTP/1.0" 200 13520 "http://www.handwritinginsights.com/" "Mozilla/4.0 (compatible; MSIE 6.0; Windows NT 5.1; SV1)"
115.113.111.66 - - [23/May/2011:02:38:22 -0700] "GET /rw_common/themes/simple/css/styles/vibrant_pink.css HTTP/1.0" 200 276 "http://www.handwritinginsights.com/" "Mozilla/4.0 (compatible; MSIE 6.0; Windows NT 5.1; SV1)"
115.113.111.66 - - [23/May/2011:02:38:23 -0700] "GET /rw_common/themes/simple/javascript.js HTTP/1.0" 200 14608 "http://www.handwritinginsights.com/" "Mozilla/4.0 (compatible; MSIE 6.0; Windows NT 5.1; SV1)"
115.113.111.66 - - [23/May/2011:02:38:24 -0700] "GET /rw_common/themes/simple/css/sidebar/sidebar_left.css HTTP/1.0" 200 99 "http://www.handwritinginsights.com/" "Mozilla/4.0 (compatible; MSIE 6.0; Windows NT 5.1; SV1)"
78.108.169.8 - - [23/May/2011:02:38:24 -0700] "GET /lesson2_files/page6_3.gif HTTP/1.1" 200 108696 "http://www.handwritinginsights.com/lesson2.html" "Mozilla/4.0 (compatible; MSIE 7.0; Windows NT 5.1)"
115.113.111.66 - - [23/May/2011:02:38:24 -0700] "GET /rw_common/themes/simple/handheld.css HTTP/1.0" 200 6005 "http://www.handwritinginsights.com/" "Mozilla/4.0 (compatible; MSIE 6.0; Windows NT 5.1; SV1)"
115.113.111.66 - - [23/May/2011:02:38:24 -0700] "GET /rw_common/themes/simple/css/width/width_1000.css HTTP/1.0" 200 30 "http://www.handwritinginsights.com/" "Mozilla/4.0 (compatible; MSIE 6.0; Windows NT 5.1; SV1)"
115.113.111.66 - - [23/May/2011:02:38:25 -0700] "GET /rw_common/themes/simple/images/header_bg.png HTTP/1.0" 200 155 "http://www.handwritinginsights.com/" "Mozilla/4.0 (compatible; MSIE 6.0; Windows NT 5.1; SV1)"
115.113.111.66 - - [23/May/2011:02:38:25 -0700] "GET /index_files/page0_1.jpg HTTP/1.0" 200 10960 "http://www.handwritinginsights.com/" "Mozilla/4.0 (compatible; MSIE 6.0; Windows NT 5.1; SV1)"
115.113.111.66 - - [23/May/2011:02:38:25 -0700] "GET /rw_common/images/Untitled-2.jpg HTTP/1.0" 200 32135 "http://www.handwritinginsights.com/" "Mozilla/4.0 (compatible; MSIE 6.0; Windows NT 5.1; SV1)"
115.113.111.66 - - [23/May/2011:02:38:26 -0700] "GET /index_files/page0_2.jpg HTTP/1.0" 200 64940 "http://www.handwritinginsights.com/" "Mozilla/4.0 (compatible; MSIE 6.0; Windows NT 5.1; SV1)"
115.113.111.66 - - [23/May/2011:02:38:27 -0700] "GET /index_files/page0_4.jpg HTTP/1.0" 200 100463 "http://www.handwritinginsights.com/" "Mozilla/4.0 (compatible; MSIE 6.0; Windows NT 5.1; SV1)"
115.113.111.66 - - [23/May/2011:02:38:29 -0700] "GET /index_files/page0_5.jpg HTTP/1.0" 200 108875 "http://www.handwritinginsights.com/" "Mozilla/4.0 (compatible; MSIE 6.0; Windows NT 5.1; SV1)"
115.113.111.66 - - [23/May/2011:02:38:30 -0700] "GET /index_files/page0_7.jpg HTTP/1.0" 200 51695 "http://www.handwritinginsights.com/" "Mozilla/4.0 (compatible; MSIE 6.0; Windows NT 5.1; SV1)"
115.113.111.66 - - [23/May/2011:02:38:33 -0700] "GET /index_files/page0_3.jpg HTTP/1.0" 200 93261 "http://www.handwritinginsights.com/" "Mozilla/4.0 (compatible; MSIE 6.0; Windows NT 5.1; SV1)"
115.113.111.66 - - [23/May/2011:02:38:34 -0700] "GET /rw_common/themes/simple/images/button_normal.png HTTP/1.0" 200 192 "http://www.handwritinginsights.com/" "Mozilla/4.0 (compatible; MSIE 6.0; Windows NT 5.1; SV1)"
115.113.111.66 - - [23/May/2011:02:38:34 -0700] "GET /rw_common/themes/simple/images/button_down.png HTTP/1.0" 200 196 "http://www.handwritinginsights.com/" "Mozilla/4.0 (compatible; MSIE 6.0; Windows NT 5.1; SV1)"
115.113.111.66 - - [23/May/2011:02:38:37 -0700] "GET /index_files/page0_6.jpg HTTP/1.0" 200 243962 "http://www.handwritinginsights.com/" "Mozilla/4.0 (compatible; MSIE 6.0; Windows NT 5.1; SV1)"
78.108.169.8 - - [23/May/2011:02:38:39 -0700] "GET /lesson2_files/page6_4.gif HTTP/1.1" 200 197600 "http://www.handwritinginsights.com/lesson2.html" "Mozilla/4.0 (compatible; MSIE 7.0; Windows NT 5.1)"
78.108.169.8 - - [23/May/2011:02:38:43 -0700] "GET /lesson2_files/page6_5.gif HTTP/1.1" 200 91639 "http://www.handwritinginsights.com/lesson2.html" "Mozilla/4.0 (compatible; MSIE 7.0; Windows NT 5.1)"
78.108.169.8 - - [23/May/2011:02:38:58 -0700] "GET /lesson2_files/page6_6.gif HTTP/1.1" 200 100350 "http://www.handwritinginsights.com/lesson2.html" "Mozilla/4.0 (compatible; MSIE 7.0; Windows NT 5.1)"
78.108.169.8 - - [23/May/2011:02:39:00 -0700] "GET /lesson2_files/page6_7.jpg HTTP/1.1" 200 50196 "http://www.handwritinginsights.com/lesson2.html" "Mozilla/4.0 (compatible; MSIE 7.0; Windows NT 5.1)"
115.113.111.66 - - [23/May/2011:02:40:36 -0700] "GET /FreeAP.html HTTP/1.0" 200 9461 "http://www.handwritinginsights.com/" "Mozilla/4.0 (compatible; MSIE 6.0; Windows NT 5.1; SV1)"
115.113.111.66 - - [23/May/2011:02:40:37 -0700] "GET /FreeAP_files/page39_2.jpg HTTP/1.0" 200 68752 "http://www.handwritinginsights.com/FreeAP.html" "Mozilla/4.0 (compatible; MSIE 6.0; Windows NT 5.1; SV1)"
115.113.111.66 - - [23/May/2011:02:40:37 -0700] "GET /FreeAP_files/page39_1.jpg HTTP/1.0" 200 26753 "http://www.handwritinginsights.com/FreeAP.html" "Mozilla/4.0 (compatible; MSIE 6.0; Windows NT 5.1; SV1)"
115.113.111.66 - - [23/May/2011:02:40:38 -0700] "GET /FreeAP_files/page39_3.jpg HTTP/1.0" 200 28673 "http://www.handwritinginsights.com/FreeAP.html" "Mozilla/4.0 (compatible; MSIE 6.0; Windows NT 5.1; SV1)"
115.113.111.66 - - [23/May/2011:02:40:38 -0700] "GET /FreeAP_files/page39_4.jpg HTTP/1.0" 200 61738 "http://www.handwritinginsights.com/FreeAP.html" "Mozilla/4.0 (compatible; MSIE 6.0; Windows NT 5.1; SV1)"
115.113.111.66 - - [23/May/2011:02:40:39 -0700] "GET /FreeAP_files/page39_5.gif HTTP/1.0" 200 22973 "http://www.handwritinginsights.com/FreeAP.html" "Mozilla/4.0 (compatible; MSIE 6.0; Windows NT 5.1; SV1)"
115.113.111.66 - - [23/May/2011:02:40:40 -0700] "GET /FreeAP_files/page39_7.gif HTTP/1.0" 200 21313 "http://www.handwritinginsights.com/FreeAP.html" "Mozilla/4.0 (compatible; MSIE 6.0; Windows NT 5.1; SV1)"
115.113.111.66 - - [23/May/2011:02:40:41 -0700] "GET /FreeAP_files/page39_8.gif HTTP/1.0" 200 76900 "http://www.handwritinginsights.com/FreeAP.html" "Mozilla/4.0 (compatible; MSIE 6.0; Windows NT 5.1; SV1)"
115.113.111.66 - - [23/May/2011:02:40:42 -0700] "GET /FreeAP_files/page39_6.gif HTTP/1.0" 200 72173 "http://www.handwritinginsights.com/FreeAP.html" "Mozilla/4.0 (compatible; MSIE 6.0; Windows NT 5.1; SV1)"
115.113.111.66 - - [23/May/2011:02:40:43 -0700] "GET /FreeAP_files/page39_9.jpg HTTP/1.0" 200 38173 "http://www.handwritinginsights.com/FreeAP.html" "Mozilla/4.0 (compatible; MSIE 6.0; Windows NT 5.1; SV1)"
115.113.111.66 - - [23/May/2011:02:40:43 -0700] "GET /FreeAP_files/page39_10.jpg HTTP/1.0" 200 64136 "http://www.handwritinginsights.com/FreeAP.html" "Mozilla/4.0 (compatible; MSIE 6.0; Windows NT 5.1; SV1)"
74.70.90.20 - - [23/May/2011:02:41:13 -0700] "GET / HTTP/1.1" 200 32293 "http://www.google.com/" "Mozilla/5.0 (iPhone; U; CPU iPhone OS 4_2_7 like Mac OS X; en-us) AppleWebKit/533.17.9 (KHTML, like Gecko) Version/5.0.2 Mobile/8E303 Safari/6533.18.5"
74.70.90.20 - - [23/May/2011:02:41:14 -0700] "GET /rw_common/themes/simple/javascript.js HTTP/1.1" 200 14608 "http://www.handwritinginsights.com/" "Mozilla/5.0 (iPhone; U; CPU iPhone OS 4_2_7 like Mac OS X; en-us) AppleWebKit/533.17.9 (KHTML, like Gecko) Version/5.0.2 Mobile/8E303 Safari/6533.18.5"
74.70.90.20 - - [23/May/2011:02:41:14 -0700] "GET /rw_common/themes/simple/styles.css HTTP/1.1" 200 13520 "http://www.handwritinginsights.com/" "Mozilla/5.0 (iPhone; U; CPU iPhone OS 4_2_7 like Mac OS X; en-us) AppleWebKit/533.17.9 (KHTML, like Gecko) Version/5.0.2 Mobile/8E303 Safari/6533.18.5"
74.70.90.20 - - [23/May/2011:02:41:14 -0700] "GET /rw_common/themes/simple/css/sidebar/sidebar_left.css HTTP/1.1" 200 99 "http://www.handwritinginsights.com/" "Mozilla/5.0 (iPhone; U; CPU iPhone OS 4_2_7 like Mac OS X; en-us) AppleWebKit/533.17.9 (KHTML, like Gecko) Version/5.0.2 Mobile/8E303 Safari/6533.18.5"
74.70.90.20 - - [23/May/2011:02:41:14 -0700] "GET /rw_common/themes/simple/print.css HTTP/1.1" 200 3818 "http://www.handwritinginsights.com/" "Mozilla/5.0 (iPhone; U; CPU iPhone OS 4_2_7 like Mac OS X; en-us) AppleWebKit/533.17.9 (KHTML, like Gecko) Version/5.0.2 Mobile/8E303 Safari/6533.18.5"
74.70.90.20 - - [23/May/2011:02:41:14 -0700] "GET /rw_common/themes/simple/handheld.css HTTP/1.1" 200 6005 "http://www.handwritinginsights.com/" "Mozilla/5.0 (iPhone; U; CPU iPhone OS 4_2_7 like Mac OS X; en-us) AppleWebKit/533.17.9 (KHTML, like Gecko) Version/5.0.2 Mobile/8E303 Safari/6533.18.5"
74.70.90.20 - - [23/May/2011:02:41:14 -0700] "GET /rw_common/themes/simple/css/styles/vibrant_pink.css HTTP/1.1" 200 276 "http://www.handwritinginsights.com/" "Mozilla/5.0 (iPhone; U; CPU iPhone OS 4_2_7 like Mac OS X; en-us) AppleWebKit/533.17.9 (KHTML, like Gecko) Version/5.0.2 Mobile/8E303 Safari/6533.18.5"
74.70.90.20 - - [23/May/2011:02:41:14 -0700] "GET /rw_common/themes/simple/css/width/width_1000.css HTTP/1.1" 200 30 "http://www.handwritinginsights.com/" "Mozilla/5.0 (iPhone; U; CPU iPhone OS 4_2_7 like Mac OS X; en-us) AppleWebKit/533.17.9 (KHTML, like Gecko) Version/5.0.2 Mobile/8E303 Safari/6533.18.5"
74.70.90.20 - - [23/May/2011:02:41:15 -0700] "GET /rw_common/themes/simple/images/header_bg.png HTTP/1.1" 200 155 "http://www.handwritinginsights.com/" "Mozilla/5.0 (iPhone; U; CPU iPhone OS 4_2_7 like Mac OS X; en-us) AppleWebKit/533.17.9 (KHTML, like Gecko) Version/5.0.2 Mobile/8E303 Safari/6533.18.5"
74.70.90.20 - - [23/May/2011:02:41:15 -0700] "GET /index_files/page0_2.jpg HTTP/1.1" 200 64940 "http://www.handwritinginsights.com/" "Mozilla/5.0 (iPhone; U; CPU iPhone OS 4_2_7 like Mac OS X; en-us) AppleWebKit/533.17.9 (KHTML, like Gecko) Version/5.0.2 Mobile/8E303 Safari/6533.18.5"
74.70.90.20 - - [23/May/2011:02:41:15 -0700] "GET /index_files/page0_1.jpg HTTP/1.1" 200 10960 "http://www.handwritinginsights.com/" "Mozilla/5.0 (iPhone; U; CPU iPhone OS 4_2_7 like Mac OS X; en-us) AppleWebKit/533.17.9 (KHTML, like Gecko) Version/5.0.2 Mobile/8E303 Safari/6533.18.5"
207.46.13.94 - - [23/May/2011:02:41:15 -0700] "GET /robots.txt HTTP/1.1" 404 216 "-" "Mozilla/5.0 (compatible; bingbot/2.0; +http://www.bing.com/bingbot.htm)"
74.70.90.20 - - [23/May/2011:02:41:15 -0700] "GET /rw_common/themes/simple/images/button_normal.png HTTP/1.1" 200 192 "http://www.handwritinginsights.com/" "Mozilla/5.0 (iPhone; U; CPU iPhone OS 4_2_7 like Mac OS X; en-us) AppleWebKit/533.17.9 (KHTML, like Gecko) Version/5.0.2 Mobile/8E303 Safari/6533.18.5"
74.70.90.20 - - [23/May/2011:02:41:15 -0700] "GET /rw_common/themes/simple/images/button_down.png HTTP/1.1" 200 196 "http://www.handwritinginsights.com/" "Mozilla/5.0 (iPhone; U; CPU iPhone OS 4_2_7 like Mac OS X; en-us) AppleWebKit/533.17.9 (KHTML, like Gecko) Version/5.0.2 Mobile/8E303 Safari/6533.18.5"
74.70.90.20 - - [23/May/2011:02:41:15 -0700] "GET /rw_common/images/Untitled-2.jpg HTTP/1.1" 200 32135 "http://www.handwritinginsights.com/" "Mozilla/5.0 (iPhone; U; CPU iPhone OS 4_2_7 like Mac OS X; en-us) AppleWebKit/533.17.9 (KHTML, like Gecko) Version/5.0.2 Mobile/8E303 Safari/6533.18.5"
74.70.90.20 - - [23/May/2011:02:41:16 -0700] "GET /index_files/page0_3.jpg HTTP/1.1" 200 93261 "http://www.handwritinginsights.com/" "Mozilla/5.0 (iPhone; U; CPU iPhone OS 4_2_7 like Mac OS X; en-us) AppleWebKit/533.17.9 (KHTML, like Gecko) Version/5.0.2 Mobile/8E303 Safari/6533.18.5"
74.70.90.20 - - [23/May/2011:02:41:17 -0700] "GET /index_files/page0_4.jpg HTTP/1.1" 200 100463 "http://www.handwritinginsights.com/" "Mozilla/5.0 (iPhone; U; CPU iPhone OS 4_2_7 like Mac OS X; en-us) AppleWebKit/533.17.9 (KHTML, like Gecko) Version/5.0.2 Mobile/8E303 Safari/6533.18.5"
74.70.90.20 - - [23/May/2011:02:41:17 -0700] "GET /index_files/page0_5.jpg HTTP/1.1" 200 108875 "http://www.handwritinginsights.com/" "Mozilla/5.0 (iPhone; U; CPU iPhone OS 4_2_7 like Mac OS X; en-us) AppleWebKit/533.17.9 (KHTML, like Gecko) Version/5.0.2 Mobile/8E303 Safari/6533.18.5"
74.70.90.20 - - [23/May/2011:02:41:18 -0700] "GET /index_files/page0_7.jpg HTTP/1.1" 200 51695 "http://www.handwritinginsights.com/" "Mozilla/5.0 (iPhone; U; CPU iPhone OS 4_2_7 like Mac OS X; en-us) AppleWebKit/533.17.9 (KHTML, like Gecko) Version/5.0.2 Mobile/8E303 Safari/6533.18.5"
74.70.90.20 - - [23/May/2011:02:41:19 -0700] "GET /index_files/page0_6.jpg HTTP/1.1" 200 243962 "http://www.handwritinginsights.com/" "Mozilla/5.0 (iPhone; U; CPU iPhone OS 4_2_7 like Mac OS X; en-us) AppleWebKit/533.17.9 (KHTML, like Gecko) Version/5.0.2 Mobile/8E303 Safari/6533.18.5"
207.46.13.94 - - [23/May/2011:02:42:08 -0700] "GET /terms.html HTTP/1.1" 304 - "-" "Mozilla/5.0 (compatible; bingbot/2.0; +http://www.bing.com/bingbot.htm)"
74.125.126.84 - - [23/May/2011:02:42:52 -0700] "GET /favicon.ico HTTP/1.1" 404 217 "-" "-"
117.195.66.66 - - [23/May/2011:02:43:06 -0700] "GET /lesson.html HTTP/1.1" 200 48485 "http://www.google.co.in/url?sa=t&source=web&cd=5&ved=0CDcQFjAE&url=http%3A%2F%2Fwww.handwritinginsights.com%2Flesson.html&rct=j&q=signature%20analysis%20personality&ei=aCvaTaqEJsTQrQe4tpD4BQ&usg=AFQjCNEaECenqn9dIy5po79n-pez1l82SQ" "Mozilla/4.0 (compatible; MSIE 8.0; Windows NT 5.1; Trident/4.0)"
117.195.66.66 - - [23/May/2011:02:43:07 -0700] "GET /rw_common/themes/simple/styles.css HTTP/1.1" 200 13520 "http://www.handwritinginsights.com/lesson.html" "Mozilla/4.0 (compatible; MSIE 8.0; Windows NT 5.1; Trident/4.0)"
117.195.66.66 - - [23/May/2011:02:43:13 -0700] "GET /rw_common/themes/simple/print.css HTTP/1.1" 200 3818 "http://www.handwritinginsights.com/lesson.html" "Mozilla/4.0 (compatible; MSIE 8.0; Windows NT 5.1; Trident/4.0)"
117.195.66.66 - - [23/May/2011:02:43:14 -0700] "GET /rw_common/themes/simple/css/styles/vibrant_pink.css HTTP/1.1" 200 276 "http://www.handwritinginsights.com/lesson.html" "Mozilla/4.0 (compatible; MSIE 8.0; Windows NT 5.1; Trident/4.0)"
117.195.66.66 - - [23/May/2011:02:43:15 -0700] "GET /rw_common/themes/simple/css/width/width_1000.css HTTP/1.1" 200 30 "http://www.handwritinginsights.com/lesson.html" "Mozilla/4.0 (compatible; MSIE 8.0; Windows NT 5.1; Trident/4.0)"
