58.169.225.197 - - [20/May/2011:04:01:21 -0700] "GET /JobSkills2_files/page37_3.jpg HTTP/1.1" 200 39162 "http://www.handwritinginsights.com/JobSkills2.html" "Mozilla/4.0 (compatible; MSIE 8.0; Windows NT 6.1; WOW64; Trident/4.0; SIMBAR={CBEB4EFB-6CC9-4288-9E21-83E61E0CA005}; GTB7.0; SLCC2; .NET CLR 2.0.50727; .NET CLR 3.5.30729; .NET CLR 3.0.30729; Media Center PC 6.0; BRI/2; .NET4.0C)"
124.168.92.115 - - [20/May/2011:04:01:21 -0700] "GET /rw_common/themes/simple/javascript.js HTTP/1.1" 200 14608 "http://www.handwritinginsights.com/" "Mozilla/5.0 (Windows NT 6.1; WOW64) AppleWebKit/534.24 (KHTML, like Gecko) Chrome/11.0.696.68 Safari/534.24"
124.168.92.115 - - [20/May/2011:04:01:21 -0700] "GET /rw_common/themes/simple/print.css HTTP/1.1" 200 3818 "http://www.handwritinginsights.com/" "Mozilla/5.0 (Windows NT 6.1; WOW64) AppleWebKit/534.24 (KHTML, like Gecko) Chrome/11.0.696.68 Safari/534.24"
124.168.92.115 - - [20/May/2011:04:01:21 -0700] "GET /rw_common/themes/simple/css/styles/vibrant_pink.css HTTP/1.1" 200 276 "http://www.handwritinginsights.com/" "Mozilla/5.0 (Windows NT 6.1; WOW64) AppleWebKit/534.24 (KHTML, like Gecko) Chrome/11.0.696.68 Safari/534.24"
124.168.92.115 - - [20/May/2011:04:01:21 -0700] "GET /rw_common/themes/simple/css/width/width_1000.css HTTP/1.1" 200 30 "http://www.handwritinginsights.com/" "Mozilla/5.0 (Windows NT 6.1; WOW64) AppleWebKit/534.24 (KHTML, like Gecko) Chrome/11.0.696.68 Safari/534.24"
124.168.92.115 - - [20/May/2011:04:01:21 -0700] "GET /rw_common/themes/simple/css/sidebar/sidebar_left.css HTTP/1.1" 200 99 "http://www.handwritinginsights.com/" "Mozilla/5.0 (Windows NT 6.1; WOW64) AppleWebKit/534.24 (KHTML, like Gecko) Chrome/11.0.696.68 Safari/534.24"
124.168.92.115 - - [20/May/2011:04:01:21 -0700] "GET /rw_common/themes/simple/handheld.css HTTP/1.1" 200 6005 "http://www.handwritinginsights.com/" "Mozilla/5.0 (Windows NT 6.1; WOW64) AppleWebKit/534.24 (KHTML, like Gecko) Chrome/11.0.696.68 Safari/534.24"
124.168.92.115 - - [20/May/2011:04:01:22 -0700] "GET /rw_common/themes/simple/styles.css HTTP/1.1" 200 13520 "http://www.handwritinginsights.com/" "Mozilla/5.0 (Windows NT 6.1; WOW64) AppleWebKit/534.24 (KHTML, like Gecko) Chrome/11.0.696.68 Safari/534.24"
124.168.92.115 - - [20/May/2011:04:01:23 -0700] "GET /index_files/page0_2.jpg HTTP/1.1" 200 64940 "http://www.handwritinginsights.com/" "Mozilla/5.0 (Windows NT 6.1; WOW64) AppleWebKit/534.24 (KHTML, like Gecko) Chrome/11.0.696.68 Safari/534.24"
124.168.92.115 - - [20/May/2011:04:01:23 -0700] "GET /rw_common/images/Untitled-2.jpg HTTP/1.1" 200 32135 "http://www.handwritinginsights.com/" "Mozilla/5.0 (Windows NT 6.1; WOW64) AppleWebKit/534.24 (KHTML, like Gecko) Chrome/11.0.696.68 Safari/534.24"
124.168.92.115 - - [20/May/2011:04:01:23 -0700] "GET /rw_common/themes/simple/images/button_normal.png HTTP/1.1" 200 192 "http://www.handwritinginsights.com/" "Mozilla/5.0 (Windows NT 6.1; WOW64) AppleWebKit/534.24 (KHTML, like Gecko) Chrome/11.0.696.68 Safari/534.24"
124.168.92.115 - - [20/May/2011:04:01:23 -0700] "GET /index_files/page0_1.jpg HTTP/1.1" 200 10960 "http://www.handwritinginsights.com/" "Mozilla/5.0 (Windows NT 6.1; WOW64) AppleWebKit/534.24 (KHTML, like Gecko) Chrome/11.0.696.68 Safari/534.24"
124.168.92.115 - - [20/May/2011:04:01:23 -0700] "GET /rw_common/themes/simple/images/button_down.png HTTP/1.1" 200 196 "http://www.handwritinginsights.com/" "Mozilla/5.0 (Windows NT 6.1; WOW64) AppleWebKit/534.24 (KHTML, like Gecko) Chrome/11.0.696.68 Safari/534.24"
124.168.92.115 - - [20/May/2011:04:01:24 -0700] "GET /rw_common/themes/simple/images/header_bg.png HTTP/1.1" 200 155 "http://www.handwritinginsights.com/" "Mozilla/5.0 (Windows NT 6.1; WOW64) AppleWebKit/534.24 (KHTML, like Gecko) Chrome/11.0.696.68 Safari/534.24"
124.168.92.115 - - [20/May/2011:04:01:25 -0700] "GET /index_files/page0_7.jpg HTTP/1.1" 200 51695 "http://www.handwritinginsights.com/" "Mozilla/5.0 (Windows NT 6.1; WOW64) AppleWebKit/534.24 (KHTML, like Gecko) Chrome/11.0.696.68 Safari/534.24"
124.168.92.115 - - [20/May/2011:04:01:25 -0700] "GET /index_files/page0_4.jpg HTTP/1.1" 200 100463 "http://www.handwritinginsights.com/" "Mozilla/5.0 (Windows NT 6.1; WOW64) AppleWebKit/534.24 (KHTML, like Gecko) Chrome/11.0.696.68 Safari/534.24"
124.168.92.115 - - [20/May/2011:04:01:26 -0700] "GET /index_files/page0_3.jpg HTTP/1.1" 200 93261 "http://www.handwritinginsights.com/" "Mozilla/5.0 (Windows NT 6.1; WOW64) AppleWebKit/534.24 (KHTML, like Gecko) Chrome/11.0.696.68 Safari/534.24"
124.168.92.115 - - [20/May/2011:04:01:27 -0700] "GET /index_files/page0_5.jpg HTTP/1.1" 200 108875 "http://www.handwritinginsights.com/" "Mozilla/5.0 (Windows NT 6.1; WOW64) AppleWebKit/534.24 (KHTML, like Gecko) Chrome/11.0.696.68 Safari/534.24"
124.168.92.115 - - [20/May/2011:04:01:28 -0700] "GET /index_files/page0_6.jpg HTTP/1.1" 200 243962 "http://www.handwritinginsights.com/" "Mozilla/5.0 (Windows NT 6.1; WOW64) AppleWebKit/534.24 (KHTML, like Gecko) Chrome/11.0.696.68 Safari/534.24"
58.169.225.197 - - [20/May/2011:04:01:38 -0700] "GET /JobSkills2_files/page37_4.jpg HTTP/1.1" 200 16652 "http://www.handwritinginsights.com/JobSkills2.html" "Mozilla/4.0 (compatible; MSIE 8.0; Windows NT 6.1; WOW64; Trident/4.0; SIMBAR={CBEB4EFB-6CC9-4288-9E21-83E61E0CA005}; GTB7.0; SLCC2; .NET CLR 2.0.50727; .NET CLR 3.5.30729; .NET CLR 3.0.30729; Media Center PC 6.0; BRI/2; .NET4.0C)"
58.169.225.197 - - [20/May/2011:04:01:38 -0700] "GET /JobSkills2_files/page37_7.jpg HTTP/1.1" 200 25934 "http://www.handwritinginsights.com/JobSkills2.html" "Mozilla/4.0 (compatible; MSIE 8.0; Windows NT 6.1; WOW64; Trident/4.0; SIMBAR={CBEB4EFB-6CC9-4288-9E21-83E61E0CA005}; GTB7.0; SLCC2; .NET CLR 2.0.50727; .NET CLR 3.5.30729; .NET CLR 3.0.30729; Media Center PC 6.0; BRI/2; .NET4.0C)"
58.169.225.197 - - [20/May/2011:04:01:41 -0700] "GET /JobSkills2_files/page37_8.jpg HTTP/1.1" 200 17564 "http://www.handwritinginsights.com/JobSkills2.html" "Mozilla/4.0 (compatible; MSIE 8.0; Windows NT 6.1; WOW64; Trident/4.0; SIMBAR={CBEB4EFB-6CC9-4288-9E21-83E61E0CA005}; GTB7.0; SLCC2; .NET CLR 2.0.50727; .NET CLR 3.5.30729; .NET CLR 3.0.30729; Media Center PC 6.0; BRI/2; .NET4.0C)"
207.46.13.88 - - [20/May/2011:04:01:47 -0700] "GET /robots.txt HTTP/1.1" 404 216 "-" "Mozilla/5.0 (compatible; bingbot/2.0; +http://www.bing.com/bingbot.htm)"
124.168.92.115 - - [20/May/2011:04:01:49 -0700] "GET /favicon.ico HTTP/1.1" 404 217 "-" "Mozilla/5.0 (Windows NT 6.1; WOW64) AppleWebKit/534.24 (KHTML, like Gecko) Chrome/11.0.696.68 Safari/534.24"
58.169.225.197 - - [20/May/2011:04:01:56 -0700] "GET /JobSkills2_files/page37_9.jpg HTTP/1.1" 200 100463 "http://www.handwritinginsights.com/JobSkills2.html" "Mozilla/4.0 (compatible; MSIE 8.0; Windows NT 6.1; WOW64; Trident/4.0; SIMBAR={CBEB4EFB-6CC9-4288-9E21-83E61E0CA005}; GTB7.0; SLCC2; .NET CLR 2.0.50727; .NET CLR 3.5.30729; .NET CLR 3.0.30729; Media Center PC 6.0; BRI/2; .NET4.0C)"
58.169.225.197 - - [20/May/2011:04:01:59 -0700] "GET /JobSkills2_files/page37_12.jpg HTTP/1.1" 200 51695 "http://www.handwritinginsights.com/JobSkills2.html" "Mozilla/4.0 (compatible; MSIE 8.0; Windows NT 6.1; WOW64; Trident/4.0; SIMBAR={CBEB4EFB-6CC9-4288-9E21-83E61E0CA005}; GTB7.0; SLCC2; .NET CLR 2.0.50727; .NET CLR 3.5.30729; .NET CLR 3.0.30729; Media Center PC 6.0; BRI/2; .NET4.0C)"
58.169.225.197 - - [20/May/2011:04:02:02 -0700] "GET /rw_common/themes/simple/images/button_normal.png HTTP/1.1" 200 192 "http://www.handwritinginsights.com/JobSkills2.html" "Mozilla/4.0 (compatible; MSIE 8.0; Windows NT 6.1; WOW64; Trident/4.0; SIMBAR={CBEB4EFB-6CC9-4288-9E21-83E61E0CA005}; GTB7.0; SLCC2; .NET CLR 2.0.50727; .NET CLR 3.5.30729; .NET CLR 3.0.30729; Media Center PC 6.0; BRI/2; .NET4.0C)"
58.169.225.197 - - [20/May/2011:04:02:03 -0700] "GET /rw_common/themes/simple/images/button_down.png HTTP/1.1" 200 196 "http://www.handwritinginsights.com/JobSkills2.html" "Mozilla/4.0 (compatible; MSIE 8.0; Windows NT 6.1; WOW64; Trident/4.0; SIMBAR={CBEB4EFB-6CC9-4288-9E21-83E61E0CA005}; GTB7.0; SLCC2; .NET CLR 2.0.50727; .NET CLR 3.5.30729; .NET CLR 3.0.30729; Media Center PC 6.0; BRI/2; .NET4.0C)"
58.169.225.197 - - [20/May/2011:04:02:06 -0700] "GET /JobSkills2_files/page37_10.jpg HTTP/1.1" 200 108875 "http://www.handwritinginsights.com/JobSkills2.html" "Mozilla/4.0 (compatible; MSIE 8.0; Windows NT 6.1; WOW64; Trident/4.0; SIMBAR={CBEB4EFB-6CC9-4288-9E21-83E61E0CA005}; GTB7.0; SLCC2; .NET CLR 2.0.50727; .NET CLR 3.5.30729; .NET CLR 3.0.30729; Media Center PC 6.0; BRI/2; .NET4.0C)"
58.169.225.197 - - [20/May/2011:04:02:16 -0700] "GET /JobSkills2_files/page37_11.jpg HTTP/1.1" 200 65536 "http://www.handwritinginsights.com/JobSkills2.html" "Mozilla/4.0 (compatible; MSIE 8.0; Windows NT 6.1; WOW64; Trident/4.0; SIMBAR={CBEB4EFB-6CC9-4288-9E21-83E61E0CA005}; GTB7.0; SLCC2; .NET CLR 2.0.50727; .NET CLR 3.5.30729; .NET CLR 3.0.30729; Media Center PC 6.0; BRI/2; .NET4.0C)"
218.186.17.251 - - [20/May/2011:04:02:29 -0700] "GET / HTTP/1.1" 200 32293 "http://www.google.com/search?client=safari&rls=en&q=how+to+analyse+handwriting&ie=UTF-8&oe=UTF-8" "Mozilla/5.0 (Macintosh; U; Intel Mac OS X 10_6_5; en-us) AppleWebKit/533.18.1 (KHTML, like Gecko) Version/5.0.2 Safari/533.18.5"
218.186.17.251 - - [20/May/2011:04:02:30 -0700] "GET /rw_common/themes/simple/css/sidebar/sidebar_left.css HTTP/1.1" 200 99 "http://www.handwritinginsights.com/" "Mozilla/5.0 (Macintosh; U; Intel Mac OS X 10_6_5; en-us) AppleWebKit/533.18.1 (KHTML, like Gecko) Version/5.0.2 Safari/533.18.5"
218.186.17.251 - - [20/May/2011:04:02:30 -0700] "GET /rw_common/themes/simple/css/styles/vibrant_pink.css HTTP/1.1" 200 276 "http://www.handwritinginsights.com/" "Mozilla/5.0 (Macintosh; U; Intel Mac OS X 10_6_5; en-us) AppleWebKit/533.18.1 (KHTML, like Gecko) Version/5.0.2 Safari/533.18.5"
218.186.17.251 - - [20/May/2011:04:02:30 -0700] "GET /rw_common/themes/simple/styles.css HTTP/1.1" 200 13520 "http://www.handwritinginsights.com/" "Mozilla/5.0 (Macintosh; U; Intel Mac OS X 10_6_5; en-us) AppleWebKit/533.18.1 (KHTML, like Gecko) Version/5.0.2 Safari/533.18.5"
218.186.17.251 - - [20/May/2011:04:02:30 -0700] "GET /rw_common/themes/simple/handheld.css HTTP/1.1" 200 6005 "http://www.handwritinginsights.com/" "Mozilla/5.0 (Macintosh; U; Intel Mac OS X 10_6_5; en-us) AppleWebKit/533.18.1 (KHTML, like Gecko) Version/5.0.2 Safari/533.18.5"
218.186.17.251 - - [20/May/2011:04:02:30 -0700] "GET /rw_common/themes/simple/css/width/width_1000.css HTTP/1.1" 200 30 "http://www.handwritinginsights.com/" "Mozilla/5.0 (Macintosh; U; Intel Mac OS X 10_6_5; en-us) AppleWebKit/533.18.1 (KHTML, like Gecko) Version/5.0.2 Safari/533.18.5"
218.186.17.251 - - [20/May/2011:04:02:30 -0700] "GET /rw_common/themes/simple/print.css HTTP/1.1" 200 3818 "http://www.handwritinginsights.com/" "Mozilla/5.0 (Macintosh; U; Intel Mac OS X 10_6_5; en-us) AppleWebKit/533.18.1 (KHTML, like Gecko) Version/5.0.2 Safari/533.18.5"
218.186.17.251 - - [20/May/2011:04:02:30 -0700] "GET /rw_common/themes/simple/javascript.js HTTP/1.1" 200 14608 "http://www.handwritinginsights.com/" "Mozilla/5.0 (Macintosh; U; Intel Mac OS X 10_6_5; en-us) AppleWebKit/533.18.1 (KHTML, like Gecko) Version/5.0.2 Safari/533.18.5"
218.186.17.251 - - [20/May/2011:04:02:31 -0700] "GET /index_files/page0_2.jpg HTTP/1.1" 200 64940 "http://www.handwritinginsights.com/" "Mozilla/5.0 (Macintosh; U; Intel Mac OS X 10_6_5; en-us) AppleWebKit/533.18.1 (KHTML, like Gecko) Version/5.0.2 Safari/533.18.5"
218.186.17.251 - - [20/May/2011:04:02:31 -0700] "GET /rw_common/themes/simple/images/header_bg.png HTTP/1.1" 200 155 "http://www.handwritinginsights.com/" "Mozilla/5.0 (Macintosh; U; Intel Mac OS X 10_6_5; en-us) AppleWebKit/533.18.1 (KHTML, like Gecko) Version/5.0.2 Safari/533.18.5"
218.186.17.251 - - [20/May/2011:04:02:31 -0700] "GET /index_files/page0_1.jpg HTTP/1.1" 200 10960 "http://www.handwritinginsights.com/" "Mozilla/5.0 (Macintosh; U; Intel Mac OS X 10_6_5; en-us) AppleWebKit/533.18.1 (KHTML, like Gecko) Version/5.0.2 Safari/533.18.5"
218.186.17.251 - - [20/May/2011:04:02:31 -0700] "GET /rw_common/themes/simple/images/button_normal.png HTTP/1.1" 200 192 "http://www.handwritinginsights.com/" "Mozilla/5.0 (Macintosh; U; Intel Mac OS X 10_6_5; en-us) AppleWebKit/533.18.1 (KHTML, like Gecko) Version/5.0.2 Safari/533.18.5"
218.186.17.251 - - [20/May/2011:04:02:31 -0700] "GET /rw_common/themes/simple/images/button_down.png HTTP/1.1" 200 196 "http://www.handwritinginsights.com/" "Mozilla/5.0 (Macintosh; U; Intel Mac OS X 10_6_5; en-us) AppleWebKit/533.18.1 (KHTML, like Gecko) Version/5.0.2 Safari/533.18.5"
218.186.17.251 - - [20/May/2011:04:02:31 -0700] "GET /rw_common/images/Untitled-2.jpg HTTP/1.1" 200 32135 "http://www.handwritinginsights.com/" "Mozilla/5.0 (Macintosh; U; Intel Mac OS X 10_6_5; en-us) AppleWebKit/533.18.1 (KHTML, like Gecko) Version/5.0.2 Safari/533.18.5"
218.186.17.251 - - [20/May/2011:04:02:32 -0700] "GET /index_files/page0_5.jpg HTTP/1.1" 200 108875 "http://www.handwritinginsights.com/" "Mozilla/5.0 (Macintosh; U; Intel Mac OS X 10_6_5; en-us) AppleWebKit/533.18.1 (KHTML, like Gecko) Version/5.0.2 Safari/533.18.5"
218.186.17.251 - - [20/May/2011:04:02:32 -0700] "GET /index_files/page0_7.jpg HTTP/1.1" 200 51695 "http://www.handwritinginsights.com/" "Mozilla/5.0 (Macintosh; U; Intel Mac OS X 10_6_5; en-us) AppleWebKit/533.18.1 (KHTML, like Gecko) Version/5.0.2 Safari/533.18.5"
218.186.17.251 - - [20/May/2011:04:02:32 -0700] "GET /index_files/page0_4.jpg HTTP/1.1" 200 100463 "http://www.handwritinginsights.com/" "Mozilla/5.0 (Macintosh; U; Intel Mac OS X 10_6_5; en-us) AppleWebKit/533.18.1 (KHTML, like Gecko) Version/5.0.2 Safari/533.18.5"
218.186.17.251 - - [20/May/2011:04:02:32 -0700] "GET /index_files/page0_3.jpg HTTP/1.1" 200 93261 "http://www.handwritinginsights.com/" "Mozilla/5.0 (Macintosh; U; Intel Mac OS X 10_6_5; en-us) AppleWebKit/533.18.1 (KHTML, like Gecko) Version/5.0.2 Safari/533.18.5"
218.186.17.251 - - [20/May/2011:04:02:33 -0700] "GET /index_files/page0_6.jpg HTTP/1.1" 200 243962 "http://www.handwritinginsights.com/" "Mozilla/5.0 (Macintosh; U; Intel Mac OS X 10_6_5; en-us) AppleWebKit/533.18.1 (KHTML, like Gecko) Version/5.0.2 Safari/533.18.5"
218.186.17.251 - - [20/May/2011:04:02:34 -0700] "GET /favicon.ico HTTP/1.1" 404 217 "http://www.handwritinginsights.com/" "Mozilla/5.0 (Macintosh; U; Intel Mac OS X 10_6_5; en-us) AppleWebKit/533.18.1 (KHTML, like Gecko) Version/5.0.2 Safari/533.18.5"
218.186.17.251 - - [20/May/2011:04:02:36 -0700] "GET /FreeAP_files/page39_5.gif HTTP/1.1" 200 22973 "http://www.handwritinginsights.com/FreeAP.html" "Mozilla/5.0 (Macintosh; U; Intel Mac OS X 10_6_5; en-us) AppleWebKit/533.18.1 (KHTML, like Gecko) Version/5.0.2 Safari/533.18.5"
218.186.17.251 - - [20/May/2011:04:02:36 -0700] "GET /FreeAP_files/page39_8.gif HTTP/1.1" 200 76900 "http://www.handwritinginsights.com/FreeAP.html" "Mozilla/5.0 (Macintosh; U; Intel Mac OS X 10_6_5; en-us) AppleWebKit/533.18.1 (KHTML, like Gecko) Version/5.0.2 Safari/533.18.5"
218.186.17.251 - - [20/May/2011:04:02:36 -0700] "GET /FreeAP_files/page39_4.jpg HTTP/1.1" 200 61738 "http://www.handwritinginsights.com/FreeAP.html" "Mozilla/5.0 (Macintosh; U; Intel Mac OS X 10_6_5; en-us) AppleWebKit/533.18.1 (KHTML, like Gecko) Version/5.0.2 Safari/533.18.5"
218.186.17.251 - - [20/May/2011:04:02:36 -0700] "GET /FreeAP_files/page39_1.jpg HTTP/1.1" 200 26753 "http://www.handwritinginsights.com/FreeAP.html" "Mozilla/5.0 (Macintosh; U; Intel Mac OS X 10_6_5; en-us) AppleWebKit/533.18.1 (KHTML, like Gecko) Version/5.0.2 Safari/533.18.5"
218.186.17.251 - - [20/May/2011:04:02:36 -0700] "GET /FreeAP_files/page39_7.gif HTTP/1.1" 200 21313 "http://www.handwritinginsights.com/FreeAP.html" "Mozilla/5.0 (Macintosh; U; Intel Mac OS X 10_6_5; en-us) AppleWebKit/533.18.1 (KHTML, like Gecko) Version/5.0.2 Safari/533.18.5"
218.186.17.251 - - [20/May/2011:04:02:36 -0700] "GET /FreeAP_files/page39_3.jpg HTTP/1.1" 200 28673 "http://www.handwritinginsights.com/FreeAP.html" "Mozilla/5.0 (Macintosh; U; Intel Mac OS X 10_6_5; en-us) AppleWebKit/533.18.1 (KHTML, like Gecko) Version/5.0.2 Safari/533.18.5"
218.186.17.251 - - [20/May/2011:04:02:36 -0700] "GET /FreeAP.html HTTP/1.1" 200 9461 "http://www.handwritinginsights.com/" "Mozilla/5.0 (Macintosh; U; Intel Mac OS X 10_6_5; en-us) AppleWebKit/533.18.1 (KHTML, like Gecko) Version/5.0.2 Safari/533.18.5"
218.186.17.251 - - [20/May/2011:04:02:37 -0700] "GET /FreeAP_files/page39_2.jpg HTTP/1.1" 200 68752 "http://www.handwritinginsights.com/FreeAP.html" "Mozilla/5.0 (Macintosh; U; Intel Mac OS X 10_6_5; en-us) AppleWebKit/533.18.1 (KHTML, like Gecko) Version/5.0.2 Safari/533.18.5"
218.186.17.251 - - [20/May/2011:04:02:37 -0700] "GET /FreeAP_files/page39_9.jpg HTTP/1.1" 200 38173 "http://www.handwritinginsights.com/FreeAP.html" "Mozilla/5.0 (Macintosh; U; Intel Mac OS X 10_6_5; en-us) AppleWebKit/533.18.1 (KHTML, like Gecko) Version/5.0.2 Safari/533.18.5"
218.186.17.251 - - [20/May/2011:04:02:37 -0700] "GET /FreeAP_files/page39_10.jpg HTTP/1.1" 200 64136 "http://www.handwritinginsights.com/FreeAP.html" "Mozilla/5.0 (Macintosh; U; Intel Mac OS X 10_6_5; en-us) AppleWebKit/533.18.1 (KHTML, like Gecko) Version/5.0.2 Safari/533.18.5"
218.186.17.251 - - [20/May/2011:04:02:38 -0700] "GET /FreeAP_files/page39_6.gif HTTP/1.1" 200 72173 "http://www.handwritinginsights.com/FreeAP.html" "Mozilla/5.0 (Macintosh; U; Intel Mac OS X 10_6_5; en-us) AppleWebKit/533.18.1 (KHTML, like Gecko) Version/5.0.2 Safari/533.18.5"
207.46.13.88 - - [20/May/2011:04:02:56 -0700] "GET / HTTP/1.1" 200 32293 "-" "Mozilla/5.0 (compatible; bingbot/2.0; +http://www.bing.com/bingbot.htm)"
208.115.111.72 - - [20/May/2011:04:04:28 -0700] "GET /robots.txt HTTP/1.1" 404 216 "-" "Mozilla/5.0 (compatible; Ezooms/1.0; ezooms.bot@gmail.com)"
208.115.111.248 - - [20/May/2011:04:06:27 -0700] "GET /FreeAP.html HTTP/1.1" 200 9461 "-" "Mozilla/5.0 (compatible; DotBot/1.1; http://www.dotnetdotcom.org/, crawler@dotnetdotcom.org)"
208.115.111.248 - - [20/May/2011:04:06:28 -0700] "GET /JobSkills2.html HTTP/1.1" 200 32756 "-" "Mozilla/5.0 (compatible; DotBot/1.1; http://www.dotnetdotcom.org/, crawler@dotnetdotcom.org)"
208.115.111.248 - - [20/May/2011:04:06:30 -0700] "GET /TransAP.html HTTP/1.1" 200 16169 "-" "Mozilla/5.0 (compatible; DotBot/1.1; http://www.dotnetdotcom.org/, crawler@dotnetdotcom.org)"
122.178.232.231 - - [20/May/2011:04:06:31 -0700] "GET / HTTP/1.1" 200 32293 "http://www.google.co.in/url?sa=t&source=web&cd=3&ved=0CCgQFjAC&url=http%3A%2F%2Fwww.handwritinginsights.com%2F&rct=j&q=handwriting%20analysis%20personality&ei=PErWTZjwAo7qrQe6zYT4BQ&usg=AFQjCNEICSJoJkVMgTFu2A41Q60rJogRmw&sig2=Qq4ARpOTxg7FV-c2-zS1TA&cad=rja" "Mozilla/5.0 (Windows NT 5.1; rv:2.0.1) Gecko/20100101 Firefox/4.0.1"
208.115.111.248 - - [20/May/2011:04:06:31 -0700] "GET /compare.html HTTP/1.1" 200 30568 "-" "Mozilla/5.0 (compatible; DotBot/1.1; http://www.dotnetdotcom.org/, crawler@dotnetdotcom.org)"
122.178.232.231 - - [20/May/2011:04:06:32 -0700] "GET /rw_common/themes/simple/handheld.css HTTP/1.1" 200 6005 "http://www.handwritinginsights.com/" "Mozilla/5.0 (Windows NT 5.1; rv:2.0.1) Gecko/20100101 Firefox/4.0.1"
122.178.232.231 - - [20/May/2011:04:06:32 -0700] "GET /rw_common/themes/simple/css/sidebar/sidebar_left.css HTTP/1.1" 200 99 "http://www.handwritinginsights.com/" "Mozilla/5.0 (Windows NT 5.1; rv:2.0.1) Gecko/20100101 Firefox/4.0.1"
122.178.232.231 - - [20/May/2011:04:06:32 -0700] "GET /rw_common/themes/simple/styles.css HTTP/1.1" 200 13520 "http://www.handwritinginsights.com/" "Mozilla/5.0 (Windows NT 5.1; rv:2.0.1) Gecko/20100101 Firefox/4.0.1"
122.178.232.231 - - [20/May/2011:04:06:32 -0700] "GET /index_files/page0_1.jpg HTTP/1.1" 200 10960 "http://www.handwritinginsights.com/" "Mozilla/5.0 (Windows NT 5.1; rv:2.0.1) Gecko/20100101 Firefox/4.0.1"
122.178.232.231 - - [20/May/2011:04:06:32 -0700] "GET /rw_common/themes/simple/javascript.js HTTP/1.1" 200 14608 "http://www.handwritinginsights.com/" "Mozilla/5.0 (Windows NT 5.1; rv:2.0.1) Gecko/20100101 Firefox/4.0.1"
122.178.232.231 - - [20/May/2011:04:06:32 -0700] "GET /index_files/page0_2.jpg HTTP/1.1" 200 64940 "http://www.handwritinginsights.com/" "Mozilla/5.0 (Windows NT 5.1; rv:2.0.1) Gecko/20100101 Firefox/4.0.1"
122.178.232.231 - - [20/May/2011:04:06:32 -0700] "GET /rw_common/images/Untitled-2.jpg HTTP/1.1" 200 32135 "http://www.handwritinginsights.com/" "Mozilla/5.0 (Windows NT 5.1; rv:2.0.1) Gecko/20100101 Firefox/4.0.1"
122.178.232.231 - - [20/May/2011:04:06:32 -0700] "GET /rw_common/themes/simple/print.css HTTP/1.1" 200 3818 "http://www.handwritinginsights.com/" "Mozilla/5.0 (Windows NT 5.1; rv:2.0.1) Gecko/20100101 Firefox/4.0.1"
208.115.111.248 - - [20/May/2011:04:06:33 -0700] "GET /contacts.html HTTP/1.1" 200 7981 "-" "Mozilla/5.0 (compatible; DotBot/1.1; http://www.dotnetdotcom.org/, crawler@dotnetdotcom.org)"
122.178.232.231 - - [20/May/2011:04:06:33 -0700] "GET /rw_common/themes/simple/css/styles/vibrant_pink.css HTTP/1.1" 200 276 "http://www.handwritinginsights.com/" "Mozilla/5.0 (Windows NT 5.1; rv:2.0.1) Gecko/20100101 Firefox/4.0.1"
122.178.232.231 - - [20/May/2011:04:06:33 -0700] "GET /rw_common/themes/simple/css/width/width_1000.css HTTP/1.1" 200 30 "http://www.handwritinginsights.com/" "Mozilla/5.0 (Windows NT 5.1; rv:2.0.1) Gecko/20100101 Firefox/4.0.1"
122.178.232.231 - - [20/May/2011:04:06:33 -0700] "GET /index_files/page0_7.jpg HTTP/1.1" 200 51695 "http://www.handwritinginsights.com/" "Mozilla/5.0 (Windows NT 5.1; rv:2.0.1) Gecko/20100101 Firefox/4.0.1"
122.178.232.231 - - [20/May/2011:04:06:34 -0700] "GET /index_files/page0_3.jpg HTTP/1.1" 200 93261 "http://www.handwritinginsights.com/" "Mozilla/5.0 (Windows NT 5.1; rv:2.0.1) Gecko/20100101 Firefox/4.0.1"
122.178.232.231 - - [20/May/2011:04:06:34 -0700] "GET /index_files/page0_4.jpg HTTP/1.1" 200 100463 "http://www.handwritinginsights.com/" "Mozilla/5.0 (Windows NT 5.1; rv:2.0.1) Gecko/20100101 Firefox/4.0.1"
122.178.232.231 - - [20/May/2011:04:06:35 -0700] "GET /index_files/page0_5.jpg HTTP/1.1" 200 108875 "http://www.handwritinginsights.com/" "Mozilla/5.0 (Windows NT 5.1; rv:2.0.1) Gecko/20100101 Firefox/4.0.1"
122.178.232.231 - - [20/May/2011:04:06:35 -0700] "GET /rw_common/themes/simple/images/button_down.png HTTP/1.1" 200 196 "http://www.handwritinginsights.com/rw_common/themes/simple/styles.css" "Mozilla/5.0 (Windows NT 5.1; rv:2.0.1) Gecko/20100101 Firefox/4.0.1"
208.115.111.248 - - [20/May/2011:04:06:35 -0700] "GET /declaration.htm HTTP/1.1" 200 14859 "-" "Mozilla/5.0 (compatible; DotBot/1.1; http://www.dotnetdotcom.org/, crawler@dotnetdotcom.org)"
122.178.232.231 - - [20/May/2011:04:06:35 -0700] "GET /rw_common/themes/simple/images/header_bg.png HTTP/1.1" 200 155 "http://www.handwritinginsights.com/rw_common/themes/simple/styles.css" "Mozilla/5.0 (Windows NT 5.1; rv:2.0.1) Gecko/20100101 Firefox/4.0.1"
122.178.232.231 - - [20/May/2011:04:06:35 -0700] "GET /rw_common/themes/simple/images/button_normal.png HTTP/1.1" 200 192 "http://www.handwritinginsights.com/rw_common/themes/simple/styles.css" "Mozilla/5.0 (Windows NT 5.1; rv:2.0.1) Gecko/20100101 Firefox/4.0.1"
208.115.111.248 - - [20/May/2011:04:06:37 -0700] "GET /directory.html HTTP/1.1" 200 16586 "-" "Mozilla/5.0 (compatible; DotBot/1.1; http://www.dotnetdotcom.org/, crawler@dotnetdotcom.org)"
208.115.111.248 - - [20/May/2011:04:06:38 -0700] "GET /ideas.html HTTP/1.1" 200 17553 "-" "Mozilla/5.0 (compatible; DotBot/1.1; http://www.dotnetdotcom.org/, crawler@dotnetdotcom.org)"
122.178.232.231 - - [20/May/2011:04:06:39 -0700] "GET /FreeAP_files/page39_1.jpg HTTP/1.1" 200 26753 "http://www.handwritinginsights.com/FreeAP.html" "Mozilla/5.0 (Windows NT 5.1; rv:2.0.1) Gecko/20100101 Firefox/4.0.1"
122.178.232.231 - - [20/May/2011:04:06:39 -0700] "GET /favicon.ico HTTP/1.1" 404 217 "-" "Mozilla/5.0 (Windows NT 5.1; rv:2.0.1) Gecko/20100101 Firefox/4.0.1"
122.178.232.231 - - [20/May/2011:04:06:39 -0700] "GET /index_files/page0_6.jpg HTTP/1.1" 200 131072 "http://www.handwritinginsights.com/" "Mozilla/5.0 (Windows NT 5.1; rv:2.0.1) Gecko/20100101 Firefox/4.0.1"
122.178.232.231 - - [20/May/2011:04:06:39 -0700] "GET /FreeAP.html HTTP/1.1" 200 9461 "http://www.handwritinginsights.com/" "Mozilla/5.0 (Windows NT 5.1; rv:2.0.1) Gecko/20100101 Firefox/4.0.1"
122.178.232.231 - - [20/May/2011:04:06:39 -0700] "GET /favicon.ico HTTP/1.1" 404 217 "-" "Mozilla/5.0 (Windows NT 5.1; rv:2.0.1) Gecko/20100101 Firefox/4.0.1"
208.115.111.248 - - [20/May/2011:04:06:39 -0700] "GET /index.html HTTP/1.1" 200 32293 "-" "Mozilla/5.0 (compatible; DotBot/1.1; http://www.dotnetdotcom.org/, crawler@dotnetdotcom.org)"
122.178.232.231 - - [20/May/2011:04:06:39 -0700] "GET /FreeAP_files/page39_5.gif HTTP/1.1" 200 22973 "http://www.handwritinginsights.com/FreeAP.html" "Mozilla/5.0 (Windows NT 5.1; rv:2.0.1) Gecko/20100101 Firefox/4.0.1"
122.178.232.231 - - [20/May/2011:04:06:40 -0700] "GET /FreeAP_files/page39_6.gif HTTP/1.1" 200 72173 "http://www.handwritinginsights.com/FreeAP.html" "Mozilla/5.0 (Windows NT 5.1; rv:2.0.1) Gecko/20100101 Firefox/4.0.1"
122.178.232.231 - - [20/May/2011:04:06:40 -0700] "GET /FreeAP_files/page39_2.jpg HTTP/1.1" 200 68752 "http://www.handwritinginsights.com/FreeAP.html" "Mozilla/5.0 (Windows NT 5.1; rv:2.0.1) Gecko/20100101 Firefox/4.0.1"
122.178.232.231 - - [20/May/2011:04:06:40 -0700] "GET /FreeAP_files/page39_4.jpg HTTP/1.1" 200 61738 "http://www.handwritinginsights.com/FreeAP.html" "Mozilla/5.0 (Windows NT 5.1; rv:2.0.1) Gecko/20100101 Firefox/4.0.1"
122.178.232.231 - - [20/May/2011:04:06:40 -0700] "GET /FreeAP_files/page39_3.jpg HTTP/1.1" 200 28673 "http://www.handwritinginsights.com/FreeAP.html" "Mozilla/5.0 (Windows NT 5.1; rv:2.0.1) Gecko/20100101 Firefox/4.0.1"
208.115.111.248 - - [20/May/2011:04:06:41 -0700] "GET /terms.html HTTP/1.1" 200 56478 "-" "Mozilla/5.0 (compatible; DotBot/1.1; http://www.dotnetdotcom.org/, crawler@dotnetdotcom.org)"
122.178.232.231 - - [20/May/2011:04:06:41 -0700] "GET /FreeAP_files/page39_7.gif HTTP/1.1" 200 21313 "http://www.handwritinginsights.com/FreeAP.html" "Mozilla/5.0 (Windows NT 5.1; rv:2.0.1) Gecko/20100101 Firefox/4.0.1"
122.178.232.231 - - [20/May/2011:04:06:41 -0700] "GET /FreeAP_files/page39_9.jpg HTTP/1.1" 200 38173 "http://www.handwritinginsights.com/FreeAP.html" "Mozilla/5.0 (Windows NT 5.1; rv:2.0.1) Gecko/20100101 Firefox/4.0.1"
122.178.232.231 - - [20/May/2011:04:06:42 -0700] "GET /FreeAP_files/page39_8.gif HTTP/1.1" 200 76900 "http://www.handwritinginsights.com/FreeAP.html" "Mozilla/5.0 (Windows NT 5.1; rv:2.0.1) Gecko/20100101 Firefox/4.0.1"
122.178.232.231 - - [20/May/2011:04:06:43 -0700] "GET /FreeAP_files/page39_10.jpg HTTP/1.1" 200 64136 "http://www.handwritinginsights.com/FreeAP.html" "Mozilla/5.0 (Windows NT 5.1; rv:2.0.1) Gecko/20100101 Firefox/4.0.1"
115.109.9.155 - - [20/May/2011:04:09:21 -0700] "GET / HTTP/1.1" 200 32293 "http://www.google.co.in/url?sa=t&source=web&cd=5&ved=0CD8QFjAE&url=http%3A%2F%2Fwww.handwritinginsights.com%2F&rct=j&q=handwriting%20reading&ei=z0vWTZn0FoXtrAeB0-HyBQ&usg=AFQjCNEICSJoJkVMgTFu2A41Q60rJogRmw" "Mozilla/5.0 (Windows; U; Windows NT 5.1; en-US; rv:1.9.2.17) Gecko/20110420 Firefox/3.6.17"
115.109.9.155 - - [20/May/2011:04:09:22 -0700] "GET /rw_common/themes/simple/print.css HTTP/1.1" 200 3818 "http://www.handwritinginsights.com/" "Mozilla/5.0 (Windows; U; Windows NT 5.1; en-US; rv:1.9.2.17) Gecko/20110420 Firefox/3.6.17"
115.109.9.155 - - [20/May/2011:04:09:22 -0700] "GET /rw_common/images/Untitled-2.jpg HTTP/1.1" 200 32135 "http://www.handwritinginsights.com/" "Mozilla/5.0 (Windows; U; Windows NT 5.1; en-US; rv:1.9.2.17) Gecko/20110420 Firefox/3.6.17"
115.109.9.155 - - [20/May/2011:04:09:22 -0700] "GET /rw_common/themes/simple/css/width/width_1000.css HTTP/1.1" 200 30 "http://www.handwritinginsights.com/" "Mozilla/5.0 (Windows; U; Windows NT 5.1; en-US; rv:1.9.2.17) Gecko/20110420 Firefox/3.6.17"
115.109.9.155 - - [20/May/2011:04:09:22 -0700] "GET /rw_common/themes/simple/css/sidebar/sidebar_left.css HTTP/1.1" 200 99 "http://www.handwritinginsights.com/" "Mozilla/5.0 (Windows; U; Windows NT 5.1; en-US; rv:1.9.2.17) Gecko/20110420 Firefox/3.6.17"
115.109.9.155 - - [20/May/2011:04:09:22 -0700] "GET /rw_common/themes/simple/javascript.js HTTP/1.1" 200 14608 "http://www.handwritinginsights.com/" "Mozilla/5.0 (Windows; U; Windows NT 5.1; en-US; rv:1.9.2.17) Gecko/20110420 Firefox/3.6.17"
115.109.9.155 - - [20/May/2011:04:09:22 -0700] "GET /rw_common/themes/simple/styles.css HTTP/1.1" 200 13520 "http://www.handwritinginsights.com/" "Mozilla/5.0 (Windows; U; Windows NT 5.1; en-US; rv:1.9.2.17) Gecko/20110420 Firefox/3.6.17"
115.109.9.155 - - [20/May/2011:04:09:23 -0700] "GET /rw_common/themes/simple/handheld.css HTTP/1.1" 200 6005 "http://www.handwritinginsights.com/" "Mozilla/5.0 (Windows; U; Windows NT 5.1; en-US; rv:1.9.2.17) Gecko/20110420 Firefox/3.6.17"
115.109.9.155 - - [20/May/2011:04:09:23 -0700] "GET /rw_common/themes/simple/css/styles/vibrant_pink.css HTTP/1.1" 200 276 "http://www.handwritinginsights.com/" "Mozilla/5.0 (Windows; U; Windows NT 5.1; en-US; rv:1.9.2.17) Gecko/20110420 Firefox/3.6.17"
115.109.9.155 - - [20/May/2011:04:09:28 -0700] "GET /rw_common/themes/simple/images/header_bg.png HTTP/1.1" 200 155 "http://www.handwritinginsights.com/rw_common/themes/simple/styles.css" "Mozilla/5.0 (Windows; U; Windows NT 5.1; en-US; rv:1.9.2.17) Gecko/20110420 Firefox/3.6.17"
115.109.9.155 - - [20/May/2011:04:09:28 -0700] "GET /index_files/page0_1.jpg HTTP/1.1" 200 10960 "http://www.handwritinginsights.com/" "Mozilla/5.0 (Windows; U; Windows NT 5.1; en-US; rv:1.9.2.17) Gecko/20110420 Firefox/3.6.17"
115.109.9.155 - - [20/May/2011:04:09:28 -0700] "GET /rw_common/themes/simple/images/button_down.png HTTP/1.1" 200 196 "http://www.handwritinginsights.com/rw_common/themes/simple/styles.css" "Mozilla/5.0 (Windows; U; Windows NT 5.1; en-US; rv:1.9.2.17) Gecko/20110420 Firefox/3.6.17"
115.109.9.155 - - [20/May/2011:04:09:32 -0700] "GET /index_files/page0_3.jpg HTTP/1.1" 200 93261 "http://www.handwritinginsights.com/" "Mozilla/5.0 (Windows; U; Windows NT 5.1; en-US; rv:1.9.2.17) Gecko/20110420 Firefox/3.6.17"
115.109.9.155 - - [20/May/2011:04:09:34 -0700] "GET /index_files/page0_7.jpg HTTP/1.1" 200 51695 "http://www.handwritinginsights.com/" "Mozilla/5.0 (Windows; U; Windows NT 5.1; en-US; rv:1.9.2.17) Gecko/20110420 Firefox/3.6.17"
115.109.9.155 - - [20/May/2011:04:09:36 -0700] "GET /index_files/page0_4.jpg HTTP/1.1" 200 100463 "http://www.handwritinginsights.com/" "Mozilla/5.0 (Windows; U; Windows NT 5.1; en-US; rv:1.9.2.17) Gecko/20110420 Firefox/3.6.17"
115.109.9.155 - - [20/May/2011:04:09:44 -0700] "GET /index_files/page0_2.jpg HTTP/1.1" 200 64940 "http://www.handwritinginsights.com/" "Mozilla/5.0 (Windows; U; Windows NT 5.1; en-US; rv:1.9.2.17) Gecko/20110420 Firefox/3.6.17"
115.109.9.155 - - [20/May/2011:04:09:49 -0700] "GET /rw_common/themes/simple/images/button_normal.png HTTP/1.1" 200 192 "http://www.handwritinginsights.com/rw_common/themes/simple/styles.css" "Mozilla/5.0 (Windows; U; Windows NT 5.1; en-US; rv:1.9.2.17) Gecko/20110420 Firefox/3.6.17"
115.109.9.155 - - [20/May/2011:04:09:59 -0700] "GET /index_files/page0_5.jpg HTTP/1.1" 200 108875 "http://www.handwritinginsights.com/" "Mozilla/5.0 (Windows; U; Windows NT 5.1; en-US; rv:1.9.2.17) Gecko/20110420 Firefox/3.6.17"
115.109.9.155 - - [20/May/2011:04:10:14 -0700] "GET /index_files/page0_6.jpg HTTP/1.1" 200 243962 "http://www.handwritinginsights.com/" "Mozilla/5.0 (Windows; U; Windows NT 5.1; en-US; rv:1.9.2.17) Gecko/20110420 Firefox/3.6.17"
115.109.9.155 - - [20/May/2011:04:10:19 -0700] "GET /favicon.ico HTTP/1.1" 404 217 "-" "Mozilla/5.0 (Windows; U; Windows NT 5.1; en-US; rv:1.9.2.17) Gecko/20110420 Firefox/3.6.17"
115.109.9.155 - - [20/May/2011:04:10:22 -0700] "GET /favicon.ico HTTP/1.1" 404 217 "-" "Mozilla/5.0 (Windows; U; Windows NT 5.1; en-US; rv:1.9.2.17) Gecko/20110420 Firefox/3.6.17"
115.109.9.155 - - [20/May/2011:04:10:36 -0700] "GET /lesson.html HTTP/1.1" 200 48485 "http://www.handwritinginsights.com/" "Mozilla/5.0 (Windows; U; Windows NT 5.1; en-US; rv:1.9.2.17) Gecko/20110420 Firefox/3.6.17"
115.109.9.155 - - [20/May/2011:04:10:38 -0700] "GET /lesson_files/page5_3.jpg HTTP/1.1" 200 29890 "http://www.handwritinginsights.com/lesson.html" "Mozilla/5.0 (Windows; U; Windows NT 5.1; en-US; rv:1.9.2.17) Gecko/20110420 Firefox/3.6.17"
115.109.9.155 - - [20/May/2011:04:10:38 -0700] "GET /lesson_files/page5_1.jpg HTTP/1.1" 200 27598 "http://www.handwritinginsights.com/lesson.html" "Mozilla/5.0 (Windows; U; Windows NT 5.1; en-US; rv:1.9.2.17) Gecko/20110420 Firefox/3.6.17"
115.109.9.155 - - [20/May/2011:04:10:39 -0700] "GET /lesson_files/page5_5.jpg HTTP/1.1" 200 39256 "http://www.handwritinginsights.com/lesson.html" "Mozilla/5.0 (Windows; U; Windows NT 5.1; en-US; rv:1.9.2.17) Gecko/20110420 Firefox/3.6.17"
115.109.9.155 - - [20/May/2011:04:10:45 -0700] "GET /lesson_files/page5_6.jpg HTTP/1.1" 200 114115 "http://www.handwritinginsights.com/lesson.html" "Mozilla/5.0 (Windows; U; Windows NT 5.1; en-US; rv:1.9.2.17) Gecko/20110420 Firefox/3.6.17"
115.109.9.155 - - [20/May/2011:04:10:51 -0700] "GET /lesson_files/page5_8.jpg HTTP/1.1" 200 47824 "http://www.handwritinginsights.com/lesson.html" "Mozilla/5.0 (Windows; U; Windows NT 5.1; en-US; rv:1.9.2.17) Gecko/20110420 Firefox/3.6.17"
115.109.9.155 - - [20/May/2011:04:10:51 -0700] "GET /lesson_files/page5_7.jpg HTTP/1.1" 200 44580 "http://www.handwritinginsights.com/lesson.html" "Mozilla/5.0 (Windows; U; Windows NT 5.1; en-US; rv:1.9.2.17) Gecko/20110420 Firefox/3.6.17"
115.109.9.155 - - [20/May/2011:04:10:57 -0700] "GET /lesson_files/page5_10.jpg HTTP/1.1" 200 51695 "http://www.handwritinginsights.com/lesson.html" "Mozilla/5.0 (Windows; U; Windows NT 5.1; en-US; rv:1.9.2.17) Gecko/20110420 Firefox/3.6.17"
115.109.9.155 - - [20/May/2011:04:11:06 -0700] "GET /lesson_files/page5_2.jpg HTTP/1.1" 200 100885 "http://www.handwritinginsights.com/lesson.html" "Mozilla/5.0 (Windows; U; Windows NT 5.1; en-US; rv:1.9.2.17) Gecko/20110420 Firefox/3.6.17"
115.109.9.155 - - [20/May/2011:04:11:14 -0700] "GET /lesson_files/page5_4.jpg HTTP/1.1" 200 106714 "http://www.handwritinginsights.com/lesson.html" "Mozilla/5.0 (Windows; U; Windows NT 5.1; en-US; rv:1.9.2.17) Gecko/20110420 Firefox/3.6.17"
115.109.9.155 - - [20/May/2011:04:11:23 -0700] "GET /lesson_files/page5_9.jpg HTTP/1.1" 200 164364 "http://www.handwritinginsights.com/lesson.html" "Mozilla/5.0 (Windows; U; Windows NT 5.1; en-US; rv:1.9.2.17) Gecko/20110420 Firefox/3.6.17"
115.109.9.155 - - [20/May/2011:04:11:52 -0700] "GET /order.html HTTP/1.1" 200 13209 "http://www.handwritinginsights.com/lesson.html" "Mozilla/5.0 (Windows; U; Windows NT 5.1; en-US; rv:1.9.2.17) Gecko/20110420 Firefox/3.6.17"
115.109.9.155 - - [20/May/2011:04:11:54 -0700] "GET /order_files/page17_1.jpg HTTP/1.1" 200 51695 "http://www.handwritinginsights.com/order.html" "Mozilla/5.0 (Windows; U; Windows NT 5.1; en-US; rv:1.9.2.17) Gecko/20110420 Firefox/3.6.17"
115.109.9.155 - - [20/May/2011:04:12:16 -0700] "GET /lesson2.html HTTP/1.1" 200 21607 "http://www.handwritinginsights.com/lesson.html" "Mozilla/5.0 (Windows; U; Windows NT 5.1; en-US; rv:1.9.2.17) Gecko/20110420 Firefox/3.6.17"
115.109.9.155 - - [20/May/2011:04:12:22 -0700] "GET /lesson2_files/page6_5.gif HTTP/1.1" 200 91639 "http://www.handwritinginsights.com/lesson2.html" "Mozilla/5.0 (Windows; U; Windows NT 5.1; en-US; rv:1.9.2.17) Gecko/20110420 Firefox/3.6.17"
59.162.251.150 - - [20/May/2011:04:12:24 -0700] "GET / HTTP/1.1" 200 32293 "http://www.google.com/url?sa=t&source=web&cd=4&sqi=2&ved=0CDsQFjAD&url=http%3A%2F%2Fwww.handwritinginsights.com%2F&rct=j&q=handwriting%20analysis&ei=RUzWTbG3MovJrAeghPSTBg&usg=AFQjCNEICSJoJkVMgTFu2A41Q60rJogRmw" "Mozilla/4.0 (compatible; MSIE 8.0; Windows NT 5.1; Trident/4.0; .NET CLR 2.0.50727; .NET CLR 3.0.4506.2152; .NET CLR 3.5.30729; .NET4.0C; .NET4.0E)"
59.162.251.150 - - [20/May/2011:04:12:25 -0700] "GET /rw_common/themes/simple/css/styles/vibrant_pink.css HTTP/1.1" 200 276 "http://www.handwritinginsights.com/" "Mozilla/4.0 (compatible; MSIE 8.0; Windows NT 5.1; Trident/4.0; .NET CLR 2.0.50727; .NET CLR 3.0.4506.2152; .NET CLR 3.5.30729; .NET4.0C; .NET4.0E)"
59.162.251.150 - - [20/May/2011:04:12:25 -0700] "GET /rw_common/themes/simple/print.css HTTP/1.1" 200 3818 "http://www.handwritinginsights.com/" "Mozilla/4.0 (compatible; MSIE 8.0; Windows NT 5.1; Trident/4.0; .NET CLR 2.0.50727; .NET CLR 3.0.4506.2152; .NET CLR 3.5.30729; .NET4.0C; .NET4.0E)"
59.162.251.150 - - [20/May/2011:04:12:25 -0700] "GET /rw_common/themes/simple/handheld.css HTTP/1.1" 200 6005 "http://www.handwritinginsights.com/" "Mozilla/4.0 (compatible; MSIE 8.0; Windows NT 5.1; Trident/4.0; .NET CLR 2.0.50727; .NET CLR 3.0.4506.2152; .NET CLR 3.5.30729; .NET4.0C; .NET4.0E)"
59.162.251.150 - - [20/May/2011:04:12:25 -0700] "GET /rw_common/themes/simple/styles.css HTTP/1.1" 200 13520 "http://www.handwritinginsights.com/" "Mozilla/4.0 (compatible; MSIE 8.0; Windows NT 5.1; Trident/4.0; .NET CLR 2.0.50727; .NET CLR 3.0.4506.2152; .NET CLR 3.5.30729; .NET4.0C; .NET4.0E)"
59.162.251.150 - - [20/May/2011:04:12:25 -0700] "GET /rw_common/themes/simple/css/sidebar/sidebar_left.css HTTP/1.1" 200 99 "http://www.handwritinginsights.com/" "Mozilla/4.0 (compatible; MSIE 8.0; Windows NT 5.1; Trident/4.0; .NET CLR 2.0.50727; .NET CLR 3.0.4506.2152; .NET CLR 3.5.30729; .NET4.0C; .NET4.0E)"
59.162.251.150 - - [20/May/2011:04:12:25 -0700] "GET /rw_common/themes/simple/javascript.js HTTP/1.1" 200 14608 "http://www.handwritinginsights.com/" "Mozilla/4.0 (compatible; MSIE 8.0; Windows NT 5.1; Trident/4.0; .NET CLR 2.0.50727; .NET CLR 3.0.4506.2152; .NET CLR 3.5.30729; .NET4.0C; .NET4.0E)"
59.162.251.150 - - [20/May/2011:04:12:25 -0700] "GET /rw_common/themes/simple/css/width/width_1000.css HTTP/1.1" 200 30 "http://www.handwritinginsights.com/" "Mozilla/4.0 (compatible; MSIE 8.0; Windows NT 5.1; Trident/4.0; .NET CLR 2.0.50727; .NET CLR 3.0.4506.2152; .NET CLR 3.5.30729; .NET4.0C; .NET4.0E)"
59.162.251.150 - - [20/May/2011:04:12:27 -0700] "GET /rw_common/images/Untitled-2.jpg HTTP/1.1" 200 32135 "http://www.handwritinginsights.com/" "Mozilla/4.0 (compatible; MSIE 8.0; Windows NT 5.1; Trident/4.0; .NET CLR 2.0.50727; .NET CLR 3.0.4506.2152; .NET CLR 3.5.30729; .NET4.0C; .NET4.0E)"
59.162.251.150 - - [20/May/2011:04:12:27 -0700] "GET /index_files/page0_7.jpg HTTP/1.1" 200 51695 "http://www.handwritinginsights.com/" "Mozilla/4.0 (compatible; MSIE 8.0; Windows NT 5.1; Trident/4.0; .NET CLR 2.0.50727; .NET CLR 3.0.4506.2152; .NET CLR 3.5.30729; .NET4.0C; .NET4.0E)"
59.162.251.150 - - [20/May/2011:04:12:27 -0700] "GET /rw_common/themes/simple/images/header_bg.png HTTP/1.1" 200 155 "http://www.handwritinginsights.com/" "Mozilla/4.0 (compatible; MSIE 8.0; Windows NT 5.1; Trident/4.0; .NET CLR 2.0.50727; .NET CLR 3.0.4506.2152; .NET CLR 3.5.30729; .NET4.0C; .NET4.0E)"
59.162.251.150 - - [20/May/2011:04:12:27 -0700] "GET /index_files/page0_1.jpg HTTP/1.1" 200 10960 "http://www.handwritinginsights.com/" "Mozilla/4.0 (compatible; MSIE 8.0; Windows NT 5.1; Trident/4.0; .NET CLR 2.0.50727; .NET CLR 3.0.4506.2152; .NET CLR 3.5.30729; .NET4.0C; .NET4.0E)"
59.162.251.150 - - [20/May/2011:04:12:28 -0700] "GET /index_files/page0_3.jpg HTTP/1.1" 200 93261 "http://www.handwritinginsights.com/" "Mozilla/4.0 (compatible; MSIE 8.0; Windows NT 5.1; Trident/4.0; .NET CLR 2.0.50727; .NET CLR 3.0.4506.2152; .NET CLR 3.5.30729; .NET4.0C; .NET4.0E)"
59.162.251.150 - - [20/May/2011:04:12:28 -0700] "GET /index_files/page0_4.jpg HTTP/1.1" 200 100463 "http://www.handwritinginsights.com/" "Mozilla/4.0 (compatible; MSIE 8.0; Windows NT 5.1; Trident/4.0; .NET CLR 2.0.50727; .NET CLR 3.0.4506.2152; .NET CLR 3.5.30729; .NET4.0C; .NET4.0E)"
59.162.251.150 - - [20/May/2011:04:12:28 -0700] "GET /index_files/page0_5.jpg HTTP/1.1" 200 108875 "http://www.handwritinginsights.com/" "Mozilla/4.0 (compatible; MSIE 8.0; Windows NT 5.1; Trident/4.0; .NET CLR 2.0.50727; .NET CLR 3.0.4506.2152; .NET CLR 3.5.30729; .NET4.0C; .NET4.0E)"
59.162.251.150 - - [20/May/2011:04:12:28 -0700] "GET /rw_common/themes/simple/images/button_down.png HTTP/1.1" 200 196 "http://www.handwritinginsights.com/" "Mozilla/4.0 (compatible; MSIE 8.0; Windows NT 5.1; Trident/4.0; .NET CLR 2.0.50727; .NET CLR 3.0.4506.2152; .NET CLR 3.5.30729; .NET4.0C; .NET4.0E)"
59.162.251.150 - - [20/May/2011:04:12:29 -0700] "GET /rw_common/themes/simple/images/button_normal.png HTTP/1.1" 200 192 "http://www.handwritinginsights.com/" "Mozilla/4.0 (compatible; MSIE 8.0; Windows NT 5.1; Trident/4.0; .NET CLR 2.0.50727; .NET CLR 3.0.4506.2152; .NET CLR 3.5.30729; .NET4.0C; .NET4.0E)"
59.162.251.150 - - [20/May/2011:04:12:29 -0700] "GET /index_files/page0_2.jpg HTTP/1.1" 200 64940 "http://www.handwritinginsights.com/" "Mozilla/4.0 (compatible; MSIE 8.0; Windows NT 5.1; Trident/4.0; .NET CLR 2.0.50727; .NET CLR 3.0.4506.2152; .NET CLR 3.5.30729; .NET4.0C; .NET4.0E)"
59.162.251.150 - - [20/May/2011:04:12:30 -0700] "GET /index_files/page0_6.jpg HTTP/1.1" 200 243962 "http://www.handwritinginsights.com/" "Mozilla/4.0 (compatible; MSIE 8.0; Windows NT 5.1; Trident/4.0; .NET CLR 2.0.50727; .NET CLR 3.0.4506.2152; .NET CLR 3.5.30729; .NET4.0C; .NET4.0E)"
115.109.9.155 - - [20/May/2011:04:12:31 -0700] "GET /lesson2_files/page6_2.gif HTTP/1.1" 200 106658 "http://www.handwritinginsights.com/lesson2.html" "Mozilla/5.0 (Windows; U; Windows NT 5.1; en-US; rv:1.9.2.17) Gecko/20110420 Firefox/3.6.17"
59.162.251.150 - - [20/May/2011:04:12:32 -0700] "GET /favicon.ico HTTP/1.1" 404 217 "-" "Mozilla/4.0 (compatible; MSIE 8.0; Windows NT 5.1; Trident/4.0; .NET CLR 2.0.50727; .NET CLR 3.0.4506.2152; .NET CLR 3.5.30729; .NET4.0C; .NET4.0E)"
115.109.9.155 - - [20/May/2011:04:12:35 -0700] "GET /lesson2_files/page6_3.gif HTTP/1.1" 200 65536 "http://www.handwritinginsights.com/lesson2.html" "Mozilla/5.0 (Windows; U; Windows NT 5.1; en-US; rv:1.9.2.17) Gecko/20110420 Firefox/3.6.17"
115.109.9.155 - - [20/May/2011:04:12:35 -0700] "GET /lesson2_files/page6_1.gif HTTP/1.1" 200 131072 "http://www.handwritinginsights.com/lesson2.html" "Mozilla/5.0 (Windows; U; Windows NT 5.1; en-US; rv:1.9.2.17) Gecko/20110420 Firefox/3.6.17"
115.109.9.155 - - [20/May/2011:04:12:36 -0700] "GET /lesson2_files/page6_6.gif HTTP/1.1" 200 65536 "http://www.handwritinginsights.com/lesson2.html" "Mozilla/5.0 (Windows; U; Windows NT 5.1; en-US; rv:1.9.2.17) Gecko/20110420 Firefox/3.6.17"
122.178.232.231 - - [20/May/2011:04:13:28 -0700] "GET /lesson.html HTTP/1.1" 200 48485 "http://www.google.co.in/url?sa=t&source=web&cd=4&ved=0CDQQFjAD&url=http%3A%2F%2Fwww.handwritinginsights.com%2Flesson.html&rct=j&q=handwriting%20analysis%20personality&ei=PErWTZjwAo7qrQe6zYT4BQ&usg=AFQjCNEaECenqn9dIy5po79n-pez1l82SQ&sig2=w3WVwN-KXiXjOm5kroIpxQ&cad=rja" "Mozilla/5.0 (Windows NT 5.1; rv:2.0.1) Gecko/20100101 Firefox/4.0.1"
122.178.232.231 - - [20/May/2011:04:13:29 -0700] "GET /lesson_files/page5_1.jpg HTTP/1.1" 200 27598 "http://www.handwritinginsights.com/lesson.html" "Mozilla/5.0 (Windows NT 5.1; rv:2.0.1) Gecko/20100101 Firefox/4.0.1"
122.178.232.231 - - [20/May/2011:04:13:30 -0700] "GET /lesson_files/page5_3.jpg HTTP/1.1" 200 29890 "http://www.handwritinginsights.com/lesson.html" "Mozilla/5.0 (Windows NT 5.1; rv:2.0.1) Gecko/20100101 Firefox/4.0.1"
122.178.232.231 - - [20/May/2011:04:13:30 -0700] "GET /lesson_files/page5_5.jpg HTTP/1.1" 200 39256 "http://www.handwritinginsights.com/lesson.html" "Mozilla/5.0 (Windows NT 5.1; rv:2.0.1) Gecko/20100101 Firefox/4.0.1"
122.178.232.231 - - [20/May/2011:04:13:31 -0700] "GET /lesson_files/page5_8.jpg HTTP/1.1" 200 47824 "http://www.handwritinginsights.com/lesson.html" "Mozilla/5.0 (Windows NT 5.1; rv:2.0.1) Gecko/20100101 Firefox/4.0.1"
122.178.232.231 - - [20/May/2011:04:13:31 -0700] "GET /lesson_files/page5_4.jpg HTTP/1.1" 200 106714 "http://www.handwritinginsights.com/lesson.html" "Mozilla/5.0 (Windows NT 5.1; rv:2.0.1) Gecko/20100101 Firefox/4.0.1"
122.178.232.231 - - [20/May/2011:04:13:31 -0700] "GET /lesson_files/page5_2.jpg HTTP/1.1" 200 100885 "http://www.handwritinginsights.com/lesson.html" "Mozilla/5.0 (Windows NT 5.1; rv:2.0.1) Gecko/20100101 Firefox/4.0.1"
122.178.232.231 - - [20/May/2011:04:13:31 -0700] "GET /lesson_files/page5_7.jpg HTTP/1.1" 200 44580 "http://www.handwritinginsights.com/lesson.html" "Mozilla/5.0 (Windows NT 5.1; rv:2.0.1) Gecko/20100101 Firefox/4.0.1"
122.178.232.231 - - [20/May/2011:04:13:31 -0700] "GET /lesson_files/page5_6.jpg HTTP/1.1" 200 114115 "http://www.handwritinginsights.com/lesson.html" "Mozilla/5.0 (Windows NT 5.1; rv:2.0.1) Gecko/20100101 Firefox/4.0.1"
122.178.232.231 - - [20/May/2011:04:13:33 -0700] "GET /lesson_files/page5_10.jpg HTTP/1.1" 200 51695 "http://www.handwritinginsights.com/lesson.html" "Mozilla/5.0 (Windows NT 5.1; rv:2.0.1) Gecko/20100101 Firefox/4.0.1"
122.178.232.231 - - [20/May/2011:04:13:34 -0700] "GET /lesson_files/page5_9.jpg HTTP/1.1" 200 164364 "http://www.handwritinginsights.com/lesson.html" "Mozilla/5.0 (Windows NT 5.1; rv:2.0.1) Gecko/20100101 Firefox/4.0.1"
78.60.65.206 - - [20/May/2011:04:14:47 -0700] "GET /rw_common/themes/simple/handheld.css HTTP/1.1" 200 6005 "http://www.handwritinginsights.com/" "Mozilla/5.0 (Windows; U; Windows NT 6.1; en-US; rv:1.9.2.17) Gecko/20110420 Firefox/3.6.17"
78.60.65.206 - - [20/May/2011:04:14:47 -0700] "GET /rw_common/themes/simple/css/styles/vibrant_pink.css HTTP/1.1" 200 276 "http://www.handwritinginsights.com/" "Mozilla/5.0 (Windows; U; Windows NT 6.1; en-US; rv:1.9.2.17) Gecko/20110420 Firefox/3.6.17"
78.60.65.206 - - [20/May/2011:04:14:47 -0700] "GET /rw_common/themes/simple/css/width/width_1000.css HTTP/1.1" 200 30 "http://www.handwritinginsights.com/" "Mozilla/5.0 (Windows; U; Windows NT 6.1; en-US; rv:1.9.2.17) Gecko/20110420 Firefox/3.6.17"
78.60.65.206 - - [20/May/2011:04:14:47 -0700] "GET / HTTP/1.1" 200 32293 "http://www.google.lt/search?hl=lt&client=firefox-a&hs=It3&rls=org.mozilla%3Aen-US%3Aofficial&q=handwriting+analysis&oq=handwriting+analysis&aq=f&aqi=&aql=&gs_sm=e&gs_upl=10670l13059l0l12l11l0l0l0l5l266l2310l0.3.8" "Mozilla/5.0 (Windows; U; Windows NT 6.1; en-US; rv:1.9.2.17) Gecko/20110420 Firefox/3.6.17"
78.60.65.206 - - [20/May/2011:04:14:47 -0700] "GET /rw_common/themes/simple/styles.css HTTP/1.1" 200 13520 "http://www.handwritinginsights.com/" "Mozilla/5.0 (Windows; U; Windows NT 6.1; en-US; rv:1.9.2.17) Gecko/20110420 Firefox/3.6.17"
78.60.65.206 - - [20/May/2011:04:14:47 -0700] "GET /rw_common/themes/simple/javascript.js HTTP/1.1" 200 14608 "http://www.handwritinginsights.com/" "Mozilla/5.0 (Windows; U; Windows NT 6.1; en-US; rv:1.9.2.17) Gecko/20110420 Firefox/3.6.17"
78.60.65.206 - - [20/May/2011:04:14:47 -0700] "GET /rw_common/themes/simple/print.css HTTP/1.1" 200 3818 "http://www.handwritinginsights.com/" "Mozilla/5.0 (Windows; U; Windows NT 6.1; en-US; rv:1.9.2.17) Gecko/20110420 Firefox/3.6.17"
78.60.65.206 - - [20/May/2011:04:14:48 -0700] "GET /rw_common/themes/simple/css/sidebar/sidebar_left.css HTTP/1.1" 200 99 "http://www.handwritinginsights.com/" "Mozilla/5.0 (Windows; U; Windows NT 6.1; en-US; rv:1.9.2.17) Gecko/20110420 Firefox/3.6.17"
78.60.65.206 - - [20/May/2011:04:14:48 -0700] "GET /rw_common/images/Untitled-2.jpg HTTP/1.1" 200 32135 "http://www.handwritinginsights.com/" "Mozilla/5.0 (Windows; U; Windows NT 6.1; en-US; rv:1.9.2.17) Gecko/20110420 Firefox/3.6.17"
78.60.65.206 - - [20/May/2011:04:14:49 -0700] "GET /index_files/page0_6.jpg HTTP/1.1" 200 32768 "http://www.handwritinginsights.com/" "Mozilla/5.0 (Windows; U; Windows NT 6.1; en-US; rv:1.9.2.17) Gecko/20110420 Firefox/3.6.17"
78.60.65.206 - - [20/May/2011:04:14:49 -0700] "GET /favicon.ico HTTP/1.1" 404 217 "-" "Mozilla/5.0 (Windows; U; Windows NT 6.1; en-US; rv:1.9.2.17) Gecko/20110420 Firefox/3.6.17"
78.60.65.206 - - [20/May/2011:04:14:49 -0700] "GET /index_files/page0_1.jpg HTTP/1.1" 200 10960 "http://www.handwritinginsights.com/" "Mozilla/5.0 (Windows; U; Windows NT 6.1; en-US; rv:1.9.2.17) Gecko/20110420 Firefox/3.6.17"
78.60.65.206 - - [20/May/2011:04:14:49 -0700] "GET /rw_common/themes/simple/images/button_down.png HTTP/1.1" 200 196 "http://www.handwritinginsights.com/rw_common/themes/simple/styles.css" "Mozilla/5.0 (Windows; U; Windows NT 6.1; en-US; rv:1.9.2.17) Gecko/20110420 Firefox/3.6.17"
78.60.65.206 - - [20/May/2011:04:14:49 -0700] "GET /index_files/page0_5.jpg HTTP/1.1" 200 65536 "http://www.handwritinginsights.com/" "Mozilla/5.0 (Windows; U; Windows NT 6.1; en-US; rv:1.9.2.17) Gecko/20110420 Firefox/3.6.17"
78.60.65.206 - - [20/May/2011:04:14:49 -0700] "GET /printing.html HTTP/1.1" 200 21033 "http://www.handwritinginsights.com/" "Mozilla/5.0 (Windows; U; Windows NT 6.1; en-US; rv:1.9.2.17) Gecko/20110420 Firefox/3.6.17"
78.60.65.206 - - [20/May/2011:04:14:49 -0700] "GET /index_files/page0_3.jpg HTTP/1.1" 200 32768 "http://www.handwritinginsights.com/" "Mozilla/5.0 (Windows; U; Windows NT 6.1; en-US; rv:1.9.2.17) Gecko/20110420 Firefox/3.6.17"
78.60.65.206 - - [20/May/2011:04:14:49 -0700] "GET /rw_common/themes/simple/images/header_bg.png HTTP/1.1" 200 155 "http://www.handwritinginsights.com/rw_common/themes/simple/styles.css" "Mozilla/5.0 (Windows; U; Windows NT 6.1; en-US; rv:1.9.2.17) Gecko/20110420 Firefox/3.6.17"
78.60.65.206 - - [20/May/2011:04:14:49 -0700] "GET /index_files/page0_4.jpg HTTP/1.1" 200 65536 "http://www.handwritinginsights.com/" "Mozilla/5.0 (Windows; U; Windows NT 6.1; en-US; rv:1.9.2.17) Gecko/20110420 Firefox/3.6.17"
78.60.65.206 - - [20/May/2011:04:14:50 -0700] "GET /index_files/page0_2.jpg HTTP/1.1" 200 32768 "http://www.handwritinginsights.com/" "Mozilla/5.0 (Windows; U; Windows NT 6.1; en-US; rv:1.9.2.17) Gecko/20110420 Firefox/3.6.17"
78.60.65.206 - - [20/May/2011:04:14:50 -0700] "GET /favicon.ico HTTP/1.1" 404 217 "-" "Mozilla/5.0 (Windows; U; Windows NT 6.1; en-US; rv:1.9.2.17) Gecko/20110420 Firefox/3.6.17"
