121.123.135.93 - - [20/May/2011:00:26:00 -0700] "GET /rw_common/themes/simple/css/width/width_1000.css HTTP/1.1" 200 30 "http://www.handwritinginsights.com/" "Mozilla/5.0 (Macintosh; Intel Mac OS X 10_6_6) AppleWebKit/534.24 (KHTML, like Gecko) Chrome/11.0.696.68 Safari/534.24"
121.123.135.93 - - [20/May/2011:00:26:01 -0700] "GET /rw_common/themes/simple/css/sidebar/sidebar_left.css HTTP/1.1" 200 99 "http://www.handwritinginsights.com/" "Mozilla/5.0 (Macintosh; Intel Mac OS X 10_6_6) AppleWebKit/534.24 (KHTML, like Gecko) Chrome/11.0.696.68 Safari/534.24"
121.123.135.93 - - [20/May/2011:00:26:10 -0700] "GET /index_files/page0_2.jpg HTTP/1.1" 200 64940 "http://www.handwritinginsights.com/" "Mozilla/5.0 (Macintosh; Intel Mac OS X 10_6_6) AppleWebKit/534.24 (KHTML, like Gecko) Chrome/11.0.696.68 Safari/534.24"
121.123.135.93 - - [20/May/2011:00:26:10 -0700] "GET /index_files/page0_1.jpg HTTP/1.1" 200 10960 "http://www.handwritinginsights.com/" "Mozilla/5.0 (Macintosh; Intel Mac OS X 10_6_6) AppleWebKit/534.24 (KHTML, like Gecko) Chrome/11.0.696.68 Safari/534.24"
121.123.135.93 - - [20/May/2011:00:26:10 -0700] "GET /rw_common/images/Untitled-2.jpg HTTP/1.1" 200 32135 "http://www.handwritinginsights.com/" "Mozilla/5.0 (Macintosh; Intel Mac OS X 10_6_6) AppleWebKit/534.24 (KHTML, like Gecko) Chrome/11.0.696.68 Safari/534.24"
121.123.135.93 - - [20/May/2011:00:26:10 -0700] "GET /rw_common/themes/simple/images/header_bg.png HTTP/1.1" 200 155 "http://www.handwritinginsights.com/" "Mozilla/5.0 (Macintosh; Intel Mac OS X 10_6_6) AppleWebKit/534.24 (KHTML, like Gecko) Chrome/11.0.696.68 Safari/534.24"
121.123.135.93 - - [20/May/2011:00:26:10 -0700] "GET /rw_common/themes/simple/images/button_normal.png HTTP/1.1" 200 192 "http://www.handwritinginsights.com/" "Mozilla/5.0 (Macintosh; Intel Mac OS X 10_6_6) AppleWebKit/534.24 (KHTML, like Gecko) Chrome/11.0.696.68 Safari/534.24"
121.123.135.93 - - [20/May/2011:00:26:10 -0700] "GET /rw_common/themes/simple/images/button_down.png HTTP/1.1" 200 196 "http://www.handwritinginsights.com/" "Mozilla/5.0 (Macintosh; Intel Mac OS X 10_6_6) AppleWebKit/534.24 (KHTML, like Gecko) Chrome/11.0.696.68 Safari/534.24"
121.123.135.93 - - [20/May/2011:00:26:12 -0700] "GET /index_files/page0_4.jpg HTTP/1.1" 200 100463 "http://www.handwritinginsights.com/" "Mozilla/5.0 (Macintosh; Intel Mac OS X 10_6_6) AppleWebKit/534.24 (KHTML, like Gecko) Chrome/11.0.696.68 Safari/534.24"
121.123.135.93 - - [20/May/2011:00:26:16 -0700] "GET /index_files/page0_7.jpg HTTP/1.1" 200 51695 "http://www.handwritinginsights.com/" "Mozilla/5.0 (Macintosh; Intel Mac OS X 10_6_6) AppleWebKit/534.24 (KHTML, like Gecko) Chrome/11.0.696.68 Safari/534.24"
121.123.135.93 - - [20/May/2011:00:26:38 -0700] "GET /index_files/page0_3.jpg HTTP/1.1" 200 93261 "http://www.handwritinginsights.com/" "Mozilla/5.0 (Macintosh; Intel Mac OS X 10_6_6) AppleWebKit/534.24 (KHTML, like Gecko) Chrome/11.0.696.68 Safari/534.24"
125.18.106.50 - - [20/May/2011:00:26:40 -0700] "GET /favicon.ico HTTP/1.0" 404 205 "-" "Mozilla/5.0 (Windows NT 6.1; WOW64) AppleWebKit/534.24 (KHTML, like Gecko) Chrome/11.0.696.68 Safari/534.24"
121.123.135.93 - - [20/May/2011:00:26:53 -0700] "GET /index_files/page0_5.jpg HTTP/1.1" 200 108875 "http://www.handwritinginsights.com/" "Mozilla/5.0 (Macintosh; Intel Mac OS X 10_6_6) AppleWebKit/534.24 (KHTML, like Gecko) Chrome/11.0.696.68 Safari/534.24"
123.237.249.45 - - [20/May/2011:00:27:22 -0700] "GET /rw_common/themes/simple/styles.css HTTP/1.1" 200 13520 "http://www.handwritinginsights.com/" "Mozilla/4.0 (compatible; MSIE 8.0; Windows NT 6.1; Trident/4.0; SLCC2; .NET CLR 2.0.50727; .NET CLR 3.5.30729; .NET CLR 3.0.30729; Media Center PC 6.0; InfoPath.2)"
123.237.249.45 - - [20/May/2011:00:27:22 -0700] "GET /rw_common/themes/simple/css/width/width_1000.css HTTP/1.1" 200 30 "http://www.handwritinginsights.com/" "Mozilla/4.0 (compatible; MSIE 8.0; Windows NT 6.1; Trident/4.0; SLCC2; .NET CLR 2.0.50727; .NET CLR 3.5.30729; .NET CLR 3.0.30729; Media Center PC 6.0; InfoPath.2)"
123.237.249.45 - - [20/May/2011:00:27:22 -0700] "GET /rw_common/themes/simple/css/styles/vibrant_pink.css HTTP/1.1" 200 276 "http://www.handwritinginsights.com/" "Mozilla/4.0 (compatible; MSIE 8.0; Windows NT 6.1; Trident/4.0; SLCC2; .NET CLR 2.0.50727; .NET CLR 3.5.30729; .NET CLR 3.0.30729; Media Center PC 6.0; InfoPath.2)"
123.237.249.45 - - [20/May/2011:00:27:22 -0700] "GET /rw_common/themes/simple/css/sidebar/sidebar_left.css HTTP/1.1" 200 99 "http://www.handwritinginsights.com/" "Mozilla/4.0 (compatible; MSIE 8.0; Windows NT 6.1; Trident/4.0; SLCC2; .NET CLR 2.0.50727; .NET CLR 3.5.30729; .NET CLR 3.0.30729; Media Center PC 6.0; InfoPath.2)"
123.237.249.45 - - [20/May/2011:00:27:22 -0700] "GET / HTTP/1.1" 200 32293 "http://www.google.co.in/search?source=ig&hl=en&rlz=&q=handwriting+analysis&aq=2&aqi=g10&aql=&oq=hand" "Mozilla/4.0 (compatible; MSIE 8.0; Windows NT 6.1; Trident/4.0; SLCC2; .NET CLR 2.0.50727; .NET CLR 3.5.30729; .NET CLR 3.0.30729; Media Center PC 6.0; InfoPath.2)"
123.237.249.45 - - [20/May/2011:00:27:23 -0700] "GET /rw_common/themes/simple/javascript.js HTTP/1.1" 200 14608 "http://www.handwritinginsights.com/" "Mozilla/4.0 (compatible; MSIE 8.0; Windows NT 6.1; Trident/4.0; SLCC2; .NET CLR 2.0.50727; .NET CLR 3.5.30729; .NET CLR 3.0.30729; Media Center PC 6.0; InfoPath.2)"
123.237.249.45 - - [20/May/2011:00:27:23 -0700] "GET /rw_common/themes/simple/handheld.css HTTP/1.1" 200 6005 "http://www.handwritinginsights.com/" "Mozilla/4.0 (compatible; MSIE 8.0; Windows NT 6.1; Trident/4.0; SLCC2; .NET CLR 2.0.50727; .NET CLR 3.5.30729; .NET CLR 3.0.30729; Media Center PC 6.0; InfoPath.2)"
123.237.249.45 - - [20/May/2011:00:27:24 -0700] "GET /rw_common/images/Untitled-2.jpg HTTP/1.1" 200 32135 "http://www.handwritinginsights.com/" "Mozilla/4.0 (compatible; MSIE 8.0; Windows NT 6.1; Trident/4.0; SLCC2; .NET CLR 2.0.50727; .NET CLR 3.5.30729; .NET CLR 3.0.30729; Media Center PC 6.0; InfoPath.2)"
123.237.249.45 - - [20/May/2011:00:27:24 -0700] "GET /index_files/page0_1.jpg HTTP/1.1" 200 10960 "http://www.handwritinginsights.com/" "Mozilla/4.0 (compatible; MSIE 8.0; Windows NT 6.1; Trident/4.0; SLCC2; .NET CLR 2.0.50727; .NET CLR 3.5.30729; .NET CLR 3.0.30729; Media Center PC 6.0; InfoPath.2)"
123.237.249.45 - - [20/May/2011:00:27:24 -0700] "GET /rw_common/themes/simple/images/header_bg.png HTTP/1.1" 200 155 "http://www.handwritinginsights.com/" "Mozilla/4.0 (compatible; MSIE 8.0; Windows NT 6.1; Trident/4.0; SLCC2; .NET CLR 2.0.50727; .NET CLR 3.5.30729; .NET CLR 3.0.30729; Media Center PC 6.0; InfoPath.2)"
123.237.249.45 - - [20/May/2011:00:27:24 -0700] "GET /rw_common/themes/simple/print.css HTTP/1.1" 200 3818 "http://www.handwritinginsights.com/" "Mozilla/4.0 (compatible; MSIE 8.0; Windows NT 6.1; Trident/4.0; SLCC2; .NET CLR 2.0.50727; .NET CLR 3.5.30729; .NET CLR 3.0.30729; Media Center PC 6.0; InfoPath.2)"
123.237.249.45 - - [20/May/2011:00:27:29 -0700] "GET /index_files/page0_7.jpg HTTP/1.1" 200 51695 "http://www.handwritinginsights.com/" "Mozilla/4.0 (compatible; MSIE 8.0; Windows NT 6.1; Trident/4.0; SLCC2; .NET CLR 2.0.50727; .NET CLR 3.5.30729; .NET CLR 3.0.30729; Media Center PC 6.0; InfoPath.2)"
123.237.249.45 - - [20/May/2011:00:27:29 -0700] "GET /index_files/page0_4.jpg HTTP/1.1" 200 100463 "http://www.handwritinginsights.com/" "Mozilla/4.0 (compatible; MSIE 8.0; Windows NT 6.1; Trident/4.0; SLCC2; .NET CLR 2.0.50727; .NET CLR 3.5.30729; .NET CLR 3.0.30729; Media Center PC 6.0; InfoPath.2)"
123.237.249.45 - - [20/May/2011:00:27:30 -0700] "GET /index_files/page0_5.jpg HTTP/1.1" 200 108875 "http://www.handwritinginsights.com/" "Mozilla/4.0 (compatible; MSIE 8.0; Windows NT 6.1; Trident/4.0; SLCC2; .NET CLR 2.0.50727; .NET CLR 3.5.30729; .NET CLR 3.0.30729; Media Center PC 6.0; InfoPath.2)"
123.237.249.45 - - [20/May/2011:00:27:31 -0700] "GET /index_files/page0_2.jpg HTTP/1.1" 200 64940 "http://www.handwritinginsights.com/" "Mozilla/4.0 (compatible; MSIE 8.0; Windows NT 6.1; Trident/4.0; SLCC2; .NET CLR 2.0.50727; .NET CLR 3.5.30729; .NET CLR 3.0.30729; Media Center PC 6.0; InfoPath.2)"
123.237.249.45 - - [20/May/2011:00:27:34 -0700] "GET /index_files/page0_3.jpg HTTP/1.1" 200 93261 "http://www.handwritinginsights.com/" "Mozilla/4.0 (compatible; MSIE 8.0; Windows NT 6.1; Trident/4.0; SLCC2; .NET CLR 2.0.50727; .NET CLR 3.5.30729; .NET CLR 3.0.30729; Media Center PC 6.0; InfoPath.2)"
123.237.249.45 - - [20/May/2011:00:27:35 -0700] "GET /index_files/page0_6.jpg HTTP/1.1" 200 131072 "http://www.handwritinginsights.com/" "Mozilla/4.0 (compatible; MSIE 8.0; Windows NT 6.1; Trident/4.0; SLCC2; .NET CLR 2.0.50727; .NET CLR 3.5.30729; .NET CLR 3.0.30729; Media Center PC 6.0; InfoPath.2)"
121.123.135.93 - - [20/May/2011:00:27:36 -0700] "GET /index_files/page0_6.jpg HTTP/1.1" 200 243962 "http://www.handwritinginsights.com/" "Mozilla/5.0 (Macintosh; Intel Mac OS X 10_6_6) AppleWebKit/534.24 (KHTML, like Gecko) Chrome/11.0.696.68 Safari/534.24"
41.132.56.159 - - [20/May/2011:00:29:38 -0700] "GET / HTTP/1.1" 200 32293 "http://www.google.co.za/url?sa=t&source=web&cd=2&ved=0CCgQFjAB&url=http%3A%2F%2Fwww.handwritinginsights.com%2F&rct=j&q=analysis%20of%20handwriting&ei=VxjWTYvYLIeEOpHOxJwH&usg=AFQjCNEICSJoJkVMgTFu2A41Q60rJogRmw" "Mozilla/4.0 (compatible; MSIE 8.0; Windows NT 6.1; Trident/4.0; SLCC2; .NET CLR 2.0.50727; .NET CLR 3.5.30729; .NET CLR 3.0.30729; Media Center PC 6.0; Tablet PC 2.0; .NET4.0C)"
124.153.84.130 - - [20/May/2011:00:29:40 -0700] "GET /lesson.html HTTP/1.0" 200 48485 "http://www.google.co.in/search?hl=en&biw=1419&bih=724&q=handwriting+analysis+examples&oq=handwriting+analysis&aq=1&aqi=g10&aql=&gs_sm=c&gs_upl=113765l120171l0l22l22l1l11l11l0l344l2157l0.1.5.2" "Mozilla/4.0 (compatible; MSIE 7.0; Windows NT 5.1; .NET CLR 1.1.4322; .NET CLR 2.0.50727)"
124.153.84.130 - - [20/May/2011:00:29:40 -0700] "GET /favicon.ico HTTP/1.0" 404 205 "-" "Mozilla/4.0 (compatible; MSIE 7.0; Windows NT 5.1; .NET CLR 1.1.4322; .NET CLR 2.0.50727)"
124.153.84.130 - - [20/May/2011:00:29:41 -0700] "GET /rw_common/themes/simple/print.css HTTP/1.0" 200 3818 "http://www.handwritinginsights.com/lesson.html" "Mozilla/4.0 (compatible; MSIE 7.0; Windows NT 5.1; .NET CLR 1.1.4322; .NET CLR 2.0.50727)"
124.153.84.130 - - [20/May/2011:00:29:41 -0700] "GET /rw_common/themes/simple/handheld.css HTTP/1.0" 200 6005 "http://www.handwritinginsights.com/lesson.html" "Mozilla/4.0 (compatible; MSIE 7.0; Windows NT 5.1; .NET CLR 1.1.4322; .NET CLR 2.0.50727)"
41.132.56.159 - - [20/May/2011:00:29:41 -0700] "GET /rw_common/themes/simple/print.css HTTP/1.1" 200 3818 "http://www.handwritinginsights.com/" "Mozilla/4.0 (compatible; MSIE 8.0; Windows NT 6.1; Trident/4.0; SLCC2; .NET CLR 2.0.50727; .NET CLR 3.5.30729; .NET CLR 3.0.30729; Media Center PC 6.0; Tablet PC 2.0; .NET4.0C)"
41.132.56.159 - - [20/May/2011:00:29:41 -0700] "GET /rw_common/themes/simple/styles.css HTTP/1.1" 200 13520 "http://www.handwritinginsights.com/" "Mozilla/4.0 (compatible; MSIE 8.0; Windows NT 6.1; Trident/4.0; SLCC2; .NET CLR 2.0.50727; .NET CLR 3.5.30729; .NET CLR 3.0.30729; Media Center PC 6.0; Tablet PC 2.0; .NET4.0C)"
41.132.56.159 - - [20/May/2011:00:29:41 -0700] "GET /rw_common/themes/simple/css/styles/vibrant_pink.css HTTP/1.1" 200 276 "http://www.handwritinginsights.com/" "Mozilla/4.0 (compatible; MSIE 8.0; Windows NT 6.1; Trident/4.0; SLCC2; .NET CLR 2.0.50727; .NET CLR 3.5.30729; .NET CLR 3.0.30729; Media Center PC 6.0; Tablet PC 2.0; .NET4.0C)"
41.132.56.159 - - [20/May/2011:00:29:41 -0700] "GET /rw_common/themes/simple/javascript.js HTTP/1.1" 200 14608 "http://www.handwritinginsights.com/" "Mozilla/4.0 (compatible; MSIE 8.0; Windows NT 6.1; Trident/4.0; SLCC2; .NET CLR 2.0.50727; .NET CLR 3.5.30729; .NET CLR 3.0.30729; Media Center PC 6.0; Tablet PC 2.0; .NET4.0C)"
124.153.84.130 - - [20/May/2011:00:29:41 -0700] "GET /rw_common/themes/simple/styles.css HTTP/1.0" 200 13520 "http://www.handwritinginsights.com/lesson.html" "Mozilla/4.0 (compatible; MSIE 7.0; Windows NT 5.1; .NET CLR 1.1.4322; .NET CLR 2.0.50727)"
41.132.56.159 - - [20/May/2011:00:29:41 -0700] "GET /rw_common/themes/simple/handheld.css HTTP/1.1" 200 6005 "http://www.handwritinginsights.com/" "Mozilla/4.0 (compatible; MSIE 8.0; Windows NT 6.1; Trident/4.0; SLCC2; .NET CLR 2.0.50727; .NET CLR 3.5.30729; .NET CLR 3.0.30729; Media Center PC 6.0; Tablet PC 2.0; .NET4.0C)"
41.132.56.159 - - [20/May/2011:00:29:42 -0700] "GET /rw_common/themes/simple/css/sidebar/sidebar_left.css HTTP/1.1" 200 99 "http://www.handwritinginsights.com/" "Mozilla/4.0 (compatible; MSIE 8.0; Windows NT 6.1; Trident/4.0; SLCC2; .NET CLR 2.0.50727; .NET CLR 3.5.30729; .NET CLR 3.0.30729; Media Center PC 6.0; Tablet PC 2.0; .NET4.0C)"
124.153.84.130 - - [20/May/2011:00:29:42 -0700] "GET /rw_common/themes/simple/css/sidebar/sidebar_left.css HTTP/1.0" 200 99 "http://www.handwritinginsights.com/lesson.html" "Mozilla/4.0 (compatible; MSIE 7.0; Windows NT 5.1; .NET CLR 1.1.4322; .NET CLR 2.0.50727)"
41.132.56.159 - - [20/May/2011:00:29:42 -0700] "GET /rw_common/themes/simple/css/width/width_1000.css HTTP/1.1" 200 30 "http://www.handwritinginsights.com/" "Mozilla/4.0 (compatible; MSIE 8.0; Windows NT 6.1; Trident/4.0; SLCC2; .NET CLR 2.0.50727; .NET CLR 3.5.30729; .NET CLR 3.0.30729; Media Center PC 6.0; Tablet PC 2.0; .NET4.0C)"
124.153.84.130 - - [20/May/2011:00:29:42 -0700] "GET /rw_common/themes/simple/css/styles/vibrant_pink.css HTTP/1.0" 200 276 "http://www.handwritinginsights.com/lesson.html" "Mozilla/4.0 (compatible; MSIE 7.0; Windows NT 5.1; .NET CLR 1.1.4322; .NET CLR 2.0.50727)"
124.153.84.130 - - [20/May/2011:00:29:42 -0700] "GET /rw_common/themes/simple/css/width/width_1000.css HTTP/1.0" 200 30 "http://www.handwritinginsights.com/lesson.html" "Mozilla/4.0 (compatible; MSIE 7.0; Windows NT 5.1; .NET CLR 1.1.4322; .NET CLR 2.0.50727)"
124.153.84.130 - - [20/May/2011:00:29:42 -0700] "GET /rw_common/themes/simple/javascript.js HTTP/1.0" 200 14608 "http://www.handwritinginsights.com/lesson.html" "Mozilla/4.0 (compatible; MSIE 7.0; Windows NT 5.1; .NET CLR 1.1.4322; .NET CLR 2.0.50727)"
41.132.56.159 - - [20/May/2011:00:29:43 -0700] "GET /index_files/page0_2.jpg HTTP/1.1" 200 64940 "http://www.handwritinginsights.com/" "Mozilla/4.0 (compatible; MSIE 8.0; Windows NT 6.1; Trident/4.0; SLCC2; .NET CLR 2.0.50727; .NET CLR 3.5.30729; .NET CLR 3.0.30729; Media Center PC 6.0; Tablet PC 2.0; .NET4.0C)"
124.153.84.130 - - [20/May/2011:00:29:43 -0700] "GET /rw_common/images/Untitled-2.jpg HTTP/1.0" 200 32135 "http://www.handwritinginsights.com/lesson.html" "Mozilla/4.0 (compatible; MSIE 7.0; Windows NT 5.1; .NET CLR 1.1.4322; .NET CLR 2.0.50727)"
41.132.56.159 - - [20/May/2011:00:29:43 -0700] "GET /index_files/page0_1.jpg HTTP/1.1" 200 10960 "http://www.handwritinginsights.com/" "Mozilla/4.0 (compatible; MSIE 8.0; Windows NT 6.1; Trident/4.0; SLCC2; .NET CLR 2.0.50727; .NET CLR 3.5.30729; .NET CLR 3.0.30729; Media Center PC 6.0; Tablet PC 2.0; .NET4.0C)"
41.132.56.159 - - [20/May/2011:00:29:43 -0700] "GET /rw_common/images/Untitled-2.jpg HTTP/1.1" 200 32135 "http://www.handwritinginsights.com/" "Mozilla/4.0 (compatible; MSIE 8.0; Windows NT 6.1; Trident/4.0; SLCC2; .NET CLR 2.0.50727; .NET CLR 3.5.30729; .NET CLR 3.0.30729; Media Center PC 6.0; Tablet PC 2.0; .NET4.0C)"
124.153.84.130 - - [20/May/2011:00:29:43 -0700] "GET /lesson_files/page5_2.jpg HTTP/1.0" 200 100885 "http://www.handwritinginsights.com/lesson.html" "Mozilla/4.0 (compatible; MSIE 7.0; Windows NT 5.1; .NET CLR 1.1.4322; .NET CLR 2.0.50727)"
41.132.56.159 - - [20/May/2011:00:29:44 -0700] "GET /index_files/page0_3.jpg HTTP/1.1" 200 93261 "http://www.handwritinginsights.com/" "Mozilla/4.0 (compatible; MSIE 8.0; Windows NT 6.1; Trident/4.0; SLCC2; .NET CLR 2.0.50727; .NET CLR 3.5.30729; .NET CLR 3.0.30729; Media Center PC 6.0; Tablet PC 2.0; .NET4.0C)"
124.153.84.130 - - [20/May/2011:00:29:44 -0700] "GET /lesson_files/page5_3.jpg HTTP/1.0" 200 29890 "http://www.handwritinginsights.com/lesson.html" "Mozilla/4.0 (compatible; MSIE 7.0; Windows NT 5.1; .NET CLR 1.1.4322; .NET CLR 2.0.50727)"
124.153.84.130 - - [20/May/2011:00:29:44 -0700] "GET /lesson_files/page5_5.jpg HTTP/1.0" 200 39256 "http://www.handwritinginsights.com/lesson.html" "Mozilla/4.0 (compatible; MSIE 7.0; Windows NT 5.1; .NET CLR 1.1.4322; .NET CLR 2.0.50727)"
124.153.84.130 - - [20/May/2011:00:29:44 -0700] "GET /lesson_files/page5_1.jpg HTTP/1.0" 200 27598 "http://www.handwritinginsights.com/lesson.html" "Mozilla/4.0 (compatible; MSIE 7.0; Windows NT 5.1; .NET CLR 1.1.4322; .NET CLR 2.0.50727)"
124.153.84.130 - - [20/May/2011:00:29:45 -0700] "GET /rw_common/themes/simple/images/header_bg.png HTTP/1.0" 200 155 "http://www.handwritinginsights.com/lesson.html" "Mozilla/4.0 (compatible; MSIE 7.0; Windows NT 5.1; .NET CLR 1.1.4322; .NET CLR 2.0.50727)"
124.153.84.130 - - [20/May/2011:00:29:45 -0700] "GET /lesson_files/page5_4.jpg HTTP/1.0" 200 106714 "http://www.handwritinginsights.com/lesson.html" "Mozilla/4.0 (compatible; MSIE 7.0; Windows NT 5.1; .NET CLR 1.1.4322; .NET CLR 2.0.50727)"
124.153.84.130 - - [20/May/2011:00:29:45 -0700] "GET /lesson_files/page5_7.jpg HTTP/1.0" 200 44580 "http://www.handwritinginsights.com/lesson.html" "Mozilla/4.0 (compatible; MSIE 7.0; Windows NT 5.1; .NET CLR 1.1.4322; .NET CLR 2.0.50727)"
124.153.84.130 - - [20/May/2011:00:29:45 -0700] "GET /lesson_files/page5_8.jpg HTTP/1.0" 200 47824 "http://www.handwritinginsights.com/lesson.html" "Mozilla/4.0 (compatible; MSIE 7.0; Windows NT 5.1; .NET CLR 1.1.4322; .NET CLR 2.0.50727)"
41.132.56.159 - - [20/May/2011:00:29:45 -0700] "GET /index_files/page0_4.jpg HTTP/1.1" 200 100463 "http://www.handwritinginsights.com/" "Mozilla/4.0 (compatible; MSIE 8.0; Windows NT 6.1; Trident/4.0; SLCC2; .NET CLR 2.0.50727; .NET CLR 3.5.30729; .NET CLR 3.0.30729; Media Center PC 6.0; Tablet PC 2.0; .NET4.0C)"
41.132.56.159 - - [20/May/2011:00:29:46 -0700] "GET /index_files/page0_7.jpg HTTP/1.1" 200 51695 "http://www.handwritinginsights.com/" "Mozilla/4.0 (compatible; MSIE 8.0; Windows NT 6.1; Trident/4.0; SLCC2; .NET CLR 2.0.50727; .NET CLR 3.5.30729; .NET CLR 3.0.30729; Media Center PC 6.0; Tablet PC 2.0; .NET4.0C)"
41.132.56.159 - - [20/May/2011:00:29:46 -0700] "GET /rw_common/themes/simple/images/header_bg.png HTTP/1.1" 200 155 "http://www.handwritinginsights.com/" "Mozilla/4.0 (compatible; MSIE 8.0; Windows NT 6.1; Trident/4.0; SLCC2; .NET CLR 2.0.50727; .NET CLR 3.5.30729; .NET CLR 3.0.30729; Media Center PC 6.0; Tablet PC 2.0; .NET4.0C)"
124.153.84.130 - - [20/May/2011:00:29:47 -0700] "GET /lesson_files/page5_10.jpg HTTP/1.0" 200 51695 "http://www.handwritinginsights.com/lesson.html" "Mozilla/4.0 (compatible; MSIE 7.0; Windows NT 5.1; .NET CLR 1.1.4322; .NET CLR 2.0.50727)"
124.153.84.130 - - [20/May/2011:00:29:47 -0700] "GET /lesson_files/page5_9.jpg HTTP/1.0" 200 164364 "http://www.handwritinginsights.com/lesson.html" "Mozilla/4.0 (compatible; MSIE 7.0; Windows NT 5.1; .NET CLR 1.1.4322; .NET CLR 2.0.50727)"
124.153.84.130 - - [20/May/2011:00:29:47 -0700] "GET /lesson_files/page5_6.jpg HTTP/1.0" 200 114115 "http://www.handwritinginsights.com/lesson.html" "Mozilla/4.0 (compatible; MSIE 7.0; Windows NT 5.1; .NET CLR 1.1.4322; .NET CLR 2.0.50727)"
41.132.56.159 - - [20/May/2011:00:29:48 -0700] "GET /rw_common/themes/simple/images/button_down.png HTTP/1.1" 200 196 "http://www.handwritinginsights.com/" "Mozilla/4.0 (compatible; MSIE 8.0; Windows NT 6.1; Trident/4.0; SLCC2; .NET CLR 2.0.50727; .NET CLR 3.5.30729; .NET CLR 3.0.30729; Media Center PC 6.0; Tablet PC 2.0; .NET4.0C)"
41.132.56.159 - - [20/May/2011:00:29:48 -0700] "GET /index_files/page0_5.jpg HTTP/1.1" 200 108875 "http://www.handwritinginsights.com/" "Mozilla/4.0 (compatible; MSIE 8.0; Windows NT 6.1; Trident/4.0; SLCC2; .NET CLR 2.0.50727; .NET CLR 3.5.30729; .NET CLR 3.0.30729; Media Center PC 6.0; Tablet PC 2.0; .NET4.0C)"
124.153.84.130 - - [20/May/2011:00:29:48 -0700] "GET /rw_common/themes/simple/images/button_normal.png HTTP/1.0" 200 192 "http://www.handwritinginsights.com/lesson.html" "Mozilla/4.0 (compatible; MSIE 7.0; Windows NT 5.1; .NET CLR 1.1.4322; .NET CLR 2.0.50727)"
41.132.56.159 - - [20/May/2011:00:29:49 -0700] "GET /rw_common/themes/simple/images/button_normal.png HTTP/1.1" 200 192 "http://www.handwritinginsights.com/" "Mozilla/4.0 (compatible; MSIE 8.0; Windows NT 6.1; Trident/4.0; SLCC2; .NET CLR 2.0.50727; .NET CLR 3.5.30729; .NET CLR 3.0.30729; Media Center PC 6.0; Tablet PC 2.0; .NET4.0C)"
41.132.56.159 - - [20/May/2011:00:29:50 -0700] "GET /index_files/page0_6.jpg HTTP/1.1" 200 243962 "http://www.handwritinginsights.com/" "Mozilla/4.0 (compatible; MSIE 8.0; Windows NT 6.1; Trident/4.0; SLCC2; .NET CLR 2.0.50727; .NET CLR 3.5.30729; .NET CLR 3.0.30729; Media Center PC 6.0; Tablet PC 2.0; .NET4.0C)"
124.153.84.130 - - [20/May/2011:00:29:51 -0700] "GET /rw_common/themes/simple/images/button_down.png HTTP/1.0" 200 196 "http://www.handwritinginsights.com/lesson.html" "Mozilla/4.0 (compatible; MSIE 7.0; Windows NT 5.1; .NET CLR 1.1.4322; .NET CLR 2.0.50727)"
41.132.56.159 - - [20/May/2011:00:29:55 -0700] "GET /favicon.ico HTTP/1.1" 404 217 "-" "Mozilla/4.0 (compatible; MSIE 8.0; Windows NT 6.1; Trident/4.0; SLCC2; .NET CLR 2.0.50727; .NET CLR 3.5.30729; .NET CLR 3.0.30729; Media Center PC 6.0; Tablet PC 2.0; .NET4.0C)"
124.153.84.130 - - [20/May/2011:00:31:52 -0700] "GET / HTTP/1.0" 200 32293 "http://www.google.co.in/search?hl=en&biw=1419&bih=724&q=handwriting+analysis+examples&oq=handwriting+analysis&aq=1&aqi=g10&aql=&gs_sm=c&gs_upl=113765l120171l0l22l22l1l11l11l0l344l2157l0.1.5.2" "Mozilla/4.0 (compatible; MSIE 7.0; Windows NT 5.1; .NET CLR 1.1.4322; .NET CLR 2.0.50727)"
124.153.84.130 - - [20/May/2011:00:31:53 -0700] "GET /index_files/page0_2.jpg HTTP/1.0" 200 64940 "http://www.handwritinginsights.com/" "Mozilla/4.0 (compatible; MSIE 7.0; Windows NT 5.1; .NET CLR 1.1.4322; .NET CLR 2.0.50727)"
124.153.84.130 - - [20/May/2011:00:31:54 -0700] "GET /index_files/page0_4.jpg HTTP/1.0" 200 100463 "http://www.handwritinginsights.com/" "Mozilla/4.0 (compatible; MSIE 7.0; Windows NT 5.1; .NET CLR 1.1.4322; .NET CLR 2.0.50727)"
124.153.84.130 - - [20/May/2011:00:31:54 -0700] "GET /index_files/page0_3.jpg HTTP/1.0" 200 93261 "http://www.handwritinginsights.com/" "Mozilla/4.0 (compatible; MSIE 7.0; Windows NT 5.1; .NET CLR 1.1.4322; .NET CLR 2.0.50727)"
124.153.84.130 - - [20/May/2011:00:31:54 -0700] "GET /index_files/page0_1.jpg HTTP/1.0" 200 10960 "http://www.handwritinginsights.com/" "Mozilla/4.0 (compatible; MSIE 7.0; Windows NT 5.1; .NET CLR 1.1.4322; .NET CLR 2.0.50727)"
124.153.84.130 - - [20/May/2011:00:31:56 -0700] "GET /index_files/page0_5.jpg HTTP/1.0" 200 108875 "http://www.handwritinginsights.com/" "Mozilla/4.0 (compatible; MSIE 7.0; Windows NT 5.1; .NET CLR 1.1.4322; .NET CLR 2.0.50727)"
124.153.84.130 - - [20/May/2011:00:31:57 -0700] "GET /index_files/page0_7.jpg HTTP/1.0" 200 51695 "http://www.handwritinginsights.com/" "Mozilla/4.0 (compatible; MSIE 7.0; Windows NT 5.1; .NET CLR 1.1.4322; .NET CLR 2.0.50727)"
41.34.219.225 - - [20/May/2011:00:32:32 -0700] "GET /rw_common/themes/simple/handheld.css HTTP/1.1" 200 6005 "http://www.handwritinginsights.com/" "Mozilla/5.0 (Windows NT 6.1; rv:2.0.1) Gecko/20100101 Firefox/4.0.1"
41.34.219.225 - - [20/May/2011:00:32:32 -0700] "GET /rw_common/themes/simple/print.css HTTP/1.1" 200 3818 "http://www.handwritinginsights.com/" "Mozilla/5.0 (Windows NT 6.1; rv:2.0.1) Gecko/20100101 Firefox/4.0.1"
41.34.219.225 - - [20/May/2011:00:32:32 -0700] "GET /rw_common/themes/simple/styles.css HTTP/1.1" 200 13520 "http://www.handwritinginsights.com/" "Mozilla/5.0 (Windows NT 6.1; rv:2.0.1) Gecko/20100101 Firefox/4.0.1"
41.34.219.225 - - [20/May/2011:00:32:32 -0700] "GET / HTTP/1.1" 200 32293 "http://www.google.com.eg/url?sa=t&source=web&cd=10&ved=0CHAQFjAJ&url=http%3A%2F%2Fwww.handwritinginsights.com%2F&rct=j&q=personality%20from%20handwriting&ei=WxjWTc3yG4aAhQfTkI3UBg&usg=AFQjCNEICSJoJkVMgTFu2A41Q60rJogRmw&sig2=33E9tW30sCHJZQycuNKD1g" "Mozilla/5.0 (Windows NT 6.1; rv:2.0.1) Gecko/20100101 Firefox/4.0.1"
41.34.219.225 - - [20/May/2011:00:32:33 -0700] "GET /index_files/page0_1.jpg HTTP/1.1" 200 10960 "http://www.handwritinginsights.com/" "Mozilla/5.0 (Windows NT 6.1; rv:2.0.1) Gecko/20100101 Firefox/4.0.1"
41.34.219.225 - - [20/May/2011:00:32:33 -0700] "GET /rw_common/themes/simple/css/styles/vibrant_pink.css HTTP/1.1" 200 276 "http://www.handwritinginsights.com/" "Mozilla/5.0 (Windows NT 6.1; rv:2.0.1) Gecko/20100101 Firefox/4.0.1"
41.34.219.225 - - [20/May/2011:00:32:33 -0700] "GET /rw_common/themes/simple/css/width/width_1000.css HTTP/1.1" 200 30 "http://www.handwritinginsights.com/" "Mozilla/5.0 (Windows NT 6.1; rv:2.0.1) Gecko/20100101 Firefox/4.0.1"
41.34.219.225 - - [20/May/2011:00:32:33 -0700] "GET /rw_common/themes/simple/css/sidebar/sidebar_left.css HTTP/1.1" 200 99 "http://www.handwritinginsights.com/" "Mozilla/5.0 (Windows NT 6.1; rv:2.0.1) Gecko/20100101 Firefox/4.0.1"
41.34.219.225 - - [20/May/2011:00:32:33 -0700] "GET /rw_common/themes/simple/javascript.js HTTP/1.1" 200 14608 "http://www.handwritinginsights.com/" "Mozilla/5.0 (Windows NT 6.1; rv:2.0.1) Gecko/20100101 Firefox/4.0.1"
41.34.219.225 - - [20/May/2011:00:32:33 -0700] "GET /index_files/page0_2.jpg HTTP/1.1" 200 64940 "http://www.handwritinginsights.com/" "Mozilla/5.0 (Windows NT 6.1; rv:2.0.1) Gecko/20100101 Firefox/4.0.1"
41.34.219.225 - - [20/May/2011:00:32:34 -0700] "GET /rw_common/images/Untitled-2.jpg HTTP/1.1" 200 32135 "http://www.handwritinginsights.com/" "Mozilla/5.0 (Windows NT 6.1; rv:2.0.1) Gecko/20100101 Firefox/4.0.1"
41.34.219.225 - - [20/May/2011:00:32:34 -0700] "GET /index_files/page0_3.jpg HTTP/1.1" 200 93261 "http://www.handwritinginsights.com/" "Mozilla/5.0 (Windows NT 6.1; rv:2.0.1) Gecko/20100101 Firefox/4.0.1"
41.34.219.225 - - [20/May/2011:00:32:37 -0700] "GET /index_files/page0_7.jpg HTTP/1.1" 200 51695 "http://www.handwritinginsights.com/" "Mozilla/5.0 (Windows NT 6.1; rv:2.0.1) Gecko/20100101 Firefox/4.0.1"
124.153.84.130 - - [20/May/2011:00:32:38 -0700] "GET /index_files/page0_6.jpg HTTP/1.0" 200 65536 "http://www.handwritinginsights.com/" "Mozilla/4.0 (compatible; MSIE 7.0; Windows NT 5.1; .NET CLR 1.1.4322; .NET CLR 2.0.50727)"
41.34.219.225 - - [20/May/2011:00:32:39 -0700] "GET /index_files/page0_5.jpg HTTP/1.1" 200 108875 "http://www.handwritinginsights.com/" "Mozilla/5.0 (Windows NT 6.1; rv:2.0.1) Gecko/20100101 Firefox/4.0.1"
41.34.219.225 - - [20/May/2011:00:32:39 -0700] "GET /rw_common/themes/simple/images/button_down.png HTTP/1.1" 200 196 "http://www.handwritinginsights.com/rw_common/themes/simple/styles.css" "Mozilla/5.0 (Windows NT 6.1; rv:2.0.1) Gecko/20100101 Firefox/4.0.1"
41.34.219.225 - - [20/May/2011:00:32:40 -0700] "GET /rw_common/themes/simple/images/header_bg.png HTTP/1.1" 200 155 "http://www.handwritinginsights.com/rw_common/themes/simple/styles.css" "Mozilla/5.0 (Windows NT 6.1; rv:2.0.1) Gecko/20100101 Firefox/4.0.1"
41.34.219.225 - - [20/May/2011:00:32:40 -0700] "GET /index_files/page0_4.jpg HTTP/1.1" 200 100463 "http://www.handwritinginsights.com/" "Mozilla/5.0 (Windows NT 6.1; rv:2.0.1) Gecko/20100101 Firefox/4.0.1"
41.34.219.225 - - [20/May/2011:00:32:40 -0700] "GET /rw_common/themes/simple/images/button_normal.png HTTP/1.1" 200 192 "http://www.handwritinginsights.com/rw_common/themes/simple/styles.css" "Mozilla/5.0 (Windows NT 6.1; rv:2.0.1) Gecko/20100101 Firefox/4.0.1"
41.34.219.225 - - [20/May/2011:00:32:45 -0700] "GET /index_files/page0_6.jpg HTTP/1.1" 200 243962 "http://www.handwritinginsights.com/" "Mozilla/5.0 (Windows NT 6.1; rv:2.0.1) Gecko/20100101 Firefox/4.0.1"
41.34.219.225 - - [20/May/2011:00:32:55 -0700] "GET /favicon.ico HTTP/1.1" 404 217 "-" "Mozilla/5.0 (Windows NT 6.1; rv:2.0.1) Gecko/20100101 Firefox/4.0.1"
41.34.219.225 - - [20/May/2011:00:32:56 -0700] "GET /favicon.ico HTTP/1.1" 404 217 "-" "Mozilla/5.0 (Windows NT 6.1; rv:2.0.1) Gecko/20100101 Firefox/4.0.1"
59.163.17.65 - - [20/May/2011:00:33:22 -0700] "GET / HTTP/1.0" 200 32293 "http://www.google.co.in/" "Mozilla/4.0 (compatible; MSIE 8.0; Windows NT 6.1; Trident/4.0; SLCC2; .NET CLR 2.0.50727; .NET CLR 3.5.30729; .NET CLR 3.0.30729; Media Center PC 6.0)"
59.163.17.65 - - [20/May/2011:00:33:26 -0700] "GET /rw_common/themes/simple/css/width/width_1000.css HTTP/1.0" 200 30 "http://www.handwritinginsights.com/" "Mozilla/4.0 (compatible; MSIE 8.0; Windows NT 6.1; Trident/4.0; SLCC2; .NET CLR 2.0.50727; .NET CLR 3.5.30729; .NET CLR 3.0.30729; Media Center PC 6.0)"
59.163.17.65 - - [20/May/2011:00:33:26 -0700] "GET /rw_common/themes/simple/javascript.js HTTP/1.0" 200 14608 "http://www.handwritinginsights.com/" "Mozilla/4.0 (compatible; MSIE 8.0; Windows NT 6.1; Trident/4.0; SLCC2; .NET CLR 2.0.50727; .NET CLR 3.5.30729; .NET CLR 3.0.30729; Media Center PC 6.0)"
59.163.17.65 - - [20/May/2011:00:33:26 -0700] "GET /rw_common/themes/simple/print.css HTTP/1.0" 200 3818 "http://www.handwritinginsights.com/" "Mozilla/4.0 (compatible; MSIE 8.0; Windows NT 6.1; Trident/4.0; SLCC2; .NET CLR 2.0.50727; .NET CLR 3.5.30729; .NET CLR 3.0.30729; Media Center PC 6.0)"
59.163.17.65 - - [20/May/2011:00:33:26 -0700] "GET /rw_common/themes/simple/styles.css HTTP/1.0" 200 13520 "http://www.handwritinginsights.com/" "Mozilla/4.0 (compatible; MSIE 8.0; Windows NT 6.1; Trident/4.0; SLCC2; .NET CLR 2.0.50727; .NET CLR 3.5.30729; .NET CLR 3.0.30729; Media Center PC 6.0)"
59.163.17.65 - - [20/May/2011:00:33:26 -0700] "GET /rw_common/themes/simple/handheld.css HTTP/1.0" 200 6005 "http://www.handwritinginsights.com/" "Mozilla/4.0 (compatible; MSIE 8.0; Windows NT 6.1; Trident/4.0; SLCC2; .NET CLR 2.0.50727; .NET CLR 3.5.30729; .NET CLR 3.0.30729; Media Center PC 6.0)"
59.163.17.65 - - [20/May/2011:00:33:27 -0700] "GET /rw_common/themes/simple/css/styles/vibrant_pink.css HTTP/1.0" 200 276 "http://www.handwritinginsights.com/" "Mozilla/4.0 (compatible; MSIE 8.0; Windows NT 6.1; Trident/4.0; SLCC2; .NET CLR 2.0.50727; .NET CLR 3.5.30729; .NET CLR 3.0.30729; Media Center PC 6.0)"
59.163.17.65 - - [20/May/2011:00:33:29 -0700] "GET /rw_common/themes/simple/css/sidebar/sidebar_left.css HTTP/1.0" 200 99 "http://www.handwritinginsights.com/" "Mozilla/4.0 (compatible; MSIE 8.0; Windows NT 6.1; Trident/4.0; SLCC2; .NET CLR 2.0.50727; .NET CLR 3.5.30729; .NET CLR 3.0.30729; Media Center PC 6.0)"
59.163.17.65 - - [20/May/2011:00:33:31 -0700] "GET /index_files/page0_1.jpg HTTP/1.0" 200 10960 "http://www.handwritinginsights.com/" "Mozilla/4.0 (compatible; MSIE 8.0; Windows NT 6.1; Trident/4.0; SLCC2; .NET CLR 2.0.50727; .NET CLR 3.5.30729; .NET CLR 3.0.30729; Media Center PC 6.0)"
59.163.17.65 - - [20/May/2011:00:33:32 -0700] "GET /index_files/page0_5.jpg HTTP/1.0" 200 108875 "http://www.handwritinginsights.com/" "Mozilla/4.0 (compatible; MSIE 8.0; Windows NT 6.1; Trident/4.0; SLCC2; .NET CLR 2.0.50727; .NET CLR 3.5.30729; .NET CLR 3.0.30729; Media Center PC 6.0)"
59.163.17.65 - - [20/May/2011:00:33:32 -0700] "GET /index_files/page0_3.jpg HTTP/1.0" 200 93261 "http://www.handwritinginsights.com/" "Mozilla/4.0 (compatible; MSIE 8.0; Windows NT 6.1; Trident/4.0; SLCC2; .NET CLR 2.0.50727; .NET CLR 3.5.30729; .NET CLR 3.0.30729; Media Center PC 6.0)"
59.163.17.65 - - [20/May/2011:00:33:32 -0700] "GET /rw_common/images/Untitled-2.jpg HTTP/1.0" 200 32135 "http://www.handwritinginsights.com/" "Mozilla/4.0 (compatible; MSIE 8.0; Windows NT 6.1; Trident/4.0; SLCC2; .NET CLR 2.0.50727; .NET CLR 3.5.30729; .NET CLR 3.0.30729; Media Center PC 6.0)"
59.163.17.65 - - [20/May/2011:00:33:45 -0700] "GET /index_files/page0_6.jpg HTTP/1.0" 200 243962 "http://www.handwritinginsights.com/" "Mozilla/4.0 (compatible; MSIE 8.0; Windows NT 6.1; Trident/4.0; SLCC2; .NET CLR 2.0.50727; .NET CLR 3.5.30729; .NET CLR 3.0.30729; Media Center PC 6.0)"
41.34.219.225 - - [20/May/2011:00:33:46 -0700] "GET /lesson.html HTTP/1.1" 200 48485 "http://www.handwritinginsights.com/" "Mozilla/5.0 (Windows NT 6.1; rv:2.0.1) Gecko/20100101 Firefox/4.0.1"
41.34.219.225 - - [20/May/2011:00:33:48 -0700] "GET /lesson_files/page5_1.jpg HTTP/1.1" 200 27598 "http://www.handwritinginsights.com/lesson.html" "Mozilla/5.0 (Windows NT 6.1; rv:2.0.1) Gecko/20100101 Firefox/4.0.1"
41.34.219.225 - - [20/May/2011:00:33:49 -0700] "GET /lesson_files/page5_2.jpg HTTP/1.1" 200 100885 "http://www.handwritinginsights.com/lesson.html" "Mozilla/5.0 (Windows NT 6.1; rv:2.0.1) Gecko/20100101 Firefox/4.0.1"
41.34.219.225 - - [20/May/2011:00:33:49 -0700] "GET /lesson_files/page5_3.jpg HTTP/1.1" 200 29890 "http://www.handwritinginsights.com/lesson.html" "Mozilla/5.0 (Windows NT 6.1; rv:2.0.1) Gecko/20100101 Firefox/4.0.1"
41.34.219.225 - - [20/May/2011:00:33:49 -0700] "GET /lesson_files/page5_5.jpg HTTP/1.1" 200 39256 "http://www.handwritinginsights.com/lesson.html" "Mozilla/5.0 (Windows NT 6.1; rv:2.0.1) Gecko/20100101 Firefox/4.0.1"
41.34.219.225 - - [20/May/2011:00:33:52 -0700] "GET /lesson_files/page5_4.jpg HTTP/1.1" 200 106714 "http://www.handwritinginsights.com/lesson.html" "Mozilla/5.0 (Windows NT 6.1; rv:2.0.1) Gecko/20100101 Firefox/4.0.1"
41.34.219.225 - - [20/May/2011:00:33:53 -0700] "GET /lesson_files/page5_8.jpg HTTP/1.1" 200 47824 "http://www.handwritinginsights.com/lesson.html" "Mozilla/5.0 (Windows NT 6.1; rv:2.0.1) Gecko/20100101 Firefox/4.0.1"
41.34.219.225 - - [20/May/2011:00:33:53 -0700] "GET /lesson_files/page5_7.jpg HTTP/1.1" 200 44580 "http://www.handwritinginsights.com/lesson.html" "Mozilla/5.0 (Windows NT 6.1; rv:2.0.1) Gecko/20100101 Firefox/4.0.1"
41.34.219.225 - - [20/May/2011:00:33:54 -0700] "GET /lesson_files/page5_10.jpg HTTP/1.1" 200 51695 "http://www.handwritinginsights.com/lesson.html" "Mozilla/5.0 (Windows NT 6.1; rv:2.0.1) Gecko/20100101 Firefox/4.0.1"
41.34.219.225 - - [20/May/2011:00:33:55 -0700] "GET /lesson_files/page5_6.jpg HTTP/1.1" 200 114115 "http://www.handwritinginsights.com/lesson.html" "Mozilla/5.0 (Windows NT 6.1; rv:2.0.1) Gecko/20100101 Firefox/4.0.1"
59.163.17.65 - - [20/May/2011:00:33:55 -0700] "GET /index_files/page0_7.jpg HTTP/1.0" 200 51695 "http://www.handwritinginsights.com/" "Mozilla/4.0 (compatible; MSIE 8.0; Windows NT 6.1; Trident/4.0; SLCC2; .NET CLR 2.0.50727; .NET CLR 3.5.30729; .NET CLR 3.0.30729; Media Center PC 6.0)"
59.163.17.65 - - [20/May/2011:00:33:56 -0700] "GET /rw_common/themes/simple/images/header_bg.png HTTP/1.0" 200 155 "http://www.handwritinginsights.com/" "Mozilla/4.0 (compatible; MSIE 8.0; Windows NT 6.1; Trident/4.0; SLCC2; .NET CLR 2.0.50727; .NET CLR 3.5.30729; .NET CLR 3.0.30729; Media Center PC 6.0)"
59.163.17.65 - - [20/May/2011:00:33:58 -0700] "GET /index_files/page0_4.jpg HTTP/1.0" 200 100463 "http://www.handwritinginsights.com/" "Mozilla/4.0 (compatible; MSIE 8.0; Windows NT 6.1; Trident/4.0; SLCC2; .NET CLR 2.0.50727; .NET CLR 3.5.30729; .NET CLR 3.0.30729; Media Center PC 6.0)"
41.34.219.225 - - [20/May/2011:00:34:01 -0700] "GET /lesson_files/page5_9.jpg HTTP/1.1" 200 164364 "http://www.handwritinginsights.com/lesson.html" "Mozilla/5.0 (Windows NT 6.1; rv:2.0.1) Gecko/20100101 Firefox/4.0.1"
59.163.17.65 - - [20/May/2011:00:34:03 -0700] "GET /rw_common/themes/simple/images/button_down.png HTTP/1.0" 200 196 "http://www.handwritinginsights.com/" "Mozilla/4.0 (compatible; MSIE 8.0; Windows NT 6.1; Trident/4.0; SLCC2; .NET CLR 2.0.50727; .NET CLR 3.5.30729; .NET CLR 3.0.30729; Media Center PC 6.0)"
59.163.17.65 - - [20/May/2011:00:34:05 -0700] "GET /rw_common/themes/simple/images/button_normal.png HTTP/1.0" 200 192 "http://www.handwritinginsights.com/" "Mozilla/4.0 (compatible; MSIE 8.0; Windows NT 6.1; Trident/4.0; SLCC2; .NET CLR 2.0.50727; .NET CLR 3.5.30729; .NET CLR 3.0.30729; Media Center PC 6.0)"
59.163.17.65 - - [20/May/2011:00:34:28 -0700] "GET /index_files/page0_2.jpg HTTP/1.0" 200 64940 "http://www.handwritinginsights.com/" "Mozilla/4.0 (compatible; MSIE 8.0; Windows NT 6.1; Trident/4.0; SLCC2; .NET CLR 2.0.50727; .NET CLR 3.5.30729; .NET CLR 3.0.30729; Media Center PC 6.0)"
59.163.17.65 - - [20/May/2011:00:34:39 -0700] "GET /favicon.ico HTTP/1.0" 404 205 "-" "Mozilla/4.0 (compatible; MSIE 8.0; Windows NT 6.1; Trident/4.0; SLCC2; .NET CLR 2.0.50727; .NET CLR 3.5.30729; .NET CLR 3.0.30729; Media Center PC 6.0)"
150.70.64.193 - - [20/May/2011:00:35:02 -0700] "GET /rw_common/themes/simple/javascript.js HTTP/1.0" 200 14608 "-" "Mozilla/4.0 (compatible; MSIE 6.0; Windows NT 5.1)"
203.106.250.130 - - [20/May/2011:00:36:04 -0700] "GET /rw_common/themes/simple/handheld.css HTTP/1.1" 200 6005 "http://www.handwritinginsights.com/" "Mozilla/5.0 (Windows NT 5.1; rv:2.0.1) Gecko/20100101 Firefox/4.0.1"
203.106.250.130 - - [20/May/2011:00:36:04 -0700] "GET / HTTP/1.1" 200 32293 "http://www.google.com.my/url?sa=t&source=web&cd=2&sqi=2&ved=0CCYQFjAB&url=http%3A%2F%2Fwww.handwritinginsights.com%2F&rct=j&q=how%20to%20read%20handwriting&ei=2RnWTbPJCpC_gQfO3OC0Bw&usg=AFQjCNEICSJoJkVMgTFu2A41Q60rJogRmw&cad=rja" "Mozilla/5.0 (Windows NT 5.1; rv:2.0.1) Gecko/20100101 Firefox/4.0.1"
203.106.250.130 - - [20/May/2011:00:36:04 -0700] "GET /rw_common/themes/simple/styles.css HTTP/1.1" 200 13520 "http://www.handwritinginsights.com/" "Mozilla/5.0 (Windows NT 5.1; rv:2.0.1) Gecko/20100101 Firefox/4.0.1"
203.106.250.130 - - [20/May/2011:00:36:04 -0700] "GET /rw_common/themes/simple/print.css HTTP/1.1" 200 3818 "http://www.handwritinginsights.com/" "Mozilla/5.0 (Windows NT 5.1; rv:2.0.1) Gecko/20100101 Firefox/4.0.1"
203.106.250.130 - - [20/May/2011:00:36:04 -0700] "GET /rw_common/themes/simple/css/styles/vibrant_pink.css HTTP/1.1" 200 276 "http://www.handwritinginsights.com/" "Mozilla/5.0 (Windows NT 5.1; rv:2.0.1) Gecko/20100101 Firefox/4.0.1"
203.106.250.130 - - [20/May/2011:00:36:04 -0700] "GET /rw_common/themes/simple/css/sidebar/sidebar_left.css HTTP/1.1" 200 99 "http://www.handwritinginsights.com/" "Mozilla/5.0 (Windows NT 5.1; rv:2.0.1) Gecko/20100101 Firefox/4.0.1"
203.106.250.130 - - [20/May/2011:00:36:04 -0700] "GET /rw_common/images/Untitled-2.jpg HTTP/1.1" 200 32135 "http://www.handwritinginsights.com/" "Mozilla/5.0 (Windows NT 5.1; rv:2.0.1) Gecko/20100101 Firefox/4.0.1"
203.106.250.130 - - [20/May/2011:00:36:04 -0700] "GET /rw_common/themes/simple/css/width/width_1000.css HTTP/1.1" 200 30 "http://www.handwritinginsights.com/" "Mozilla/5.0 (Windows NT 5.1; rv:2.0.1) Gecko/20100101 Firefox/4.0.1"
203.106.250.130 - - [20/May/2011:00:36:05 -0700] "GET /rw_common/themes/simple/javascript.js HTTP/1.1" 200 14608 "http://www.handwritinginsights.com/" "Mozilla/5.0 (Windows NT 5.1; rv:2.0.1) Gecko/20100101 Firefox/4.0.1"
203.106.250.130 - - [20/May/2011:00:36:06 -0700] "GET /index_files/page0_3.jpg HTTP/1.1" 200 93261 "http://www.handwritinginsights.com/" "Mozilla/5.0 (Windows NT 5.1; rv:2.0.1) Gecko/20100101 Firefox/4.0.1"
203.106.250.130 - - [20/May/2011:00:36:06 -0700] "GET /index_files/page0_1.jpg HTTP/1.1" 200 10960 "http://www.handwritinginsights.com/" "Mozilla/5.0 (Windows NT 5.1; rv:2.0.1) Gecko/20100101 Firefox/4.0.1"
203.106.250.130 - - [20/May/2011:00:36:06 -0700] "GET /index_files/page0_4.jpg HTTP/1.1" 200 100463 "http://www.handwritinginsights.com/" "Mozilla/5.0 (Windows NT 5.1; rv:2.0.1) Gecko/20100101 Firefox/4.0.1"
203.106.250.130 - - [20/May/2011:00:36:06 -0700] "GET /index_files/page0_2.jpg HTTP/1.1" 200 64940 "http://www.handwritinginsights.com/" "Mozilla/5.0 (Windows NT 5.1; rv:2.0.1) Gecko/20100101 Firefox/4.0.1"
203.106.250.130 - - [20/May/2011:00:36:06 -0700] "GET /index_files/page0_5.jpg HTTP/1.1" 200 108875 "http://www.handwritinginsights.com/" "Mozilla/5.0 (Windows NT 5.1; rv:2.0.1) Gecko/20100101 Firefox/4.0.1"
203.106.250.130 - - [20/May/2011:00:36:07 -0700] "GET /index_files/page0_7.jpg HTTP/1.1" 200 51695 "http://www.handwritinginsights.com/" "Mozilla/5.0 (Windows NT 5.1; rv:2.0.1) Gecko/20100101 Firefox/4.0.1"
203.106.250.130 - - [20/May/2011:00:36:08 -0700] "GET /rw_common/themes/simple/images/header_bg.png HTTP/1.1" 200 155 "http://www.handwritinginsights.com/rw_common/themes/simple/styles.css" "Mozilla/5.0 (Windows NT 5.1; rv:2.0.1) Gecko/20100101 Firefox/4.0.1"
203.106.250.130 - - [20/May/2011:00:36:08 -0700] "GET /rw_common/themes/simple/images/button_normal.png HTTP/1.1" 200 192 "http://www.handwritinginsights.com/rw_common/themes/simple/styles.css" "Mozilla/5.0 (Windows NT 5.1; rv:2.0.1) Gecko/20100101 Firefox/4.0.1"
203.106.250.130 - - [20/May/2011:00:36:08 -0700] "GET /rw_common/themes/simple/images/button_down.png HTTP/1.1" 200 196 "http://www.handwritinginsights.com/rw_common/themes/simple/styles.css" "Mozilla/5.0 (Windows NT 5.1; rv:2.0.1) Gecko/20100101 Firefox/4.0.1"
203.106.250.130 - - [20/May/2011:00:36:09 -0700] "GET /index_files/page0_6.jpg HTTP/1.1" 200 243962 "http://www.handwritinginsights.com/" "Mozilla/5.0 (Windows NT 5.1; rv:2.0.1) Gecko/20100101 Firefox/4.0.1"
203.106.250.130 - - [20/May/2011:00:36:12 -0700] "GET /favicon.ico HTTP/1.1" 404 217 "-" "Mozilla/5.0 (Windows NT 5.1; rv:2.0.1) Gecko/20100101 Firefox/4.0.1"
41.34.219.225 - - [20/May/2011:00:37:33 -0700] "GET /lesson_files/page5_1.jpg HTTP/1.1" 200 27598 "-" "Mozilla/4.0 (compatible; MSIE 7.0; Windows NT 6.1; Trident/4.0; SLCC2; .NET CLR 2.0.50727; .NET CLR 3.5.30729; .NET CLR 3.0.30729; Media Center PC 6.0)"
41.34.219.225 - - [20/May/2011:00:37:33 -0700] "GET /lesson_files/page5_1.jpg HTTP/1.1" 200 27598 "-" "Mozilla/4.0 (compatible; MSIE 7.0; Windows NT 6.1; Trident/4.0; SLCC2; .NET CLR 2.0.50727; .NET CLR 3.5.30729; .NET CLR 3.0.30729; Media Center PC 6.0)"
41.34.219.225 - - [20/May/2011:00:37:39 -0700] "GET /lesson_files/page5_2.jpg HTTP/1.1" 200 100885 "-" "Mozilla/4.0 (compatible; MSIE 7.0; Windows NT 6.1; Trident/4.0; SLCC2; .NET CLR 2.0.50727; .NET CLR 3.5.30729; .NET CLR 3.0.30729; Media Center PC 6.0)"
41.34.219.225 - - [20/May/2011:00:37:40 -0700] "GET /lesson_files/page5_2.jpg HTTP/1.1" 200 100885 "-" "Mozilla/4.0 (compatible; MSIE 7.0; Windows NT 6.1; Trident/4.0; SLCC2; .NET CLR 2.0.50727; .NET CLR 3.5.30729; .NET CLR 3.0.30729; Media Center PC 6.0)"
41.34.219.225 - - [20/May/2011:00:37:43 -0700] "GET /lesson_files/page5_3.jpg HTTP/1.1" 200 29890 "-" "Mozilla/4.0 (compatible; MSIE 7.0; Windows NT 6.1; Trident/4.0; SLCC2; .NET CLR 2.0.50727; .NET CLR 3.5.30729; .NET CLR 3.0.30729; Media Center PC 6.0)"
41.34.219.225 - - [20/May/2011:00:37:46 -0700] "GET /lesson_files/page5_3.jpg HTTP/1.1" 200 29890 "-" "Mozilla/4.0 (compatible; MSIE 7.0; Windows NT 6.1; Trident/4.0; SLCC2; .NET CLR 2.0.50727; .NET CLR 3.5.30729; .NET CLR 3.0.30729; Media Center PC 6.0)"
41.34.219.225 - - [20/May/2011:00:37:50 -0700] "GET /lesson_files/page5_4.jpg HTTP/1.1" 200 106714 "-" "Mozilla/4.0 (compatible; MSIE 7.0; Windows NT 6.1; Trident/4.0; SLCC2; .NET CLR 2.0.50727; .NET CLR 3.5.30729; .NET CLR 3.0.30729; Media Center PC 6.0)"
41.34.219.225 - - [20/May/2011:00:37:50 -0700] "GET /lesson_files/page5_4.jpg HTTP/1.1" 200 106714 "-" "Mozilla/4.0 (compatible; MSIE 7.0; Windows NT 6.1; Trident/4.0; SLCC2; .NET CLR 2.0.50727; .NET CLR 3.5.30729; .NET CLR 3.0.30729; Media Center PC 6.0)"
41.34.219.225 - - [20/May/2011:00:37:53 -0700] "GET /lesson_files/page5_5.jpg HTTP/1.1" 200 39256 "-" "Mozilla/4.0 (compatible; MSIE 7.0; Windows NT 6.1; Trident/4.0; SLCC2; .NET CLR 2.0.50727; .NET CLR 3.5.30729; .NET CLR 3.0.30729; Media Center PC 6.0)"
41.34.219.225 - - [20/May/2011:00:37:54 -0700] "GET /lesson_files/page5_5.jpg HTTP/1.1" 200 39256 "-" "Mozilla/4.0 (compatible; MSIE 7.0; Windows NT 6.1; Trident/4.0; SLCC2; .NET CLR 2.0.50727; .NET CLR 3.5.30729; .NET CLR 3.0.30729; Media Center PC 6.0)"
41.34.219.225 - - [20/May/2011:00:37:56 -0700] "GET /lesson_files/page5_6.jpg HTTP/1.1" 200 114115 "-" "Mozilla/4.0 (compatible; MSIE 7.0; Windows NT 6.1; Trident/4.0; SLCC2; .NET CLR 2.0.50727; .NET CLR 3.5.30729; .NET CLR 3.0.30729; Media Center PC 6.0)"
41.34.219.225 - - [20/May/2011:00:37:59 -0700] "GET /lesson_files/page5_6.jpg HTTP/1.1" 200 114115 "-" "Mozilla/4.0 (compatible; MSIE 7.0; Windows NT 6.1; Trident/4.0; SLCC2; .NET CLR 2.0.50727; .NET CLR 3.5.30729; .NET CLR 3.0.30729; Media Center PC 6.0)"
122.172.240.72 - - [20/May/2011:00:40:04 -0700] "GET / HTTP/1.1" 200 32293 "-" "Mozilla/5.0 (Windows NT 5.1) AppleWebKit/534.24 (KHTML, like Gecko) Chrome/11.0.696.68 Safari/534.24"
122.172.240.72 - - [20/May/2011:00:40:05 -0700] "GET /rw_common/themes/simple/print.css HTTP/1.1" 200 3818 "http://www.handwritinginsights.com/" "Mozilla/5.0 (Windows NT 5.1) AppleWebKit/534.24 (KHTML, like Gecko) Chrome/11.0.696.68 Safari/534.24"
122.172.240.72 - - [20/May/2011:00:40:05 -0700] "GET /rw_common/themes/simple/css/styles/vibrant_pink.css HTTP/1.1" 200 276 "http://www.handwritinginsights.com/" "Mozilla/5.0 (Windows NT 5.1) AppleWebKit/534.24 (KHTML, like Gecko) Chrome/11.0.696.68 Safari/534.24"
122.172.240.72 - - [20/May/2011:00:40:05 -0700] "GET /rw_common/themes/simple/styles.css HTTP/1.1" 200 13520 "http://www.handwritinginsights.com/" "Mozilla/5.0 (Windows NT 5.1) AppleWebKit/534.24 (KHTML, like Gecko) Chrome/11.0.696.68 Safari/534.24"
122.172.240.72 - - [20/May/2011:00:40:06 -0700] "GET /rw_common/themes/simple/handheld.css HTTP/1.1" 200 6005 "http://www.handwritinginsights.com/" "Mozilla/5.0 (Windows NT 5.1) AppleWebKit/534.24 (KHTML, like Gecko) Chrome/11.0.696.68 Safari/534.24"
122.172.240.72 - - [20/May/2011:00:40:06 -0700] "GET /rw_common/themes/simple/css/sidebar/sidebar_left.css HTTP/1.1" 200 99 "http://www.handwritinginsights.com/" "Mozilla/5.0 (Windows NT 5.1) AppleWebKit/534.24 (KHTML, like Gecko) Chrome/11.0.696.68 Safari/534.24"
122.172.240.72 - - [20/May/2011:00:40:06 -0700] "GET /rw_common/themes/simple/javascript.js HTTP/1.1" 200 14608 "http://www.handwritinginsights.com/" "Mozilla/5.0 (Windows NT 5.1) AppleWebKit/534.24 (KHTML, like Gecko) Chrome/11.0.696.68 Safari/534.24"
122.172.240.72 - - [20/May/2011:00:40:06 -0700] "GET /rw_common/themes/simple/css/width/width_1000.css HTTP/1.1" 200 30 "http://www.handwritinginsights.com/" "Mozilla/5.0 (Windows NT 5.1) AppleWebKit/534.24 (KHTML, like Gecko) Chrome/11.0.696.68 Safari/534.24"
122.172.240.72 - - [20/May/2011:00:40:07 -0700] "GET /rw_common/themes/simple/images/button_down.png HTTP/1.1" 200 196 "http://www.handwritinginsights.com/" "Mozilla/5.0 (Windows NT 5.1) AppleWebKit/534.24 (KHTML, like Gecko) Chrome/11.0.696.68 Safari/534.24"
122.172.240.72 - - [20/May/2011:00:40:07 -0700] "GET /rw_common/themes/simple/images/button_normal.png HTTP/1.1" 200 192 "http://www.handwritinginsights.com/" "Mozilla/5.0 (Windows NT 5.1) AppleWebKit/534.24 (KHTML, like Gecko) Chrome/11.0.696.68 Safari/534.24"
122.172.240.72 - - [20/May/2011:00:40:07 -0700] "GET /rw_common/themes/simple/images/header_bg.png HTTP/1.1" 200 155 "http://www.handwritinginsights.com/" "Mozilla/5.0 (Windows NT 5.1) AppleWebKit/534.24 (KHTML, like Gecko) Chrome/11.0.696.68 Safari/534.24"
122.172.240.72 - - [20/May/2011:00:40:07 -0700] "GET /rw_common/images/Untitled-2.jpg HTTP/1.1" 200 32135 "http://www.handwritinginsights.com/" "Mozilla/5.0 (Windows NT 5.1) AppleWebKit/534.24 (KHTML, like Gecko) Chrome/11.0.696.68 Safari/534.24"
122.172.240.72 - - [20/May/2011:00:40:07 -0700] "GET /index_files/page0_1.jpg HTTP/1.1" 200 10960 "http://www.handwritinginsights.com/" "Mozilla/5.0 (Windows NT 5.1) AppleWebKit/534.24 (KHTML, like Gecko) Chrome/11.0.696.68 Safari/534.24"
122.172.240.72 - - [20/May/2011:00:40:07 -0700] "GET /index_files/page0_2.jpg HTTP/1.1" 200 64940 "http://www.handwritinginsights.com/" "Mozilla/5.0 (Windows NT 5.1) AppleWebKit/534.24 (KHTML, like Gecko) Chrome/11.0.696.68 Safari/534.24"
122.172.240.72 - - [20/May/2011:00:40:08 -0700] "GET /index_files/page0_7.jpg HTTP/1.1" 200 51695 "http://www.handwritinginsights.com/" "Mozilla/5.0 (Windows NT 5.1) AppleWebKit/534.24 (KHTML, like Gecko) Chrome/11.0.696.68 Safari/534.24"
122.172.240.72 - - [20/May/2011:00:40:08 -0700] "GET /index_files/page0_4.jpg HTTP/1.1" 200 100463 "http://www.handwritinginsights.com/" "Mozilla/5.0 (Windows NT 5.1) AppleWebKit/534.24 (KHTML, like Gecko) Chrome/11.0.696.68 Safari/534.24"
122.172.240.72 - - [20/May/2011:00:40:10 -0700] "GET /index_files/page0_3.jpg HTTP/1.1" 200 93261 "http://www.handwritinginsights.com/" "Mozilla/5.0 (Windows NT 5.1) AppleWebKit/534.24 (KHTML, like Gecko) Chrome/11.0.696.68 Safari/534.24"
122.172.240.72 - - [20/May/2011:00:40:19 -0700] "GET /index_files/page0_5.jpg HTTP/1.1" 200 108875 "http://www.handwritinginsights.com/" "Mozilla/5.0 (Windows NT 5.1) AppleWebKit/534.24 (KHTML, like Gecko) Chrome/11.0.696.68 Safari/534.24"
122.172.240.72 - - [20/May/2011:00:40:33 -0700] "GET /index_files/page0_6.jpg HTTP/1.1" 200 243962 "http://www.handwritinginsights.com/" "Mozilla/5.0 (Windows NT 5.1) AppleWebKit/534.24 (KHTML, like Gecko) Chrome/11.0.696.68 Safari/534.24"
122.172.240.72 - - [20/May/2011:00:41:16 -0700] "GET /favicon.ico HTTP/1.1" 404 217 "-" "Mozilla/5.0 (Windows NT 5.1) AppleWebKit/534.24 (KHTML, like Gecko) Chrome/11.0.696.68 Safari/534.24"
220.181.125.72 - - [20/May/2011:00:41:58 -0700] "GET /robots.txt HTTP/1.1" 404 216 "-" "-"
220.181.125.72 - - [20/May/2011:00:42:09 -0700] "GET / HTTP/1.1" 200 32293 "-" "Sogou web spider/4.0(+http://www.sogou.com/docs/help/webmasters.htm#07)"
193.195.121.134 - - [20/May/2011:00:42:40 -0700] "GET /lesson.html HTTP/1.1" 200 48485 "http://www.google.co.uk/url?sa=t&source=web&cd=5&ved=0CDsQFjAE&url=http%3A%2F%2Fwww.handwritinginsights.com%2Flesson.html&rct=j&q=analysing%20writing%20&ei=3xrWTdqlOc2BhQfHheHVBg&usg=AFQjCNEaECenqn9dIy5po79n-pez1l82SQ" "Mozilla/4.0 (compatible; MSIE 8.0; Windows NT 5.1; Trident/4.0; .NET CLR 1.1.4322; .NET CLR 2.0.50727; .NET CLR 3.0.04506.30; .NET CLR 3.0.04506.648; .NET CLR 3.0.4506.2152; .NET CLR 3.5.30729; InfoPath.2; .NET4.0C; .NET4.0E)"
