120.61.2.10 - - [26/May/2011:03:36:46 -0700] "GET /TransAP_files/page41_4.jpg HTTP/1.1" 200 61738 "http://www.handwritinginsights.com/TransAP.html" "Mozilla/4.0 (compatible; MSIE 7.0; Windows NT 6.0; SLCC1; .NET CLR 2.0.50727; .NET CLR 3.0.04506; InfoPath.2)"
120.61.2.10 - - [26/May/2011:03:36:46 -0700] "GET /TransAP_files/page41_5.gif HTTP/1.1" 200 22973 "http://www.handwritinginsights.com/TransAP.html" "Mozilla/4.0 (compatible; MSIE 7.0; Windows NT 6.0; SLCC1; .NET CLR 2.0.50727; .NET CLR 3.0.04506; InfoPath.2)"
120.61.2.10 - - [26/May/2011:03:36:48 -0700] "GET /TransAP_files/page41_6.gif HTTP/1.1" 200 72173 "http://www.handwritinginsights.com/TransAP.html" "Mozilla/4.0 (compatible; MSIE 7.0; Windows NT 6.0; SLCC1; .NET CLR 2.0.50727; .NET CLR 3.0.04506; InfoPath.2)"
120.61.2.10 - - [26/May/2011:03:36:49 -0700] "GET /TransAP_files/page41_7.gif HTTP/1.1" 200 21313 "http://www.handwritinginsights.com/TransAP.html" "Mozilla/4.0 (compatible; MSIE 7.0; Windows NT 6.0; SLCC1; .NET CLR 2.0.50727; .NET CLR 3.0.04506; InfoPath.2)"
120.61.2.10 - - [26/May/2011:03:36:50 -0700] "GET /TransAP_files/page41_8.gif HTTP/1.1" 200 76900 "http://www.handwritinginsights.com/TransAP.html" "Mozilla/4.0 (compatible; MSIE 7.0; Windows NT 6.0; SLCC1; .NET CLR 2.0.50727; .NET CLR 3.0.04506; InfoPath.2)"
120.61.2.10 - - [26/May/2011:03:36:51 -0700] "GET /TransAP_files/page41_9.jpg HTTP/1.1" 200 38173 "http://www.handwritinginsights.com/TransAP.html" "Mozilla/4.0 (compatible; MSIE 7.0; Windows NT 6.0; SLCC1; .NET CLR 2.0.50727; .NET CLR 3.0.04506; InfoPath.2)"
120.61.2.10 - - [26/May/2011:03:36:52 -0700] "GET /TransAP_files/page41_10.jpg HTTP/1.1" 200 64136 "http://www.handwritinginsights.com/TransAP.html" "Mozilla/4.0 (compatible; MSIE 7.0; Windows NT 6.0; SLCC1; .NET CLR 2.0.50727; .NET CLR 3.0.04506; InfoPath.2)"
61.8.141.140 - - [26/May/2011:03:37:21 -0700] "GET /lesson.html HTTP/1.1" 200 48485 "http://www.handwritinginsights.com/" "Mozilla/5.0 (Windows NT 6.1; WOW64) AppleWebKit/534.30 (KHTML, like Gecko) Chrome/12.0.742.60 Safari/534.30"
61.8.141.140 - - [26/May/2011:03:37:22 -0700] "GET /lesson_files/page5_3.jpg HTTP/1.1" 200 29890 "http://www.handwritinginsights.com/lesson.html" "Mozilla/5.0 (Windows NT 6.1; WOW64) AppleWebKit/534.30 (KHTML, like Gecko) Chrome/12.0.742.60 Safari/534.30"
61.8.141.140 - - [26/May/2011:03:37:22 -0700] "GET /lesson_files/page5_1.jpg HTTP/1.1" 200 27598 "http://www.handwritinginsights.com/lesson.html" "Mozilla/5.0 (Windows NT 6.1; WOW64) AppleWebKit/534.30 (KHTML, like Gecko) Chrome/12.0.742.60 Safari/534.30"
61.8.141.140 - - [26/May/2011:03:37:24 -0700] "GET /lesson_files/page5_4.jpg HTTP/1.1" 200 106714 "http://www.handwritinginsights.com/lesson.html" "Mozilla/5.0 (Windows NT 6.1; WOW64) AppleWebKit/534.30 (KHTML, like Gecko) Chrome/12.0.742.60 Safari/534.30"
61.8.141.140 - - [26/May/2011:03:37:24 -0700] "GET /lesson_files/page5_5.jpg HTTP/1.1" 200 39256 "http://www.handwritinginsights.com/lesson.html" "Mozilla/5.0 (Windows NT 6.1; WOW64) AppleWebKit/534.30 (KHTML, like Gecko) Chrome/12.0.742.60 Safari/534.30"
61.8.141.140 - - [26/May/2011:03:37:24 -0700] "GET /lesson_files/page5_6.jpg HTTP/1.1" 200 114115 "http://www.handwritinginsights.com/lesson.html" "Mozilla/5.0 (Windows NT 6.1; WOW64) AppleWebKit/534.30 (KHTML, like Gecko) Chrome/12.0.742.60 Safari/534.30"
61.8.141.140 - - [26/May/2011:03:37:24 -0700] "GET /lesson_files/page5_7.jpg HTTP/1.1" 200 44580 "http://www.handwritinginsights.com/lesson.html" "Mozilla/5.0 (Windows NT 6.1; WOW64) AppleWebKit/534.30 (KHTML, like Gecko) Chrome/12.0.742.60 Safari/534.30"
61.8.141.140 - - [26/May/2011:03:37:24 -0700] "GET /lesson_files/page5_8.jpg HTTP/1.1" 200 47824 "http://www.handwritinginsights.com/lesson.html" "Mozilla/5.0 (Windows NT 6.1; WOW64) AppleWebKit/534.30 (KHTML, like Gecko) Chrome/12.0.742.60 Safari/534.30"
61.8.141.140 - - [26/May/2011:03:37:24 -0700] "GET /lesson_files/page5_2.jpg HTTP/1.1" 200 100885 "http://www.handwritinginsights.com/lesson.html" "Mozilla/5.0 (Windows NT 6.1; WOW64) AppleWebKit/534.30 (KHTML, like Gecko) Chrome/12.0.742.60 Safari/534.30"
61.8.141.140 - - [26/May/2011:03:37:25 -0700] "GET /lesson_files/page5_10.jpg HTTP/1.1" 200 51695 "http://www.handwritinginsights.com/lesson.html" "Mozilla/5.0 (Windows NT 6.1; WOW64) AppleWebKit/534.30 (KHTML, like Gecko) Chrome/12.0.742.60 Safari/534.30"
61.8.141.140 - - [26/May/2011:03:37:28 -0700] "GET /lesson_files/page5_9.jpg HTTP/1.1" 200 164364 "http://www.handwritinginsights.com/lesson.html" "Mozilla/5.0 (Windows NT 6.1; WOW64) AppleWebKit/534.30 (KHTML, like Gecko) Chrome/12.0.742.60 Safari/534.30"
122.172.13.198 - - [26/May/2011:03:37:30 -0700] "GET /lesson.html HTTP/1.1" 200 48485 "http://www.handwritinginsights.com/" "Mozilla/5.0 (Windows NT 5.1) AppleWebKit/534.24 (KHTML, like Gecko) Chrome/11.0.696.68 Safari/534.24"
122.172.13.198 - - [26/May/2011:03:37:30 -0700] "GET /lesson.html HTTP/1.1" 200 48485 "http://www.handwritinginsights.com/" "Mozilla/5.0 (Windows NT 5.1) AppleWebKit/534.24 (KHTML, like Gecko) Chrome/11.0.696.68 Safari/534.24"
61.8.141.140 - - [26/May/2011:03:37:35 -0700] "GET /favicon.ico HTTP/1.1" 404 217 "-" "Mozilla/5.0 (Windows NT 6.1; WOW64) AppleWebKit/534.30 (KHTML, like Gecko) Chrome/12.0.742.60 Safari/534.30"
122.172.13.198 - - [26/May/2011:03:37:42 -0700] "GET /lesson_files/page5_1.jpg HTTP/1.1" 200 27598 "http://www.handwritinginsights.com/lesson.html" "Mozilla/5.0 (Windows NT 5.1) AppleWebKit/534.24 (KHTML, like Gecko) Chrome/11.0.696.68 Safari/534.24"
122.172.13.198 - - [26/May/2011:03:37:42 -0700] "GET /lesson_files/page5_5.jpg HTTP/1.1" 200 39256 "http://www.handwritinginsights.com/lesson.html" "Mozilla/5.0 (Windows NT 5.1) AppleWebKit/534.24 (KHTML, like Gecko) Chrome/11.0.696.68 Safari/534.24"
122.172.13.198 - - [26/May/2011:03:37:42 -0700] "GET /lesson_files/page5_3.jpg HTTP/1.1" 200 29890 "http://www.handwritinginsights.com/lesson.html" "Mozilla/5.0 (Windows NT 5.1) AppleWebKit/534.24 (KHTML, like Gecko) Chrome/11.0.696.68 Safari/534.24"
122.172.13.198 - - [26/May/2011:03:37:45 -0700] "GET /lesson_files/page5_8.jpg HTTP/1.1" 200 47824 "http://www.handwritinginsights.com/lesson.html" "Mozilla/5.0 (Windows NT 5.1) AppleWebKit/534.24 (KHTML, like Gecko) Chrome/11.0.696.68 Safari/534.24"
122.172.13.198 - - [26/May/2011:03:37:45 -0700] "GET /lesson_files/page5_7.jpg HTTP/1.1" 200 44580 "http://www.handwritinginsights.com/lesson.html" "Mozilla/5.0 (Windows NT 5.1) AppleWebKit/534.24 (KHTML, like Gecko) Chrome/11.0.696.68 Safari/534.24"
122.172.13.198 - - [26/May/2011:03:37:49 -0700] "GET /lesson_files/page5_4.jpg HTTP/1.1" 200 106714 "http://www.handwritinginsights.com/lesson.html" "Mozilla/5.0 (Windows NT 5.1) AppleWebKit/534.24 (KHTML, like Gecko) Chrome/11.0.696.68 Safari/534.24"
122.172.13.198 - - [26/May/2011:03:37:52 -0700] "GET /lesson_files/page5_10.jpg HTTP/1.1" 200 51695 "http://www.handwritinginsights.com/lesson.html" "Mozilla/5.0 (Windows NT 5.1) AppleWebKit/534.24 (KHTML, like Gecko) Chrome/11.0.696.68 Safari/534.24"
61.8.141.140 - - [26/May/2011:03:37:53 -0700] "GET /favicon.ico HTTP/1.1" 404 217 "-" "Mozilla/5.0 (Windows NT 6.1; WOW64) AppleWebKit/534.30 (KHTML, like Gecko) Chrome/12.0.742.60 Safari/534.30"
122.172.13.198 - - [26/May/2011:03:38:02 -0700] "GET /lesson_files/page5_6.jpg HTTP/1.1" 200 114115 "http://www.handwritinginsights.com/lesson.html" "Mozilla/5.0 (Windows NT 5.1) AppleWebKit/534.24 (KHTML, like Gecko) Chrome/11.0.696.68 Safari/534.24"
122.172.13.198 - - [26/May/2011:03:38:09 -0700] "GET /lesson_files/page5_9.jpg HTTP/1.1" 200 164364 "http://www.handwritinginsights.com/lesson.html" "Mozilla/5.0 (Windows NT 5.1) AppleWebKit/534.24 (KHTML, like Gecko) Chrome/11.0.696.68 Safari/534.24"
122.172.13.198 - - [26/May/2011:03:38:11 -0700] "GET /lesson_files/page5_2.jpg HTTP/1.1" 200 100885 "http://www.handwritinginsights.com/lesson.html" "Mozilla/5.0 (Windows NT 5.1) AppleWebKit/534.24 (KHTML, like Gecko) Chrome/11.0.696.68 Safari/534.24"
182.177.236.53 - - [26/May/2011:03:38:13 -0700] "GET /lesson.html HTTP/1.0" 200 48485 "http://www.google.com.pk/url?sa=t&source=web&cd=14&ved=0CDQQFjADOAo&url=http%3A%2F%2Fwww.handwritinginsights.com%2Flesson.html&rct=j&q=Free%20course%20of%20Evaluated%20Traits%20Handwriting%20Analysis&ei=jC3eTf5y07OEB4eawbUK&usg=AFQjCNEaECenqn9dIy5po79n-pez1l82SQ" "Mozilla/5.0 (Windows NT 5.1) AppleWebKit/534.24 (KHTML, like Gecko) Chrome/11.0.696.71 Safari/534.24"
182.177.236.53 - - [26/May/2011:03:38:14 -0700] "GET /rw_common/themes/simple/styles.css HTTP/1.0" 200 13520 "http://www.handwritinginsights.com/lesson.html" "Mozilla/5.0 (Windows NT 5.1) AppleWebKit/534.24 (KHTML, like Gecko) Chrome/11.0.696.71 Safari/534.24"
182.177.236.53 - - [26/May/2011:03:38:14 -0700] "GET /rw_common/themes/simple/css/width/width_1000.css HTTP/1.0" 200 30 "http://www.handwritinginsights.com/lesson.html" "Mozilla/5.0 (Windows NT 5.1) AppleWebKit/534.24 (KHTML, like Gecko) Chrome/11.0.696.71 Safari/534.24"
182.177.236.53 - - [26/May/2011:03:38:14 -0700] "GET /rw_common/themes/simple/javascript.js HTTP/1.0" 200 14608 "http://www.handwritinginsights.com/lesson.html" "Mozilla/5.0 (Windows NT 5.1) AppleWebKit/534.24 (KHTML, like Gecko) Chrome/11.0.696.71 Safari/534.24"
182.177.236.53 - - [26/May/2011:03:38:14 -0700] "GET /rw_common/themes/simple/css/styles/vibrant_pink.css HTTP/1.0" 200 276 "http://www.handwritinginsights.com/lesson.html" "Mozilla/5.0 (Windows NT 5.1) AppleWebKit/534.24 (KHTML, like Gecko) Chrome/11.0.696.71 Safari/534.24"
182.177.236.53 - - [26/May/2011:03:38:15 -0700] "GET /rw_common/themes/simple/css/sidebar/sidebar_left.css HTTP/1.0" 200 99 "http://www.handwritinginsights.com/lesson.html" "Mozilla/5.0 (Windows NT 5.1) AppleWebKit/534.24 (KHTML, like Gecko) Chrome/11.0.696.71 Safari/534.24"
182.177.236.53 - - [26/May/2011:03:38:15 -0700] "GET /rw_common/themes/simple/handheld.css HTTP/1.0" 200 6005 "http://www.handwritinginsights.com/lesson.html" "Mozilla/5.0 (Windows NT 5.1) AppleWebKit/534.24 (KHTML, like Gecko) Chrome/11.0.696.71 Safari/534.24"
182.177.236.53 - - [26/May/2011:03:38:15 -0700] "GET /rw_common/themes/simple/print.css HTTP/1.0" 200 3818 "http://www.handwritinginsights.com/lesson.html" "Mozilla/5.0 (Windows NT 5.1) AppleWebKit/534.24 (KHTML, like Gecko) Chrome/11.0.696.71 Safari/534.24"
122.172.13.198 - - [26/May/2011:03:38:17 -0700] "GET /favicon.ico HTTP/1.1" 404 217 "-" "Mozilla/5.0 (Windows NT 5.1) AppleWebKit/534.24 (KHTML, like Gecko) Chrome/11.0.696.68 Safari/534.24"
182.177.236.53 - - [26/May/2011:03:38:20 -0700] "GET /rw_common/themes/simple/images/button_normal.png HTTP/1.0" 200 192 "http://www.handwritinginsights.com/lesson.html" "Mozilla/5.0 (Windows NT 5.1) AppleWebKit/534.24 (KHTML, like Gecko) Chrome/11.0.696.71 Safari/534.24"
182.177.236.53 - - [26/May/2011:03:38:20 -0700] "GET /rw_common/themes/simple/images/button_down.png HTTP/1.0" 200 196 "http://www.handwritinginsights.com/lesson.html" "Mozilla/5.0 (Windows NT 5.1) AppleWebKit/534.24 (KHTML, like Gecko) Chrome/11.0.696.71 Safari/534.24"
182.177.236.53 - - [26/May/2011:03:38:21 -0700] "GET /lesson_files/page5_3.jpg HTTP/1.0" 200 29890 "http://www.handwritinginsights.com/lesson.html" "Mozilla/5.0 (Windows NT 5.1) AppleWebKit/534.24 (KHTML, like Gecko) Chrome/11.0.696.71 Safari/534.24"
182.177.236.53 - - [26/May/2011:03:38:21 -0700] "GET /rw_common/images/Untitled-2.jpg HTTP/1.0" 200 32135 "http://www.handwritinginsights.com/lesson.html" "Mozilla/5.0 (Windows NT 5.1) AppleWebKit/534.24 (KHTML, like Gecko) Chrome/11.0.696.71 Safari/534.24"
182.177.236.53 - - [26/May/2011:03:38:21 -0700] "GET /lesson_files/page5_1.jpg HTTP/1.0" 200 27598 "http://www.handwritinginsights.com/lesson.html" "Mozilla/5.0 (Windows NT 5.1) AppleWebKit/534.24 (KHTML, like Gecko) Chrome/11.0.696.71 Safari/534.24"
182.177.236.53 - - [26/May/2011:03:38:23 -0700] "GET /lesson_files/page5_5.jpg HTTP/1.0" 200 39256 "http://www.handwritinginsights.com/lesson.html" "Mozilla/5.0 (Windows NT 5.1) AppleWebKit/534.24 (KHTML, like Gecko) Chrome/11.0.696.71 Safari/534.24"
182.177.236.53 - - [26/May/2011:03:38:23 -0700] "GET /lesson_files/page5_4.jpg HTTP/1.0" 200 106714 "http://www.handwritinginsights.com/lesson.html" "Mozilla/5.0 (Windows NT 5.1) AppleWebKit/534.24 (KHTML, like Gecko) Chrome/11.0.696.71 Safari/534.24"
182.177.236.53 - - [26/May/2011:03:38:31 -0700] "GET /rw_common/themes/simple/images/header_bg.png HTTP/1.0" 200 155 "http://www.handwritinginsights.com/lesson.html" "Mozilla/5.0 (Windows NT 5.1) AppleWebKit/534.24 (KHTML, like Gecko) Chrome/11.0.696.71 Safari/534.24"
182.177.236.53 - - [26/May/2011:03:38:34 -0700] "GET /lesson_files/page5_7.jpg HTTP/1.0" 200 44580 "http://www.handwritinginsights.com/lesson.html" "Mozilla/5.0 (Windows NT 5.1) AppleWebKit/534.24 (KHTML, like Gecko) Chrome/11.0.696.71 Safari/534.24"
182.177.236.53 - - [26/May/2011:03:38:34 -0700] "GET /lesson_files/page5_8.jpg HTTP/1.0" 200 47824 "http://www.handwritinginsights.com/lesson.html" "Mozilla/5.0 (Windows NT 5.1) AppleWebKit/534.24 (KHTML, like Gecko) Chrome/11.0.696.71 Safari/534.24"
182.177.236.53 - - [26/May/2011:03:38:37 -0700] "GET /lesson_files/page5_10.jpg HTTP/1.0" 200 51695 "http://www.handwritinginsights.com/lesson.html" "Mozilla/5.0 (Windows NT 5.1) AppleWebKit/534.24 (KHTML, like Gecko) Chrome/11.0.696.71 Safari/534.24"
182.177.236.53 - - [26/May/2011:03:38:43 -0700] "GET /lesson_files/page5_6.jpg HTTP/1.0" 200 114115 "http://www.handwritinginsights.com/lesson.html" "Mozilla/5.0 (Windows NT 5.1) AppleWebKit/534.24 (KHTML, like Gecko) Chrome/11.0.696.71 Safari/534.24"
182.177.236.53 - - [26/May/2011:03:39:01 -0700] "GET /lesson_files/page5_9.jpg HTTP/1.0" 200 164364 "http://www.handwritinginsights.com/lesson.html" "Mozilla/5.0 (Windows NT 5.1) AppleWebKit/534.24 (KHTML, like Gecko) Chrome/11.0.696.71 Safari/534.24"
182.177.236.53 - - [26/May/2011:03:39:04 -0700] "GET /lesson_files/page5_2.jpg HTTP/1.0" 200 100885 "http://www.handwritinginsights.com/lesson.html" "Mozilla/5.0 (Windows NT 5.1) AppleWebKit/534.24 (KHTML, like Gecko) Chrome/11.0.696.71 Safari/534.24"
122.248.182.16 - - [26/May/2011:03:39:09 -0700] "GET /rw_common/themes/simple/css/sidebar/sidebar_left.css HTTP/1.1" 200 99 "http://www.handwritinginsights.com/" "Mozilla/5.0 (Windows NT 5.1) AppleWebKit/534.24 (KHTML, like Gecko) Chrome/11.0.696.68 Safari/534.24"
122.248.182.16 - - [26/May/2011:03:39:09 -0700] "GET /rw_common/themes/simple/css/width/width_1000.css HTTP/1.1" 200 30 "http://www.handwritinginsights.com/" "Mozilla/5.0 (Windows NT 5.1) AppleWebKit/534.24 (KHTML, like Gecko) Chrome/11.0.696.68 Safari/534.24"
122.248.182.16 - - [26/May/2011:03:39:09 -0700] "GET /rw_common/themes/simple/javascript.js HTTP/1.1" 200 14608 "http://www.handwritinginsights.com/" "Mozilla/5.0 (Windows NT 5.1) AppleWebKit/534.24 (KHTML, like Gecko) Chrome/11.0.696.68 Safari/534.24"
122.248.182.16 - - [26/May/2011:03:39:09 -0700] "GET / HTTP/1.1" 200 32293 "-" "Mozilla/5.0 (Windows NT 5.1) AppleWebKit/534.24 (KHTML, like Gecko) Chrome/11.0.696.68 Safari/534.24"
122.248.182.16 - - [26/May/2011:03:39:09 -0700] "GET /rw_common/themes/simple/styles.css HTTP/1.1" 200 13520 "http://www.handwritinginsights.com/" "Mozilla/5.0 (Windows NT 5.1) AppleWebKit/534.24 (KHTML, like Gecko) Chrome/11.0.696.68 Safari/534.24"
122.248.182.16 - - [26/May/2011:03:39:10 -0700] "GET /rw_common/themes/simple/print.css HTTP/1.1" 200 3818 "http://www.handwritinginsights.com/" "Mozilla/5.0 (Windows NT 5.1) AppleWebKit/534.24 (KHTML, like Gecko) Chrome/11.0.696.68 Safari/534.24"
122.248.182.16 - - [26/May/2011:03:39:10 -0700] "GET /rw_common/themes/simple/handheld.css HTTP/1.1" 200 6005 "http://www.handwritinginsights.com/" "Mozilla/5.0 (Windows NT 5.1) AppleWebKit/534.24 (KHTML, like Gecko) Chrome/11.0.696.68 Safari/534.24"
122.248.182.16 - - [26/May/2011:03:39:11 -0700] "GET /index_files/page0_2.jpg HTTP/1.1" 200 64940 "http://www.handwritinginsights.com/" "Mozilla/5.0 (Windows NT 5.1) AppleWebKit/534.24 (KHTML, like Gecko) Chrome/11.0.696.68 Safari/534.24"
122.248.182.16 - - [26/May/2011:03:39:11 -0700] "GET /rw_common/themes/simple/css/styles/vibrant_pink.css HTTP/1.1" 200 276 "http://www.handwritinginsights.com/" "Mozilla/5.0 (Windows NT 5.1) AppleWebKit/534.24 (KHTML, like Gecko) Chrome/11.0.696.68 Safari/534.24"
122.248.182.16 - - [26/May/2011:03:39:11 -0700] "GET /rw_common/themes/simple/images/button_normal.png HTTP/1.1" 200 192 "http://www.handwritinginsights.com/" "Mozilla/5.0 (Windows NT 5.1) AppleWebKit/534.24 (KHTML, like Gecko) Chrome/11.0.696.68 Safari/534.24"
122.248.182.16 - - [26/May/2011:03:39:11 -0700] "GET /index_files/page0_1.jpg HTTP/1.1" 200 10960 "http://www.handwritinginsights.com/" "Mozilla/5.0 (Windows NT 5.1) AppleWebKit/534.24 (KHTML, like Gecko) Chrome/11.0.696.68 Safari/534.24"
122.248.182.16 - - [26/May/2011:03:39:11 -0700] "GET /rw_common/themes/simple/images/button_down.png HTTP/1.1" 200 196 "http://www.handwritinginsights.com/" "Mozilla/5.0 (Windows NT 5.1) AppleWebKit/534.24 (KHTML, like Gecko) Chrome/11.0.696.68 Safari/534.24"
122.248.182.16 - - [26/May/2011:03:39:11 -0700] "GET /rw_common/images/Untitled-2.jpg HTTP/1.1" 200 32135 "http://www.handwritinginsights.com/" "Mozilla/5.0 (Windows NT 5.1) AppleWebKit/534.24 (KHTML, like Gecko) Chrome/11.0.696.68 Safari/534.24"
122.248.182.16 - - [26/May/2011:03:39:11 -0700] "GET /rw_common/themes/simple/images/header_bg.png HTTP/1.1" 200 155 "http://www.handwritinginsights.com/" "Mozilla/5.0 (Windows NT 5.1) AppleWebKit/534.24 (KHTML, like Gecko) Chrome/11.0.696.68 Safari/534.24"
122.248.182.16 - - [26/May/2011:03:39:12 -0700] "GET /index_files/page0_4.jpg HTTP/1.1" 200 100463 "http://www.handwritinginsights.com/" "Mozilla/5.0 (Windows NT 5.1) AppleWebKit/534.24 (KHTML, like Gecko) Chrome/11.0.696.68 Safari/534.24"
122.248.182.16 - - [26/May/2011:03:39:12 -0700] "GET /index_files/page0_3.jpg HTTP/1.1" 200 93261 "http://www.handwritinginsights.com/" "Mozilla/5.0 (Windows NT 5.1) AppleWebKit/534.24 (KHTML, like Gecko) Chrome/11.0.696.68 Safari/534.24"
122.248.182.16 - - [26/May/2011:03:39:12 -0700] "GET /index_files/page0_5.jpg HTTP/1.1" 200 108875 "http://www.handwritinginsights.com/" "Mozilla/5.0 (Windows NT 5.1) AppleWebKit/534.24 (KHTML, like Gecko) Chrome/11.0.696.68 Safari/534.24"
122.248.182.16 - - [26/May/2011:03:39:12 -0700] "GET /index_files/page0_7.jpg HTTP/1.1" 200 51695 "http://www.handwritinginsights.com/" "Mozilla/5.0 (Windows NT 5.1) AppleWebKit/534.24 (KHTML, like Gecko) Chrome/11.0.696.68 Safari/534.24"
122.162.42.131 - - [26/May/2011:03:39:13 -0700] "GET /favicon.ico HTTP/1.1" 404 217 "-" "Mozilla/5.0 (Windows NT 6.1; rv:2.0.1) Gecko/20100101 Firefox/4.0.1"
122.248.182.16 - - [26/May/2011:03:39:13 -0700] "GET /index_files/page0_6.jpg HTTP/1.1" 200 243962 "http://www.handwritinginsights.com/" "Mozilla/5.0 (Windows NT 5.1) AppleWebKit/534.24 (KHTML, like Gecko) Chrome/11.0.696.68 Safari/534.24"
122.248.182.16 - - [26/May/2011:03:39:14 -0700] "GET /favicon.ico HTTP/1.1" 404 217 "-" "Mozilla/5.0 (Windows NT 5.1) AppleWebKit/534.24 (KHTML, like Gecko) Chrome/11.0.696.68 Safari/534.24"
182.177.236.53 - - [26/May/2011:03:39:53 -0700] "GET /favicon.ico HTTP/1.0" 404 205 "-" "Mozilla/5.0 (Windows NT 5.1) AppleWebKit/534.24 (KHTML, like Gecko) Chrome/11.0.696.71 Safari/534.24"
122.172.13.198 - - [26/May/2011:03:41:18 -0700] "GET /FreeAP.html HTTP/1.1" 200 9461 "http://www.handwritinginsights.com/lesson.html" "Mozilla/5.0 (Windows NT 5.1) AppleWebKit/534.24 (KHTML, like Gecko) Chrome/11.0.696.68 Safari/534.24"
122.172.13.198 - - [26/May/2011:03:41:19 -0700] "GET /FreeAP_files/page39_5.gif HTTP/1.1" 200 22973 "http://www.handwritinginsights.com/FreeAP.html" "Mozilla/5.0 (Windows NT 5.1) AppleWebKit/534.24 (KHTML, like Gecko) Chrome/11.0.696.68 Safari/534.24"
122.172.13.198 - - [26/May/2011:03:41:19 -0700] "GET /FreeAP_files/page39_1.jpg HTTP/1.1" 200 26753 "http://www.handwritinginsights.com/FreeAP.html" "Mozilla/5.0 (Windows NT 5.1) AppleWebKit/534.24 (KHTML, like Gecko) Chrome/11.0.696.68 Safari/534.24"
122.172.13.198 - - [26/May/2011:03:41:19 -0700] "GET /FreeAP_files/page39_4.jpg HTTP/1.1" 200 61738 "http://www.handwritinginsights.com/FreeAP.html" "Mozilla/5.0 (Windows NT 5.1) AppleWebKit/534.24 (KHTML, like Gecko) Chrome/11.0.696.68 Safari/534.24"
122.172.13.198 - - [26/May/2011:03:41:19 -0700] "GET /FreeAP_files/page39_3.jpg HTTP/1.1" 200 28673 "http://www.handwritinginsights.com/FreeAP.html" "Mozilla/5.0 (Windows NT 5.1) AppleWebKit/534.24 (KHTML, like Gecko) Chrome/11.0.696.68 Safari/534.24"
122.172.13.198 - - [26/May/2011:03:41:24 -0700] "GET /FreeAP_files/page39_7.gif HTTP/1.1" 200 21313 "http://www.handwritinginsights.com/FreeAP.html" "Mozilla/5.0 (Windows NT 5.1) AppleWebKit/534.24 (KHTML, like Gecko) Chrome/11.0.696.68 Safari/534.24"
122.172.13.198 - - [26/May/2011:03:41:24 -0700] "GET /FreeAP_files/page39_6.gif HTTP/1.1" 200 72173 "http://www.handwritinginsights.com/FreeAP.html" "Mozilla/5.0 (Windows NT 5.1) AppleWebKit/534.24 (KHTML, like Gecko) Chrome/11.0.696.68 Safari/534.24"
122.172.13.198 - - [26/May/2011:03:41:24 -0700] "GET /FreeAP_files/page39_2.jpg HTTP/1.1" 200 68752 "http://www.handwritinginsights.com/FreeAP.html" "Mozilla/5.0 (Windows NT 5.1) AppleWebKit/534.24 (KHTML, like Gecko) Chrome/11.0.696.68 Safari/534.24"
122.172.13.198 - - [26/May/2011:03:41:29 -0700] "GET /FreeAP_files/page39_9.jpg HTTP/1.1" 200 38173 "http://www.handwritinginsights.com/FreeAP.html" "Mozilla/5.0 (Windows NT 5.1) AppleWebKit/534.24 (KHTML, like Gecko) Chrome/11.0.696.68 Safari/534.24"
122.172.13.198 - - [26/May/2011:03:41:29 -0700] "GET /FreeAP_files/page39_10.jpg HTTP/1.1" 200 64136 "http://www.handwritinginsights.com/FreeAP.html" "Mozilla/5.0 (Windows NT 5.1) AppleWebKit/534.24 (KHTML, like Gecko) Chrome/11.0.696.68 Safari/534.24"
122.172.13.198 - - [26/May/2011:03:41:31 -0700] "GET /FreeAP_files/page39_8.gif HTTP/1.1" 200 76900 "http://www.handwritinginsights.com/FreeAP.html" "Mozilla/5.0 (Windows NT 5.1) AppleWebKit/534.24 (KHTML, like Gecko) Chrome/11.0.696.68 Safari/534.24"
122.172.13.198 - - [26/May/2011:03:41:37 -0700] "GET /favicon.ico HTTP/1.1" 404 217 "-" "Mozilla/5.0 (Windows NT 5.1) AppleWebKit/534.24 (KHTML, like Gecko) Chrome/11.0.696.68 Safari/534.24"
182.177.236.53 - - [26/May/2011:03:41:44 -0700] "GET /directory.html HTTP/1.0" 200 16586 "http://www.handwritinginsights.com/lesson.html" "Mozilla/5.0 (Windows NT 5.1) AppleWebKit/534.24 (KHTML, like Gecko) Chrome/11.0.696.71 Safari/534.24"
182.177.236.53 - - [26/May/2011:03:41:46 -0700] "GET /directory_files/page21_1.jpg HTTP/1.0" 200 51695 "http://www.handwritinginsights.com/directory.html" "Mozilla/5.0 (Windows NT 5.1) AppleWebKit/534.24 (KHTML, like Gecko) Chrome/11.0.696.71 Safari/534.24"
182.177.236.53 - - [26/May/2011:03:42:42 -0700] "GET /lesson2.html HTTP/1.0" 200 21607 "http://www.handwritinginsights.com/lesson.html" "Mozilla/5.0 (Windows NT 5.1) AppleWebKit/534.24 (KHTML, like Gecko) Chrome/11.0.696.71 Safari/534.24"
61.246.190.10 - - [26/May/2011:03:42:42 -0700] "GET / HTTP/1.1" 200 32293 "http://www.google.co.in/url?sa=t&source=web&cd=1&ved=0CB4QFjAA&url=http%3A%2F%2Fwww.handwritinginsights.com%2F&rct=j&q=how%20to%20do%20hand%20writing%20analysis&ei=li7eTYOFIcnLrQe1u43zCQ&usg=AFQjCNEICSJoJkVMgTFu2A41Q60rJogRmw&cad=rja" "Mozilla/5.0 (Windows NT 6.1; rv:2.0.1) Gecko/20100101 Firefox/4.0.1"
61.246.190.10 - - [26/May/2011:03:42:43 -0700] "GET /rw_common/themes/simple/css/sidebar/sidebar_left.css HTTP/1.1" 200 99 "http://www.handwritinginsights.com/" "Mozilla/5.0 (Windows NT 6.1; rv:2.0.1) Gecko/20100101 Firefox/4.0.1"
61.246.190.10 - - [26/May/2011:03:42:43 -0700] "GET /rw_common/themes/simple/print.css HTTP/1.1" 200 3818 "http://www.handwritinginsights.com/" "Mozilla/5.0 (Windows NT 6.1; rv:2.0.1) Gecko/20100101 Firefox/4.0.1"
61.246.190.10 - - [26/May/2011:03:42:43 -0700] "GET /rw_common/themes/simple/styles.css HTTP/1.1" 200 13520 "http://www.handwritinginsights.com/" "Mozilla/5.0 (Windows NT 6.1; rv:2.0.1) Gecko/20100101 Firefox/4.0.1"
61.246.190.10 - - [26/May/2011:03:42:43 -0700] "GET /rw_common/themes/simple/handheld.css HTTP/1.1" 200 6005 "http://www.handwritinginsights.com/" "Mozilla/5.0 (Windows NT 6.1; rv:2.0.1) Gecko/20100101 Firefox/4.0.1"
61.246.190.10 - - [26/May/2011:03:42:43 -0700] "GET /rw_common/themes/simple/javascript.js HTTP/1.1" 200 14608 "http://www.handwritinginsights.com/" "Mozilla/5.0 (Windows NT 6.1; rv:2.0.1) Gecko/20100101 Firefox/4.0.1"
61.246.190.10 - - [26/May/2011:03:42:43 -0700] "GET /rw_common/themes/simple/css/styles/vibrant_pink.css HTTP/1.1" 200 276 "http://www.handwritinginsights.com/" "Mozilla/5.0 (Windows NT 6.1; rv:2.0.1) Gecko/20100101 Firefox/4.0.1"
61.246.190.10 - - [26/May/2011:03:42:43 -0700] "GET /rw_common/themes/simple/css/width/width_1000.css HTTP/1.1" 200 30 "http://www.handwritinginsights.com/" "Mozilla/5.0 (Windows NT 6.1; rv:2.0.1) Gecko/20100101 Firefox/4.0.1"
61.246.190.10 - - [26/May/2011:03:42:44 -0700] "GET /rw_common/images/Untitled-2.jpg HTTP/1.1" 200 32135 "http://www.handwritinginsights.com/" "Mozilla/5.0 (Windows NT 6.1; rv:2.0.1) Gecko/20100101 Firefox/4.0.1"
182.177.236.53 - - [26/May/2011:03:42:45 -0700] "GET /lesson2_files/page6_2.gif HTTP/1.0" 200 106658 "http://www.handwritinginsights.com/lesson2.html" "Mozilla/5.0 (Windows NT 5.1) AppleWebKit/534.24 (KHTML, like Gecko) Chrome/11.0.696.71 Safari/534.24"
61.246.190.10 - - [26/May/2011:03:42:45 -0700] "GET /index_files/page0_1.jpg HTTP/1.1" 200 10960 "http://www.handwritinginsights.com/" "Mozilla/5.0 (Windows NT 6.1; rv:2.0.1) Gecko/20100101 Firefox/4.0.1"
182.177.236.53 - - [26/May/2011:03:42:46 -0700] "GET /lesson2_files/page6_5.gif HTTP/1.0" 200 91639 "http://www.handwritinginsights.com/lesson2.html" "Mozilla/5.0 (Windows NT 5.1) AppleWebKit/534.24 (KHTML, like Gecko) Chrome/11.0.696.71 Safari/534.24"
61.246.190.10 - - [26/May/2011:03:42:48 -0700] "GET /index_files/page0_3.jpg HTTP/1.1" 200 93261 "http://www.handwritinginsights.com/" "Mozilla/5.0 (Windows NT 6.1; rv:2.0.1) Gecko/20100101 Firefox/4.0.1"
61.246.190.10 - - [26/May/2011:03:42:49 -0700] "GET /index_files/page0_4.jpg HTTP/1.1" 200 100463 "http://www.handwritinginsights.com/" "Mozilla/5.0 (Windows NT 6.1; rv:2.0.1) Gecko/20100101 Firefox/4.0.1"
182.177.236.53 - - [26/May/2011:03:42:49 -0700] "GET /lesson2_files/page6_7.jpg HTTP/1.0" 200 50196 "http://www.handwritinginsights.com/lesson2.html" "Mozilla/5.0 (Windows NT 5.1) AppleWebKit/534.24 (KHTML, like Gecko) Chrome/11.0.696.71 Safari/534.24"
61.246.190.10 - - [26/May/2011:03:42:50 -0700] "GET /index_files/page0_2.jpg HTTP/1.1" 200 64940 "http://www.handwritinginsights.com/" "Mozilla/5.0 (Windows NT 6.1; rv:2.0.1) Gecko/20100101 Firefox/4.0.1"
182.177.236.53 - - [26/May/2011:03:42:50 -0700] "GET /lesson2_files/page6_4.gif HTTP/1.0" 200 197600 "http://www.handwritinginsights.com/lesson2.html" "Mozilla/5.0 (Windows NT 5.1) AppleWebKit/534.24 (KHTML, like Gecko) Chrome/11.0.696.71 Safari/534.24"
182.177.236.53 - - [26/May/2011:03:42:50 -0700] "GET /lesson2_files/page6_1.gif HTTP/1.0" 200 240252 "http://www.handwritinginsights.com/lesson2.html" "Mozilla/5.0 (Windows NT 5.1) AppleWebKit/534.24 (KHTML, like Gecko) Chrome/11.0.696.71 Safari/534.24"
182.177.236.53 - - [26/May/2011:03:42:50 -0700] "GET /lesson2_files/page6_3.gif HTTP/1.0" 200 108696 "http://www.handwritinginsights.com/lesson2.html" "Mozilla/5.0 (Windows NT 5.1) AppleWebKit/534.24 (KHTML, like Gecko) Chrome/11.0.696.71 Safari/534.24"
61.246.190.10 - - [26/May/2011:03:42:51 -0700] "GET /index_files/page0_5.jpg HTTP/1.1" 200 108875 "http://www.handwritinginsights.com/" "Mozilla/5.0 (Windows NT 6.1; rv:2.0.1) Gecko/20100101 Firefox/4.0.1"
182.177.236.53 - - [26/May/2011:03:42:52 -0700] "GET /lesson2_files/page6_6.gif HTTP/1.0" 200 100350 "http://www.handwritinginsights.com/lesson2.html" "Mozilla/5.0 (Windows NT 5.1) AppleWebKit/534.24 (KHTML, like Gecko) Chrome/11.0.696.71 Safari/534.24"
182.177.236.53 - - [26/May/2011:03:42:52 -0700] "GET /lesson2_files/page6_8.gif HTTP/1.0" 200 100673 "http://www.handwritinginsights.com/lesson2.html" "Mozilla/5.0 (Windows NT 5.1) AppleWebKit/534.24 (KHTML, like Gecko) Chrome/11.0.696.71 Safari/534.24"
61.246.190.10 - - [26/May/2011:03:43:26 -0700] "GET /index_files/page0_7.jpg HTTP/1.1" 200 51695 "http://www.handwritinginsights.com/" "Mozilla/5.0 (Windows NT 6.1; rv:2.0.1) Gecko/20100101 Firefox/4.0.1"
61.246.190.10 - - [26/May/2011:03:43:28 -0700] "GET /rw_common/themes/simple/images/button_down.png HTTP/1.1" 200 196 "http://www.handwritinginsights.com/rw_common/themes/simple/styles.css" "Mozilla/5.0 (Windows NT 6.1; rv:2.0.1) Gecko/20100101 Firefox/4.0.1"
61.246.190.10 - - [26/May/2011:03:43:29 -0700] "GET /rw_common/themes/simple/images/header_bg.png HTTP/1.1" 200 155 "http://www.handwritinginsights.com/rw_common/themes/simple/styles.css" "Mozilla/5.0 (Windows NT 6.1; rv:2.0.1) Gecko/20100101 Firefox/4.0.1"
61.246.190.10 - - [26/May/2011:03:43:29 -0700] "GET /rw_common/themes/simple/images/button_normal.png HTTP/1.1" 200 192 "http://www.handwritinginsights.com/rw_common/themes/simple/styles.css" "Mozilla/5.0 (Windows NT 6.1; rv:2.0.1) Gecko/20100101 Firefox/4.0.1"
61.246.190.10 - - [26/May/2011:03:43:30 -0700] "GET /index_files/page0_6.jpg HTTP/1.1" 200 243962 "http://www.handwritinginsights.com/" "Mozilla/5.0 (Windows NT 6.1; rv:2.0.1) Gecko/20100101 Firefox/4.0.1"
61.246.190.10 - - [26/May/2011:03:43:48 -0700] "GET /FreeAP.html HTTP/1.1" 200 9461 "http://www.handwritinginsights.com/" "Mozilla/5.0 (Windows NT 6.1; rv:2.0.1) Gecko/20100101 Firefox/4.0.1"
61.246.190.10 - - [26/May/2011:03:43:52 -0700] "GET /favicon.ico HTTP/1.1" 404 217 "-" "Mozilla/5.0 (Windows NT 6.1; rv:2.0.1) Gecko/20100101 Firefox/4.0.1"
61.246.190.10 - - [26/May/2011:03:43:53 -0700] "GET /FreeAP_files/page39_1.jpg HTTP/1.1" 200 26753 "http://www.handwritinginsights.com/FreeAP.html" "Mozilla/5.0 (Windows NT 6.1; rv:2.0.1) Gecko/20100101 Firefox/4.0.1"
61.246.190.10 - - [26/May/2011:03:43:54 -0700] "GET /FreeAP_files/page39_2.jpg HTTP/1.1" 200 68752 "http://www.handwritinginsights.com/FreeAP.html" "Mozilla/5.0 (Windows NT 6.1; rv:2.0.1) Gecko/20100101 Firefox/4.0.1"
61.246.190.10 - - [26/May/2011:03:43:54 -0700] "GET /FreeAP_files/page39_3.jpg HTTP/1.1" 200 28673 "http://www.handwritinginsights.com/FreeAP.html" "Mozilla/5.0 (Windows NT 6.1; rv:2.0.1) Gecko/20100101 Firefox/4.0.1"
61.246.190.10 - - [26/May/2011:03:43:59 -0700] "GET /favicon.ico HTTP/1.1" 404 217 "-" "Mozilla/5.0 (Windows NT 6.1; rv:2.0.1) Gecko/20100101 Firefox/4.0.1"
205.142.197.79 - - [26/May/2011:03:44:01 -0700] "GET /rw_common/themes/simple/styles.css HTTP/1.1" 200 13520 "http://www.handwritinginsights.com/printing.html" "Mozilla/4.0 (compatible; MSIE 8.0; Windows NT 5.1; Trident/4.0; .NET CLR 1.1.4322; .NET CLR 2.0.50727; .NET CLR 3.0.4506.2152; .NET CLR 3.5.30729; InfoPath.3)"
205.142.197.79 - - [26/May/2011:03:44:01 -0700] "GET /printing.html HTTP/1.1" 200 21033 "http://www.google.com/url?sa=t&source=web&cd=3&ved=0CCcQFjAC&url=http%3A%2F%2Fwww.handwritinginsights.com%2Fprinting.html&rct=j&q=handwriting%20analysis%2Fblock%20letters&ei=WC7eTcisDYvAgQf12unuCg&usg=AFQjCNGnx-0LPqGARvHjOnRH-jqZIB0oYQ" "Mozilla/4.0 (compatible; MSIE 8.0; Windows NT 5.1; Trident/4.0; .NET CLR 1.1.4322; .NET CLR 2.0.50727; .NET CLR 3.0.4506.2152; .NET CLR 3.5.30729; InfoPath.3)"
205.142.197.79 - - [26/May/2011:03:44:01 -0700] "GET /rw_common/themes/simple/handheld.css HTTP/1.1" 200 6005 "http://www.handwritinginsights.com/printing.html" "Mozilla/4.0 (compatible; MSIE 8.0; Windows NT 5.1; Trident/4.0; .NET CLR 1.1.4322; .NET CLR 2.0.50727; .NET CLR 3.0.4506.2152; .NET CLR 3.5.30729; InfoPath.3)"
205.142.197.79 - - [26/May/2011:03:44:01 -0700] "GET /rw_common/themes/simple/css/styles/soft_pink.css HTTP/1.1" 200 276 "http://www.handwritinginsights.com/printing.html" "Mozilla/4.0 (compatible; MSIE 8.0; Windows NT 5.1; Trident/4.0; .NET CLR 1.1.4322; .NET CLR 2.0.50727; .NET CLR 3.0.4506.2152; .NET CLR 3.5.30729; InfoPath.3)"
205.142.197.79 - - [26/May/2011:03:44:01 -0700] "GET /rw_common/themes/simple/print.css HTTP/1.1" 200 3818 "http://www.handwritinginsights.com/printing.html" "Mozilla/4.0 (compatible; MSIE 8.0; Windows NT 5.1; Trident/4.0; .NET CLR 1.1.4322; .NET CLR 2.0.50727; .NET CLR 3.0.4506.2152; .NET CLR 3.5.30729; InfoPath.3)"
205.142.197.79 - - [26/May/2011:03:44:01 -0700] "GET /rw_common/themes/simple/css/width/width_1000.css HTTP/1.1" 200 30 "http://www.handwritinginsights.com/printing.html" "Mozilla/4.0 (compatible; MSIE 8.0; Windows NT 5.1; Trident/4.0; .NET CLR 1.1.4322; .NET CLR 2.0.50727; .NET CLR 3.0.4506.2152; .NET CLR 3.5.30729; InfoPath.3)"
205.142.197.79 - - [26/May/2011:03:44:01 -0700] "GET /rw_common/themes/simple/javascript.js HTTP/1.1" 200 14608 "http://www.handwritinginsights.com/printing.html" "Mozilla/4.0 (compatible; MSIE 8.0; Windows NT 5.1; Trident/4.0; .NET CLR 1.1.4322; .NET CLR 2.0.50727; .NET CLR 3.0.4506.2152; .NET CLR 3.5.30729; InfoPath.3)"
205.142.197.79 - - [26/May/2011:03:44:04 -0700] "GET /rw_common/themes/simple/images/button_down.png HTTP/1.1" 200 196 "http://www.handwritinginsights.com/printing.html" "Mozilla/4.0 (compatible; MSIE 8.0; Windows NT 5.1; Trident/4.0; .NET CLR 1.1.4322; .NET CLR 2.0.50727; .NET CLR 3.0.4506.2152; .NET CLR 3.5.30729; InfoPath.3)"
205.142.197.79 - - [26/May/2011:03:44:04 -0700] "GET /rw_common/themes/simple/css/sidebar/sidebar_left.css HTTP/1.1" 200 99 "http://www.handwritinginsights.com/printing.html" "Mozilla/4.0 (compatible; MSIE 8.0; Windows NT 5.1; Trident/4.0; .NET CLR 1.1.4322; .NET CLR 2.0.50727; .NET CLR 3.0.4506.2152; .NET CLR 3.5.30729; InfoPath.3)"
205.142.197.79 - - [26/May/2011:03:44:04 -0700] "GET /printing_files/page31_3.jpg HTTP/1.1" 200 22010 "http://www.handwritinginsights.com/printing.html" "Mozilla/4.0 (compatible; MSIE 8.0; Windows NT 5.1; Trident/4.0; .NET CLR 1.1.4322; .NET CLR 2.0.50727; .NET CLR 3.0.4506.2152; .NET CLR 3.5.30729; InfoPath.3)"
205.142.197.79 - - [26/May/2011:03:44:04 -0700] "GET /rw_common/themes/simple/images/header_bg.png HTTP/1.1" 200 155 "http://www.handwritinginsights.com/printing.html" "Mozilla/4.0 (compatible; MSIE 8.0; Windows NT 5.1; Trident/4.0; .NET CLR 1.1.4322; .NET CLR 2.0.50727; .NET CLR 3.0.4506.2152; .NET CLR 3.5.30729; InfoPath.3)"
205.142.197.79 - - [26/May/2011:03:44:04 -0700] "GET /printing_files/page31_5.jpg HTTP/1.1" 200 51695 "http://www.handwritinginsights.com/printing.html" "Mozilla/4.0 (compatible; MSIE 8.0; Windows NT 5.1; Trident/4.0; .NET CLR 1.1.4322; .NET CLR 2.0.50727; .NET CLR 3.0.4506.2152; .NET CLR 3.5.30729; InfoPath.3)"
205.142.197.79 - - [26/May/2011:03:44:04 -0700] "GET /printing_files/page31_4.jpg HTTP/1.1" 200 45122 "http://www.handwritinginsights.com/printing.html" "Mozilla/4.0 (compatible; MSIE 8.0; Windows NT 5.1; Trident/4.0; .NET CLR 1.1.4322; .NET CLR 2.0.50727; .NET CLR 3.0.4506.2152; .NET CLR 3.5.30729; InfoPath.3)"
205.142.197.79 - - [26/May/2011:03:44:04 -0700] "GET /rw_common/themes/simple/images/button_normal.png HTTP/1.1" 200 192 "http://www.handwritinginsights.com/printing.html" "Mozilla/4.0 (compatible; MSIE 8.0; Windows NT 5.1; Trident/4.0; .NET CLR 1.1.4322; .NET CLR 2.0.50727; .NET CLR 3.0.4506.2152; .NET CLR 3.5.30729; InfoPath.3)"
205.142.197.79 - - [26/May/2011:03:44:04 -0700] "GET /printing_files/page31_1.jpg HTTP/1.1" 200 16202 "http://www.handwritinginsights.com/printing.html" "Mozilla/4.0 (compatible; MSIE 8.0; Windows NT 5.1; Trident/4.0; .NET CLR 1.1.4322; .NET CLR 2.0.50727; .NET CLR 3.0.4506.2152; .NET CLR 3.5.30729; InfoPath.3)"
205.142.197.79 - - [26/May/2011:03:44:04 -0700] "GET /rw_common/images/Untitled-2.jpg HTTP/1.1" 200 32135 "http://www.handwritinginsights.com/printing.html" "Mozilla/4.0 (compatible; MSIE 8.0; Windows NT 5.1; Trident/4.0; .NET CLR 1.1.4322; .NET CLR 2.0.50727; .NET CLR 3.0.4506.2152; .NET CLR 3.5.30729; InfoPath.3)"
205.142.197.79 - - [26/May/2011:03:44:05 -0700] "GET /favicon.ico HTTP/1.1" 404 217 "-" "Mozilla/4.0 (compatible; MSIE 8.0; Windows NT 5.1; Trident/4.0; .NET CLR 1.1.4322; .NET CLR 2.0.50727; .NET CLR 3.0.4506.2152; .NET CLR 3.5.30729; InfoPath.3)"
205.142.197.79 - - [26/May/2011:03:44:05 -0700] "GET /printing_files/page31_2.jpg HTTP/1.1" 200 15339 "http://www.handwritinginsights.com/printing.html" "Mozilla/4.0 (compatible; MSIE 8.0; Windows NT 5.1; Trident/4.0; .NET CLR 1.1.4322; .NET CLR 2.0.50727; .NET CLR 3.0.4506.2152; .NET CLR 3.5.30729; InfoPath.3)"
61.246.190.10 - - [26/May/2011:03:44:09 -0700] "GET /FreeAP_files/page39_7.gif HTTP/1.1" 200 21313 "http://www.handwritinginsights.com/FreeAP.html" "Mozilla/5.0 (Windows NT 6.1; rv:2.0.1) Gecko/20100101 Firefox/4.0.1"
61.246.190.10 - - [26/May/2011:03:44:10 -0700] "GET /FreeAP_files/page39_4.jpg HTTP/1.1" 200 61738 "http://www.handwritinginsights.com/FreeAP.html" "Mozilla/5.0 (Windows NT 6.1; rv:2.0.1) Gecko/20100101 Firefox/4.0.1"
61.246.190.10 - - [26/May/2011:03:44:11 -0700] "GET /FreeAP_files/page39_6.gif HTTP/1.1" 200 72173 "http://www.handwritinginsights.com/FreeAP.html" "Mozilla/5.0 (Windows NT 6.1; rv:2.0.1) Gecko/20100101 Firefox/4.0.1"
61.246.190.10 - - [26/May/2011:03:44:13 -0700] "GET /FreeAP_files/page39_5.gif HTTP/1.1" 200 22973 "http://www.handwritinginsights.com/FreeAP.html" "Mozilla/5.0 (Windows NT 6.1; rv:2.0.1) Gecko/20100101 Firefox/4.0.1"
61.246.190.10 - - [26/May/2011:03:44:14 -0700] "GET /FreeAP_files/page39_8.gif HTTP/1.1" 200 76900 "http://www.handwritinginsights.com/FreeAP.html" "Mozilla/5.0 (Windows NT 6.1; rv:2.0.1) Gecko/20100101 Firefox/4.0.1"
61.246.190.10 - - [26/May/2011:03:44:15 -0700] "GET /FreeAP_files/page39_10.jpg HTTP/1.1" 200 64136 "http://www.handwritinginsights.com/FreeAP.html" "Mozilla/5.0 (Windows NT 6.1; rv:2.0.1) Gecko/20100101 Firefox/4.0.1"
61.246.190.10 - - [26/May/2011:03:44:16 -0700] "GET /FreeAP_files/page39_9.jpg HTTP/1.1" 200 38173 "http://www.handwritinginsights.com/FreeAP.html" "Mozilla/5.0 (Windows NT 6.1; rv:2.0.1) Gecko/20100101 Firefox/4.0.1"
182.177.236.53 - - [26/May/2011:03:44:55 -0700] "GET /terms.html HTTP/1.0" 200 56478 "http://www.handwritinginsights.com/lesson.html" "Mozilla/5.0 (Windows NT 5.1) AppleWebKit/534.24 (KHTML, like Gecko) Chrome/11.0.696.71 Safari/534.24"
182.177.236.53 - - [26/May/2011:03:44:56 -0700] "GET /terms_files/page30_1.jpg HTTP/1.0" 200 32587 "http://www.handwritinginsights.com/terms.html" "Mozilla/5.0 (Windows NT 5.1) AppleWebKit/534.24 (KHTML, like Gecko) Chrome/11.0.696.71 Safari/534.24"
182.177.236.53 - - [26/May/2011:03:44:57 -0700] "GET /terms_files/page30_2.jpg HTTP/1.0" 200 24456 "http://www.handwritinginsights.com/terms.html" "Mozilla/5.0 (Windows NT 5.1) AppleWebKit/534.24 (KHTML, like Gecko) Chrome/11.0.696.71 Safari/534.24"
182.177.236.53 - - [26/May/2011:03:44:57 -0700] "GET /terms_files/page30_4.jpg HTTP/1.0" 200 27381 "http://www.handwritinginsights.com/terms.html" "Mozilla/5.0 (Windows NT 5.1) AppleWebKit/534.24 (KHTML, like Gecko) Chrome/11.0.696.71 Safari/534.24"
182.177.236.53 - - [26/May/2011:03:44:57 -0700] "GET /terms_files/page30_5.jpg HTTP/1.0" 200 27287 "http://www.handwritinginsights.com/terms.html" "Mozilla/5.0 (Windows NT 5.1) AppleWebKit/534.24 (KHTML, like Gecko) Chrome/11.0.696.71 Safari/534.24"
182.177.236.53 - - [26/May/2011:03:44:57 -0700] "GET /terms_files/page30_3.jpg HTTP/1.0" 200 12888 "http://www.handwritinginsights.com/terms.html" "Mozilla/5.0 (Windows NT 5.1) AppleWebKit/534.24 (KHTML, like Gecko) Chrome/11.0.696.71 Safari/534.24"
182.177.236.53 - - [26/May/2011:03:44:58 -0700] "GET /terms_files/page30_9.jpg HTTP/1.0" 200 29023 "http://www.handwritinginsights.com/terms.html" "Mozilla/5.0 (Windows NT 5.1) AppleWebKit/534.24 (KHTML, like Gecko) Chrome/11.0.696.71 Safari/534.24"
182.177.236.53 - - [26/May/2011:03:44:58 -0700] "GET /terms_files/page30_6.jpg HTTP/1.0" 200 34734 "http://www.handwritinginsights.com/terms.html" "Mozilla/5.0 (Windows NT 5.1) AppleWebKit/534.24 (KHTML, like Gecko) Chrome/11.0.696.71 Safari/534.24"
182.177.236.53 - - [26/May/2011:03:44:58 -0700] "GET /terms_files/page30_8.jpg HTTP/1.0" 200 25115 "http://www.handwritinginsights.com/terms.html" "Mozilla/5.0 (Windows NT 5.1) AppleWebKit/534.24 (KHTML, like Gecko) Chrome/11.0.696.71 Safari/534.24"
182.177.236.53 - - [26/May/2011:03:44:59 -0700] "GET /terms_files/page30_11.jpg HTTP/1.0" 200 30201 "http://www.handwritinginsights.com/terms.html" "Mozilla/5.0 (Windows NT 5.1) AppleWebKit/534.24 (KHTML, like Gecko) Chrome/11.0.696.71 Safari/534.24"
182.177.236.53 - - [26/May/2011:03:44:59 -0700] "GET /terms_files/page30_7.jpg HTTP/1.0" 200 23299 "http://www.handwritinginsights.com/terms.html" "Mozilla/5.0 (Windows NT 5.1) AppleWebKit/534.24 (KHTML, like Gecko) Chrome/11.0.696.71 Safari/534.24"
182.177.236.53 - - [26/May/2011:03:44:59 -0700] "GET /terms_files/page30_10.jpg HTTP/1.0" 200 28497 "http://www.handwritinginsights.com/terms.html" "Mozilla/5.0 (Windows NT 5.1) AppleWebKit/534.24 (KHTML, like Gecko) Chrome/11.0.696.71 Safari/534.24"
182.177.236.53 - - [26/May/2011:03:45:00 -0700] "GET /terms_files/page30_13.jpg HTTP/1.0" 200 19475 "http://www.handwritinginsights.com/terms.html" "Mozilla/5.0 (Windows NT 5.1) AppleWebKit/534.24 (KHTML, like Gecko) Chrome/11.0.696.71 Safari/534.24"
182.177.236.53 - - [26/May/2011:03:45:00 -0700] "GET /terms_files/page30_12.jpg HTTP/1.0" 200 26014 "http://www.handwritinginsights.com/terms.html" "Mozilla/5.0 (Windows NT 5.1) AppleWebKit/534.24 (KHTML, like Gecko) Chrome/11.0.696.71 Safari/534.24"
182.177.236.53 - - [26/May/2011:03:45:01 -0700] "GET /terms_files/page30_15.jpg HTTP/1.0" 200 14472 "http://www.handwritinginsights.com/terms.html" "Mozilla/5.0 (Windows NT 5.1) AppleWebKit/534.24 (KHTML, like Gecko) Chrome/11.0.696.71 Safari/534.24"
182.177.236.53 - - [26/May/2011:03:45:01 -0700] "GET /terms_files/page30_16.jpg HTTP/1.0" 200 4385 "http://www.handwritinginsights.com/terms.html" "Mozilla/5.0 (Windows NT 5.1) AppleWebKit/534.24 (KHTML, like Gecko) Chrome/11.0.696.71 Safari/534.24"
182.177.236.53 - - [26/May/2011:03:45:01 -0700] "GET /terms_files/page30_14.jpg HTTP/1.0" 200 10824 "http://www.handwritinginsights.com/terms.html" "Mozilla/5.0 (Windows NT 5.1) AppleWebKit/534.24 (KHTML, like Gecko) Chrome/11.0.696.71 Safari/534.24"
182.177.236.53 - - [26/May/2011:03:45:02 -0700] "GET /terms_files/page30_18.jpg HTTP/1.0" 200 11137 "http://www.handwritinginsights.com/terms.html" "Mozilla/5.0 (Windows NT 5.1) AppleWebKit/534.24 (KHTML, like Gecko) Chrome/11.0.696.71 Safari/534.24"
182.177.236.53 - - [26/May/2011:03:45:03 -0700] "GET /terms_files/page30_20.jpg HTTP/1.0" 200 7134 "http://www.handwritinginsights.com/terms.html" "Mozilla/5.0 (Windows NT 5.1) AppleWebKit/534.24 (KHTML, like Gecko) Chrome/11.0.696.71 Safari/534.24"
182.177.236.53 - - [26/May/2011:03:45:03 -0700] "GET /terms_files/page30_19.jpg HTTP/1.0" 200 9711 "http://www.handwritinginsights.com/terms.html" "Mozilla/5.0 (Windows NT 5.1) AppleWebKit/534.24 (KHTML, like Gecko) Chrome/11.0.696.71 Safari/534.24"
182.177.236.53 - - [26/May/2011:03:45:03 -0700] "GET /terms_files/page30_17.jpg HTTP/1.0" 200 9667 "http://www.handwritinginsights.com/terms.html" "Mozilla/5.0 (Windows NT 5.1) AppleWebKit/534.24 (KHTML, like Gecko) Chrome/11.0.696.71 Safari/534.24"
182.177.236.53 - - [26/May/2011:03:45:04 -0700] "GET /terms_files/page30_21.jpg HTTP/1.0" 200 5810 "http://www.handwritinginsights.com/terms.html" "Mozilla/5.0 (Windows NT 5.1) AppleWebKit/534.24 (KHTML, like Gecko) Chrome/11.0.696.71 Safari/534.24"
182.177.236.53 - - [26/May/2011:03:45:04 -0700] "GET /terms_files/page30_24.jpg HTTP/1.0" 200 22175 "http://www.handwritinginsights.com/terms.html" "Mozilla/5.0 (Windows NT 5.1) AppleWebKit/534.24 (KHTML, like Gecko) Chrome/11.0.696.71 Safari/534.24"
182.177.236.53 - - [26/May/2011:03:45:05 -0700] "GET /terms_files/page30_26.jpg HTTP/1.0" 200 26513 "http://www.handwritinginsights.com/terms.html" "Mozilla/5.0 (Windows NT 5.1) AppleWebKit/534.24 (KHTML, like Gecko) Chrome/11.0.696.71 Safari/534.24"
182.177.236.53 - - [26/May/2011:03:45:05 -0700] "GET /terms_files/page30_22.jpg HTTP/1.0" 200 5714 "http://www.handwritinginsights.com/terms.html" "Mozilla/5.0 (Windows NT 5.1) AppleWebKit/534.24 (KHTML, like Gecko) Chrome/11.0.696.71 Safari/534.24"
182.177.236.53 - - [26/May/2011:03:45:05 -0700] "GET /terms_files/page30_25.jpg HTTP/1.0" 200 21861 "http://www.handwritinginsights.com/terms.html" "Mozilla/5.0 (Windows NT 5.1) AppleWebKit/534.24 (KHTML, like Gecko) Chrome/11.0.696.71 Safari/534.24"
182.177.236.53 - - [26/May/2011:03:45:05 -0700] "GET /terms_files/page30_23.jpg HTTP/1.0" 200 14271 "http://www.handwritinginsights.com/terms.html" "Mozilla/5.0 (Windows NT 5.1) AppleWebKit/534.24 (KHTML, like Gecko) Chrome/11.0.696.71 Safari/534.24"
182.177.236.53 - - [26/May/2011:03:45:06 -0700] "GET /terms_files/page30_27.jpg HTTP/1.0" 200 5279 "http://www.handwritinginsights.com/terms.html" "Mozilla/5.0 (Windows NT 5.1) AppleWebKit/534.24 (KHTML, like Gecko) Chrome/11.0.696.71 Safari/534.24"
182.177.236.53 - - [26/May/2011:03:45:07 -0700] "GET /terms_files/page30_28.jpg HTTP/1.0" 200 11600 "http://www.handwritinginsights.com/terms.html" "Mozilla/5.0 (Windows NT 5.1) AppleWebKit/534.24 (KHTML, like Gecko) Chrome/11.0.696.71 Safari/534.24"
182.177.236.53 - - [26/May/2011:03:45:07 -0700] "GET /terms_files/page30_29.jpg HTTP/1.0" 200 12747 "http://www.handwritinginsights.com/terms.html" "Mozilla/5.0 (Windows NT 5.1) AppleWebKit/534.24 (KHTML, like Gecko) Chrome/11.0.696.71 Safari/534.24"
182.177.236.53 - - [26/May/2011:03:45:08 -0700] "GET /terms_files/page30_30.jpg HTTP/1.0" 200 9725 "http://www.handwritinginsights.com/terms.html" "Mozilla/5.0 (Windows NT 5.1) AppleWebKit/534.24 (KHTML, like Gecko) Chrome/11.0.696.71 Safari/534.24"
182.177.236.53 - - [26/May/2011:03:45:09 -0700] "GET /terms_files/page30_31.jpg HTTP/1.0" 200 51695 "http://www.handwritinginsights.com/terms.html" "Mozilla/5.0 (Windows NT 5.1) AppleWebKit/534.24 (KHTML, like Gecko) Chrome/11.0.696.71 Safari/534.24"
182.177.236.53 - - [26/May/2011:03:45:17 -0700] "GET /favicon.ico HTTP/1.0" 404 205 "-" "Mozilla/5.0 (Windows NT 5.1) AppleWebKit/534.24 (KHTML, like Gecko) Chrome/11.0.696.71 Safari/534.24"
122.167.44.10 - - [26/May/2011:03:46:20 -0700] "GET /rw_common/themes/simple/styles.css HTTP/1.1" 200 13520 "http://www.handwritinginsights.com/" "Mozilla/5.0 (Windows NT 6.0) AppleWebKit/534.24 (KHTML, like Gecko) Chrome/11.0.696.71 Safari/534.24"
122.167.44.10 - - [26/May/2011:03:46:20 -0700] "GET /rw_common/themes/simple/css/styles/vibrant_pink.css HTTP/1.1" 200 276 "http://www.handwritinginsights.com/" "Mozilla/5.0 (Windows NT 6.0) AppleWebKit/534.24 (KHTML, like Gecko) Chrome/11.0.696.71 Safari/534.24"
122.167.44.10 - - [26/May/2011:03:46:20 -0700] "GET /rw_common/themes/simple/css/sidebar/sidebar_left.css HTTP/1.1" 200 99 "http://www.handwritinginsights.com/" "Mozilla/5.0 (Windows NT 6.0) AppleWebKit/534.24 (KHTML, like Gecko) Chrome/11.0.696.71 Safari/534.24"
122.167.44.10 - - [26/May/2011:03:46:20 -0700] "GET / HTTP/1.1" 200 32293 "http://www.google.co.in/imgres?imgurl=http://www.handwritinginsights.com/index_files/page0_2.jpg&imgrefurl=http://www.handwritinginsights.com/&usg=__cp8clMHERlHJtbu0irdoi-7ezy8=&h=429&w=718&sz=64&hl=en&start=4&zoom=1&tbnid=L3Lr4FCg2H9NTM:&tbnh=84&tbnw=140&ei=eC_eTamcF4bGvQPV6LndBQ&prev=/search%3Fq%3Dold%2Bhandwriting%26hl%3Den%26sa%3DX%26biw%3D1280%26bih%3D709%26tbm%3Disch%26prmd%3Divns&itbs=1&biw=1280&bih=709" "Mozilla/5.0 (Windows NT 6.0) AppleWebKit/534.24 (KHTML, like Gecko) Chrome/11.0.696.71 Safari/534.24"
122.167.44.10 - - [26/May/2011:03:46:20 -0700] "GET /index_files/page0_2.jpg HTTP/1.1" 200 64940 "http://www.google.co.in/imgres?imgurl=http://www.handwritinginsights.com/index_files/page0_2.jpg&imgrefurl=http://www.handwritinginsights.com/&usg=__cp8clMHERlHJtbu0irdoi-7ezy8=&h=429&w=718&sz=64&hl=en&start=4&zoom=1&tbnid=L3Lr4FCg2H9NTM:&tbnh=84&tbnw=140&ei=eC_eTamcF4bGvQPV6LndBQ&prev=/search%3Fq%3Dold%2Bhandwriting%26hl%3Den%26sa%3DX%26biw%3D1280%26bih%3D709%26tbm%3Disch%26prmd%3Divns&itbs=1&biw=1280&bih=709" "Mozilla/5.0 (Windows NT 6.0) AppleWebKit/534.24 (KHTML, like Gecko) Chrome/11.0.696.71 Safari/534.24"
122.167.44.10 - - [26/May/2011:03:46:20 -0700] "GET /rw_common/themes/simple/css/width/width_1000.css HTTP/1.1" 200 30 "http://www.handwritinginsights.com/" "Mozilla/5.0 (Windows NT 6.0) AppleWebKit/534.24 (KHTML, like Gecko) Chrome/11.0.696.71 Safari/534.24"
122.167.44.10 - - [26/May/2011:03:46:21 -0700] "GET /rw_common/themes/simple/images/button_normal.png HTTP/1.1" 200 192 "http://www.handwritinginsights.com/" "Mozilla/5.0 (Windows NT 6.0) AppleWebKit/534.24 (KHTML, like Gecko) Chrome/11.0.696.71 Safari/534.24"
122.167.44.10 - - [26/May/2011:03:46:21 -0700] "GET /rw_common/themes/simple/javascript.js HTTP/1.1" 200 14608 "http://www.handwritinginsights.com/" "Mozilla/5.0 (Windows NT 6.0) AppleWebKit/534.24 (KHTML, like Gecko) Chrome/11.0.696.71 Safari/534.24"
122.167.44.10 - - [26/May/2011:03:46:21 -0700] "GET /rw_common/themes/simple/print.css HTTP/1.1" 200 3818 "http://www.handwritinginsights.com/" "Mozilla/5.0 (Windows NT 6.0) AppleWebKit/534.24 (KHTML, like Gecko) Chrome/11.0.696.71 Safari/534.24"
122.167.44.10 - - [26/May/2011:03:46:21 -0700] "GET /rw_common/images/Untitled-2.jpg HTTP/1.1" 200 32135 "http://www.handwritinginsights.com/" "Mozilla/5.0 (Windows NT 6.0) AppleWebKit/534.24 (KHTML, like Gecko) Chrome/11.0.696.71 Safari/534.24"
122.167.44.10 - - [26/May/2011:03:46:21 -0700] "GET /index_files/page0_1.jpg HTTP/1.1" 200 10960 "http://www.handwritinginsights.com/" "Mozilla/5.0 (Windows NT 6.0) AppleWebKit/534.24 (KHTML, like Gecko) Chrome/11.0.696.71 Safari/534.24"
122.167.44.10 - - [26/May/2011:03:46:21 -0700] "GET /rw_common/themes/simple/images/header_bg.png HTTP/1.1" 200 155 "http://www.handwritinginsights.com/" "Mozilla/5.0 (Windows NT 6.0) AppleWebKit/534.24 (KHTML, like Gecko) Chrome/11.0.696.71 Safari/534.24"
