118.102.144.194 - - [18/May/2011:03:43:16 -0700] "GET /lesson_files/page5_3.jpg HTTP/1.1" 200 29890 "http://www.handwritinginsights.com/lesson.html" "Mozilla/5.0 (Windows; U; Windows NT 5.1; en-US; rv:1.9.1.19) Gecko/20110420 Firefox/3.5.19"
118.102.144.194 - - [18/May/2011:03:43:16 -0700] "GET /rw_common/themes/simple/images/button_normal.png HTTP/1.1" 200 192 "http://www.handwritinginsights.com/rw_common/themes/simple/styles.css" "Mozilla/5.0 (Windows; U; Windows NT 5.1; en-US; rv:1.9.1.19) Gecko/20110420 Firefox/3.5.19"
118.102.144.194 - - [18/May/2011:03:43:18 -0700] "GET /lesson_files/page5_9.jpg HTTP/1.1" 200 164364 "http://www.handwritinginsights.com/lesson.html" "Mozilla/5.0 (Windows; U; Windows NT 5.1; en-US; rv:1.9.1.19) Gecko/20110420 Firefox/3.5.19"
118.102.144.194 - - [18/May/2011:03:43:25 -0700] "GET /favicon.ico HTTP/1.1" 404 217 "-" "Mozilla/5.0 (Windows; U; Windows NT 5.1; en-US; rv:1.9.1.19) Gecko/20110420 Firefox/3.5.19"
66.249.68.12 - - [18/May/2011:03:46:54 -0700] "GET /robots.txt HTTP/1.1" 404 216 "-" "Mozilla/5.0 (compatible; Googlebot/2.1; +http://www.google.com/bot.html)"
66.249.68.23 - - [18/May/2011:03:46:54 -0700] "GET /Kit.html HTTP/1.1" 200 12291 "-" "Mozilla/5.0 (compatible; Googlebot/2.1; +http://www.google.com/bot.html)"
203.132.214.11 - - [18/May/2011:03:47:31 -0700] "GET / HTTP/1.1" 200 32293 "http://www.google.co.in/search?hl=en&biw=970&bih=326&q=handwriting+analysis+personality&revid=1995245716&sa=X&ei=LZnTTaHCLYPIrQfZ9MGeCQ&ved=0CGsQ1QIoAA" "Mozilla/4.0 (compatible; MSIE 8.0; Windows NT 6.1; Trident/4.0; SLCC2; .NET CLR 2.0.50727; .NET CLR 3.5.30729; .NET CLR 3.0.30729; Media Center PC 6.0; InfoPath.2; .NET CLR 1.1.4322; MS-RTC LM 8)"
203.132.214.11 - - [18/May/2011:03:47:33 -0700] "GET /rw_common/themes/simple/handheld.css HTTP/1.1" 200 6005 "http://www.handwritinginsights.com/" "Mozilla/4.0 (compatible; MSIE 8.0; Windows NT 6.1; Trident/4.0; SLCC2; .NET CLR 2.0.50727; .NET CLR 3.5.30729; .NET CLR 3.0.30729; Media Center PC 6.0; InfoPath.2; .NET CLR 1.1.4322; MS-RTC LM 8)"
203.132.214.11 - - [18/May/2011:03:47:33 -0700] "GET /rw_common/themes/simple/css/styles/vibrant_pink.css HTTP/1.1" 200 276 "http://www.handwritinginsights.com/" "Mozilla/4.0 (compatible; MSIE 8.0; Windows NT 6.1; Trident/4.0; SLCC2; .NET CLR 2.0.50727; .NET CLR 3.5.30729; .NET CLR 3.0.30729; Media Center PC 6.0; InfoPath.2; .NET CLR 1.1.4322; MS-RTC LM 8)"
203.132.214.11 - - [18/May/2011:03:47:33 -0700] "GET /rw_common/themes/simple/css/width/width_1000.css HTTP/1.1" 200 30 "http://www.handwritinginsights.com/" "Mozilla/4.0 (compatible; MSIE 8.0; Windows NT 6.1; Trident/4.0; SLCC2; .NET CLR 2.0.50727; .NET CLR 3.5.30729; .NET CLR 3.0.30729; Media Center PC 6.0; InfoPath.2; .NET CLR 1.1.4322; MS-RTC LM 8)"
203.132.214.11 - - [18/May/2011:03:47:33 -0700] "GET /rw_common/themes/simple/print.css HTTP/1.1" 200 3818 "http://www.handwritinginsights.com/" "Mozilla/4.0 (compatible; MSIE 8.0; Windows NT 6.1; Trident/4.0; SLCC2; .NET CLR 2.0.50727; .NET CLR 3.5.30729; .NET CLR 3.0.30729; Media Center PC 6.0; InfoPath.2; .NET CLR 1.1.4322; MS-RTC LM 8)"
203.132.214.11 - - [18/May/2011:03:47:33 -0700] "GET /rw_common/themes/simple/styles.css HTTP/1.1" 200 13520 "http://www.handwritinginsights.com/" "Mozilla/4.0 (compatible; MSIE 8.0; Windows NT 6.1; Trident/4.0; SLCC2; .NET CLR 2.0.50727; .NET CLR 3.5.30729; .NET CLR 3.0.30729; Media Center PC 6.0; InfoPath.2; .NET CLR 1.1.4322; MS-RTC LM 8)"
203.132.214.11 - - [18/May/2011:03:47:33 -0700] "GET /rw_common/themes/simple/css/sidebar/sidebar_left.css HTTP/1.1" 200 99 "http://www.handwritinginsights.com/" "Mozilla/4.0 (compatible; MSIE 8.0; Windows NT 6.1; Trident/4.0; SLCC2; .NET CLR 2.0.50727; .NET CLR 3.5.30729; .NET CLR 3.0.30729; Media Center PC 6.0; InfoPath.2; .NET CLR 1.1.4322; MS-RTC LM 8)"
86.96.228.86 - - [18/May/2011:03:55:48 -0700] "GET /rw_common/themes/simple/css/width/width_1000.css HTTP/1.1" 200 30 "http://www.handwritinginsights.com/lesson.html" "Mozilla/5.0 (Windows; U; Windows NT 5.1; en-US; rv:1.9.0.19) Gecko/2010031422 Firefox/3.0.19"
86.96.228.88 - - [18/May/2011:03:56:39 -0700] "GET /rw_common/themes/simple/images/button_down.png HTTP/1.1" 200 196 "http://www.handwritinginsights.com/rw_common/themes/simple/styles.css" "Mozilla/5.0 (Windows; U; Windows NT 5.1; en-US; rv:1.9.0.19) Gecko/2010031422 Firefox/3.0.19"
86.96.228.93 - - [18/May/2011:03:56:39 -0700] "GET /rw_common/images/Untitled-2.jpg HTTP/1.1" 200 32135 "http://www.handwritinginsights.com/lesson.html" "Mozilla/5.0 (Windows; U; Windows NT 5.1; en-US; rv:1.9.0.19) Gecko/2010031422 Firefox/3.0.19"
86.96.228.88 - - [18/May/2011:03:56:39 -0700] "GET /rw_common/themes/simple/images/header_bg.png HTTP/1.1" 200 155 "http://www.handwritinginsights.com/rw_common/themes/simple/styles.css" "Mozilla/5.0 (Windows; U; Windows NT 5.1; en-US; rv:1.9.0.19) Gecko/2010031422 Firefox/3.0.19"
86.96.228.89 - - [18/May/2011:03:56:39 -0700] "GET /lesson_files/page5_1.jpg HTTP/1.1" 200 27598 "http://www.handwritinginsights.com/lesson.html" "Mozilla/5.0 (Windows; U; Windows NT 5.1; en-US; rv:1.9.0.19) Gecko/2010031422 Firefox/3.0.19"
86.96.228.88 - - [18/May/2011:03:56:40 -0700] "GET /lesson_files/page5_4.jpg HTTP/1.1" 200 106714 "http://www.handwritinginsights.com/lesson.html" "Mozilla/5.0 (Windows; U; Windows NT 5.1; en-US; rv:1.9.0.19) Gecko/2010031422 Firefox/3.0.19"
86.96.228.87 - - [18/May/2011:03:56:40 -0700] "GET /rw_common/themes/simple/images/button_normal.png HTTP/1.1" 200 192 "http://www.handwritinginsights.com/rw_common/themes/simple/styles.css" "Mozilla/5.0 (Windows; U; Windows NT 5.1; en-US; rv:1.9.0.19) Gecko/2010031422 Firefox/3.0.19"
86.96.228.84 - - [18/May/2011:03:56:43 -0700] "GET /lesson_files/page5_9.jpg HTTP/1.1" 200 164364 "http://www.handwritinginsights.com/lesson.html" "Mozilla/5.0 (Windows; U; Windows NT 5.1; en-US; rv:1.9.0.19) Gecko/2010031422 Firefox/3.0.19"
86.96.228.93 - - [18/May/2011:03:56:44 -0700] "GET /lesson_files/page5_10.jpg HTTP/1.1" 200 51695 "http://www.handwritinginsights.com/lesson.html" "Mozilla/5.0 (Windows; U; Windows NT 5.1; en-US; rv:1.9.0.19) Gecko/2010031422 Firefox/3.0.19"
86.96.228.85 - - [18/May/2011:03:56:58 -0700] "GET /index.html HTTP/1.1" 200 32293 "http://www.handwritinginsights.com/lesson.html" "Mozilla/5.0 (Windows; U; Windows NT 5.1; en-US; rv:1.9.0.19) Gecko/2010031422 Firefox/3.0.19"
86.96.228.87 - - [18/May/2011:03:57:50 -0700] "GET /index_files/page0_4.jpg HTTP/1.1" 200 100463 "http://www.handwritinginsights.com/index.html" "Mozilla/5.0 (Windows; U; Windows NT 5.1; en-US; rv:1.9.0.19) Gecko/2010031422 Firefox/3.0.19"
59.161.11.90 - - [18/May/2011:04:01:25 -0700] "GET /lesson.html HTTP/1.1" 200 48485 "http://www.google.co.in/url?sa=t&source=web&cd=2&ved=0CB8QFjAB&url=http%3A%2F%2Fwww.handwritinginsights.com%2Flesson.html&rct=j&q=Eight%20different%20ways%20Ideal%20handwritings.&ei=yqbTTcDjB8TxrQf2l9y0CQ&usg=AFQjCNEaECenqn9dIy5po79n-pez1l82SQ" "Mozilla/4.0 (compatible; MSIE 8.0; Windows NT 5.1; Trident/4.0; GTB6.6; .NET CLR 1.1.4322; .NET CLR 2.0.50727; .NET CLR 3.0.4506.2152; .NET CLR 3.5.30729; eSobiSubscriber 2.0.4.16)"
59.161.11.90 - - [18/May/2011:04:01:26 -0700] "GET /rw_common/themes/simple/styles.css HTTP/1.1" 200 13520 "http://www.handwritinginsights.com/lesson.html" "Mozilla/4.0 (compatible; MSIE 8.0; Windows NT 5.1; Trident/4.0; GTB6.6; .NET CLR 1.1.4322; .NET CLR 2.0.50727; .NET CLR 3.0.4506.2152; .NET CLR 3.5.30729; eSobiSubscriber 2.0.4.16)"
59.161.11.90 - - [18/May/2011:04:01:29 -0700] "GET /rw_common/themes/simple/print.css HTTP/1.1" 200 3818 "http://www.handwritinginsights.com/lesson.html" "Mozilla/4.0 (compatible; MSIE 8.0; Windows NT 5.1; Trident/4.0; GTB6.6; .NET CLR 1.1.4322; .NET CLR 2.0.50727; .NET CLR 3.0.4506.2152; .NET CLR 3.5.30729; eSobiSubscriber 2.0.4.16)"
59.161.11.90 - - [18/May/2011:04:01:31 -0700] "GET /rw_common/themes/simple/css/width/width_1000.css HTTP/1.1" 200 30 "http://www.handwritinginsights.com/lesson.html" "Mozilla/4.0 (compatible; MSIE 8.0; Windows NT 5.1; Trident/4.0; GTB6.6; .NET CLR 1.1.4322; .NET CLR 2.0.50727; .NET CLR 3.0.4506.2152; .NET CLR 3.5.30729; eSobiSubscriber 2.0.4.16)"
59.161.11.90 - - [18/May/2011:04:01:32 -0700] "GET /rw_common/themes/simple/css/styles/vibrant_pink.css HTTP/1.1" 200 276 "http://www.handwritinginsights.com/lesson.html" "Mozilla/4.0 (compatible; MSIE 8.0; Windows NT 5.1; Trident/4.0; GTB6.6; .NET CLR 1.1.4322; .NET CLR 2.0.50727; .NET CLR 3.0.4506.2152; .NET CLR 3.5.30729; eSobiSubscriber 2.0.4.16)"
59.161.11.90 - - [18/May/2011:04:01:33 -0700] "GET /rw_common/themes/simple/css/sidebar/sidebar_left.css HTTP/1.1" 200 99 "http://www.handwritinginsights.com/lesson.html" "Mozilla/4.0 (compatible; MSIE 8.0; Windows NT 5.1; Trident/4.0; GTB6.6; .NET CLR 1.1.4322; .NET CLR 2.0.50727; .NET CLR 3.0.4506.2152; .NET CLR 3.5.30729; eSobiSubscriber 2.0.4.16)"
59.161.11.90 - - [18/May/2011:04:01:34 -0700] "GET /rw_common/themes/simple/handheld.css HTTP/1.1" 200 6005 "http://www.handwritinginsights.com/lesson.html" "Mozilla/4.0 (compatible; MSIE 8.0; Windows NT 5.1; Trident/4.0; GTB6.6; .NET CLR 1.1.4322; .NET CLR 2.0.50727; .NET CLR 3.0.4506.2152; .NET CLR 3.5.30729; eSobiSubscriber 2.0.4.16)"
59.161.11.90 - - [18/May/2011:04:01:34 -0700] "GET /rw_common/themes/simple/javascript.js HTTP/1.1" 200 14608 "http://www.handwritinginsights.com/lesson.html" "Mozilla/4.0 (compatible; MSIE 8.0; Windows NT 5.1; Trident/4.0; GTB6.6; .NET CLR 1.1.4322; .NET CLR 2.0.50727; .NET CLR 3.0.4506.2152; .NET CLR 3.5.30729; eSobiSubscriber 2.0.4.16)"
117.201.225.55 - - [18/May/2011:04:01:36 -0700] "GET / HTTP/1.1" 200 32293 "-" "Mozilla/5.0 (Windows NT 5.1) AppleWebKit/534.24 (KHTML, like Gecko) Chrome/11.0.696.68 Safari/534.24"
117.201.225.55 - - [18/May/2011:04:01:36 -0700] "GET /lesson.html HTTP/1.1" 200 48485 "-" "Mozilla/5.0 (Windows NT 5.1) AppleWebKit/534.24 (KHTML, like Gecko) Chrome/11.0.696.68 Safari/534.24"
117.201.225.55 - - [18/May/2011:04:01:37 -0700] "GET /rw_common/themes/simple/styles.css HTTP/1.1" 200 13520 "http://www.handwritinginsights.com/lesson.html" "Mozilla/5.0 (Windows NT 5.1) AppleWebKit/534.24 (KHTML, like Gecko) Chrome/11.0.696.68 Safari/534.24"
59.161.11.90 - - [18/May/2011:04:01:37 -0700] "GET /lesson_files/page5_1.jpg HTTP/1.1" 200 27598 "http://www.handwritinginsights.com/lesson.html" "Mozilla/4.0 (compatible; MSIE 8.0; Windows NT 5.1; Trident/4.0; GTB6.6; .NET CLR 1.1.4322; .NET CLR 2.0.50727; .NET CLR 3.0.4506.2152; .NET CLR 3.5.30729; eSobiSubscriber 2.0.4.16)"
117.201.225.55 - - [18/May/2011:04:01:37 -0700] "GET /rw_common/themes/simple/css/sidebar/sidebar_left.css HTTP/1.1" 200 99 "http://www.handwritinginsights.com/lesson.html" "Mozilla/5.0 (Windows NT 5.1) AppleWebKit/534.24 (KHTML, like Gecko) Chrome/11.0.696.68 Safari/534.24"
59.161.11.90 - - [18/May/2011:04:01:37 -0700] "GET /rw_common/images/Untitled-2.jpg HTTP/1.1" 200 32135 "http://www.handwritinginsights.com/lesson.html" "Mozilla/4.0 (compatible; MSIE 8.0; Windows NT 5.1; Trident/4.0; GTB6.6; .NET CLR 1.1.4322; .NET CLR 2.0.50727; .NET CLR 3.0.4506.2152; .NET CLR 3.5.30729; eSobiSubscriber 2.0.4.16)"
117.201.225.55 - - [18/May/2011:04:01:37 -0700] "GET /rw_common/themes/simple/css/styles/vibrant_pink.css HTTP/1.1" 200 276 "http://www.handwritinginsights.com/lesson.html" "Mozilla/5.0 (Windows NT 5.1) AppleWebKit/534.24 (KHTML, like Gecko) Chrome/11.0.696.68 Safari/534.24"
117.201.225.55 - - [18/May/2011:04:01:38 -0700] "GET /rw_common/themes/simple/print.css HTTP/1.1" 200 3818 "http://www.handwritinginsights.com/lesson.html" "Mozilla/5.0 (Windows NT 5.1) AppleWebKit/534.24 (KHTML, like Gecko) Chrome/11.0.696.68 Safari/534.24"
117.201.225.55 - - [18/May/2011:04:01:38 -0700] "GET /rw_common/themes/simple/handheld.css HTTP/1.1" 200 6005 "http://www.handwritinginsights.com/lesson.html" "Mozilla/5.0 (Windows NT 5.1) AppleWebKit/534.24 (KHTML, like Gecko) Chrome/11.0.696.68 Safari/534.24"
117.201.225.55 - - [18/May/2011:04:01:38 -0700] "GET /favicon.ico HTTP/1.1" 404 217 "-" "Mozilla/5.0 (Windows NT 5.1) AppleWebKit/534.24 (KHTML, like Gecko) Chrome/11.0.696.68 Safari/534.24"
117.201.225.55 - - [18/May/2011:04:01:38 -0700] "GET /rw_common/themes/simple/css/width/width_1000.css HTTP/1.1" 200 30 "http://www.handwritinginsights.com/lesson.html" "Mozilla/5.0 (Windows NT 5.1) AppleWebKit/534.24 (KHTML, like Gecko) Chrome/11.0.696.68 Safari/534.24"
117.201.225.55 - - [18/May/2011:04:01:38 -0700] "GET /rw_common/themes/simple/javascript.js HTTP/1.1" 200 14608 "http://www.handwritinginsights.com/lesson.html" "Mozilla/5.0 (Windows NT 5.1) AppleWebKit/534.24 (KHTML, like Gecko) Chrome/11.0.696.68 Safari/534.24"
117.201.225.55 - - [18/May/2011:04:01:39 -0700] "GET /rw_common/themes/simple/images/button_normal.png HTTP/1.1" 200 192 "http://www.handwritinginsights.com/lesson.html" "Mozilla/5.0 (Windows NT 5.1) AppleWebKit/534.24 (KHTML, like Gecko) Chrome/11.0.696.68 Safari/534.24"
117.201.225.55 - - [18/May/2011:04:01:39 -0700] "GET /rw_common/themes/simple/images/button_down.png HTTP/1.1" 200 196 "http://www.handwritinginsights.com/lesson.html" "Mozilla/5.0 (Windows NT 5.1) AppleWebKit/534.24 (KHTML, like Gecko) Chrome/11.0.696.68 Safari/534.24"
117.201.225.55 - - [18/May/2011:04:01:39 -0700] "GET /rw_common/images/Untitled-2.jpg HTTP/1.1" 200 32135 "http://www.handwritinginsights.com/lesson.html" "Mozilla/5.0 (Windows NT 5.1) AppleWebKit/534.24 (KHTML, like Gecko) Chrome/11.0.696.68 Safari/534.24"
117.201.225.55 - - [18/May/2011:04:01:40 -0700] "GET /lesson_files/page5_3.jpg HTTP/1.1" 200 29890 "http://www.handwritinginsights.com/lesson.html" "Mozilla/5.0 (Windows NT 5.1) AppleWebKit/534.24 (KHTML, like Gecko) Chrome/11.0.696.68 Safari/534.24"
117.201.225.55 - - [18/May/2011:04:01:40 -0700] "GET /lesson_files/page5_5.jpg HTTP/1.1" 200 39256 "http://www.handwritinginsights.com/lesson.html" "Mozilla/5.0 (Windows NT 5.1) AppleWebKit/534.24 (KHTML, like Gecko) Chrome/11.0.696.68 Safari/534.24"
117.201.225.55 - - [18/May/2011:04:01:40 -0700] "GET /rw_common/themes/simple/images/header_bg.png HTTP/1.1" 200 155 "http://www.handwritinginsights.com/lesson.html" "Mozilla/5.0 (Windows NT 5.1) AppleWebKit/534.24 (KHTML, like Gecko) Chrome/11.0.696.68 Safari/534.24"
117.201.225.55 - - [18/May/2011:04:01:40 -0700] "GET /lesson_files/page5_1.jpg HTTP/1.1" 200 27598 "http://www.handwritinginsights.com/lesson.html" "Mozilla/5.0 (Windows NT 5.1) AppleWebKit/534.24 (KHTML, like Gecko) Chrome/11.0.696.68 Safari/534.24"
117.201.225.55 - - [18/May/2011:04:01:41 -0700] "GET /lesson_files/page5_7.jpg HTTP/1.1" 200 44580 "http://www.handwritinginsights.com/lesson.html" "Mozilla/5.0 (Windows NT 5.1) AppleWebKit/534.24 (KHTML, like Gecko) Chrome/11.0.696.68 Safari/534.24"
117.201.225.55 - - [18/May/2011:04:01:41 -0700] "GET /lesson_files/page5_6.jpg HTTP/1.1" 200 114115 "http://www.handwritinginsights.com/lesson.html" "Mozilla/5.0 (Windows NT 5.1) AppleWebKit/534.24 (KHTML, like Gecko) Chrome/11.0.696.68 Safari/534.24"
117.201.225.55 - - [18/May/2011:04:01:41 -0700] "GET /lesson_files/page5_4.jpg HTTP/1.1" 200 106714 "http://www.handwritinginsights.com/lesson.html" "Mozilla/5.0 (Windows NT 5.1) AppleWebKit/534.24 (KHTML, like Gecko) Chrome/11.0.696.68 Safari/534.24"
117.201.225.55 - - [18/May/2011:04:01:41 -0700] "GET /lesson_files/page5_2.jpg HTTP/1.1" 200 100885 "http://www.handwritinginsights.com/lesson.html" "Mozilla/5.0 (Windows NT 5.1) AppleWebKit/534.24 (KHTML, like Gecko) Chrome/11.0.696.68 Safari/534.24"
117.201.225.55 - - [18/May/2011:04:01:44 -0700] "GET /lesson_files/page5_8.jpg HTTP/1.1" 200 47824 "http://www.handwritinginsights.com/lesson.html" "Mozilla/5.0 (Windows NT 5.1) AppleWebKit/534.24 (KHTML, like Gecko) Chrome/11.0.696.68 Safari/534.24"
59.161.11.90 - - [18/May/2011:04:01:45 -0700] "GET /lesson_files/page5_4.jpg HTTP/1.1" 200 106714 "http://www.handwritinginsights.com/lesson.html" "Mozilla/4.0 (compatible; MSIE 8.0; Windows NT 5.1; Trident/4.0; GTB6.6; .NET CLR 1.1.4322; .NET CLR 2.0.50727; .NET CLR 3.0.4506.2152; .NET CLR 3.5.30729; eSobiSubscriber 2.0.4.16)"
117.201.225.55 - - [18/May/2011:04:01:47 -0700] "GET /lesson_files/page5_10.jpg HTTP/1.1" 200 51695 "http://www.handwritinginsights.com/lesson.html" "Mozilla/5.0 (Windows NT 5.1) AppleWebKit/534.24 (KHTML, like Gecko) Chrome/11.0.696.68 Safari/534.24"
117.201.225.55 - - [18/May/2011:04:01:48 -0700] "GET /index_files/page0_1.jpg HTTP/1.1" 200 10960 "http://www.handwritinginsights.com/" "Mozilla/5.0 (Windows NT 5.1) AppleWebKit/534.24 (KHTML, like Gecko) Chrome/11.0.696.68 Safari/534.24"
59.161.11.90 - - [18/May/2011:04:01:50 -0700] "GET /lesson_files/page5_5.jpg HTTP/1.1" 200 39256 "http://www.handwritinginsights.com/lesson.html" "Mozilla/4.0 (compatible; MSIE 8.0; Windows NT 5.1; Trident/4.0; GTB6.6; .NET CLR 1.1.4322; .NET CLR 2.0.50727; .NET CLR 3.0.4506.2152; .NET CLR 3.5.30729; eSobiSubscriber 2.0.4.16)"
117.201.225.55 - - [18/May/2011:04:01:52 -0700] "GET /index_files/page0_2.jpg HTTP/1.1" 200 64940 "http://www.handwritinginsights.com/" "Mozilla/5.0 (Windows NT 5.1) AppleWebKit/534.24 (KHTML, like Gecko) Chrome/11.0.696.68 Safari/534.24"
59.161.11.90 - - [18/May/2011:04:01:53 -0700] "GET /lesson_files/page5_2.jpg HTTP/1.1" 200 100885 "http://www.handwritinginsights.com/lesson.html" "Mozilla/4.0 (compatible; MSIE 8.0; Windows NT 5.1; Trident/4.0; GTB6.6; .NET CLR 1.1.4322; .NET CLR 2.0.50727; .NET CLR 3.0.4506.2152; .NET CLR 3.5.30729; eSobiSubscriber 2.0.4.16)"
117.201.225.55 - - [18/May/2011:04:01:55 -0700] "GET /index_files/page0_3.jpg HTTP/1.1" 200 93261 "http://www.handwritinginsights.com/" "Mozilla/5.0 (Windows NT 5.1) AppleWebKit/534.24 (KHTML, like Gecko) Chrome/11.0.696.68 Safari/534.24"
117.201.225.55 - - [18/May/2011:04:01:58 -0700] "GET /lesson_files/page5_9.jpg HTTP/1.1" 200 164364 "http://www.handwritinginsights.com/lesson.html" "Mozilla/5.0 (Windows NT 5.1) AppleWebKit/534.24 (KHTML, like Gecko) Chrome/11.0.696.68 Safari/534.24"
117.201.225.55 - - [18/May/2011:04:02:01 -0700] "GET /index_files/page0_7.jpg HTTP/1.1" 200 51695 "http://www.handwritinginsights.com/" "Mozilla/5.0 (Windows NT 5.1) AppleWebKit/534.24 (KHTML, like Gecko) Chrome/11.0.696.68 Safari/534.24"
117.201.225.55 - - [18/May/2011:04:02:04 -0700] "GET /favicon.ico HTTP/1.1" 404 217 "-" "Mozilla/5.0 (Windows NT 5.1) AppleWebKit/534.24 (KHTML, like Gecko) Chrome/11.0.696.68 Safari/534.24"
117.201.225.55 - - [18/May/2011:04:02:05 -0700] "GET /index_files/page0_4.jpg HTTP/1.1" 200 100463 "http://www.handwritinginsights.com/" "Mozilla/5.0 (Windows NT 5.1) AppleWebKit/534.24 (KHTML, like Gecko) Chrome/11.0.696.68 Safari/534.24"
59.161.11.90 - - [18/May/2011:04:02:05 -0700] "GET /lesson_files/page5_6.jpg HTTP/1.1" 200 114115 "http://www.handwritinginsights.com/lesson.html" "Mozilla/4.0 (compatible; MSIE 8.0; Windows NT 5.1; Trident/4.0; GTB6.6; .NET CLR 1.1.4322; .NET CLR 2.0.50727; .NET CLR 3.0.4506.2152; .NET CLR 3.5.30729; eSobiSubscriber 2.0.4.16)"
117.201.225.55 - - [18/May/2011:04:02:05 -0700] "GET /index_files/page0_5.jpg HTTP/1.1" 200 108875 "http://www.handwritinginsights.com/" "Mozilla/5.0 (Windows NT 5.1) AppleWebKit/534.24 (KHTML, like Gecko) Chrome/11.0.696.68 Safari/534.24"
59.161.11.90 - - [18/May/2011:04:02:08 -0700] "GET /lesson_files/page5_9.jpg HTTP/1.1" 200 164364 "http://www.handwritinginsights.com/lesson.html" "Mozilla/4.0 (compatible; MSIE 8.0; Windows NT 5.1; Trident/4.0; GTB6.6; .NET CLR 1.1.4322; .NET CLR 2.0.50727; .NET CLR 3.0.4506.2152; .NET CLR 3.5.30729; eSobiSubscriber 2.0.4.16)"
59.161.11.90 - - [18/May/2011:04:02:16 -0700] "GET /lesson_files/page5_10.jpg HTTP/1.1" 200 51695 "http://www.handwritinginsights.com/lesson.html" "Mozilla/4.0 (compatible; MSIE 8.0; Windows NT 5.1; Trident/4.0; GTB6.6; .NET CLR 1.1.4322; .NET CLR 2.0.50727; .NET CLR 3.0.4506.2152; .NET CLR 3.5.30729; eSobiSubscriber 2.0.4.16)"
117.201.225.55 - - [18/May/2011:04:02:17 -0700] "GET /index_files/page0_6.jpg HTTP/1.1" 200 243962 "http://www.handwritinginsights.com/" "Mozilla/5.0 (Windows NT 5.1) AppleWebKit/534.24 (KHTML, like Gecko) Chrome/11.0.696.68 Safari/534.24"
59.161.11.90 - - [18/May/2011:04:02:18 -0700] "GET /lesson_files/page5_8.jpg HTTP/1.1" 200 47824 "http://www.handwritinginsights.com/lesson.html" "Mozilla/4.0 (compatible; MSIE 8.0; Windows NT 5.1; Trident/4.0; GTB6.6; .NET CLR 1.1.4322; .NET CLR 2.0.50727; .NET CLR 3.0.4506.2152; .NET CLR 3.5.30729; eSobiSubscriber 2.0.4.16)"
59.161.11.90 - - [18/May/2011:04:02:25 -0700] "GET /rw_common/themes/simple/images/button_down.png HTTP/1.1" 200 196 "http://www.handwritinginsights.com/lesson.html" "Mozilla/4.0 (compatible; MSIE 8.0; Windows NT 5.1; Trident/4.0; GTB6.6; .NET CLR 1.1.4322; .NET CLR 2.0.50727; .NET CLR 3.0.4506.2152; .NET CLR 3.5.30729; eSobiSubscriber 2.0.4.16)"
59.161.11.90 - - [18/May/2011:04:02:25 -0700] "GET /rw_common/themes/simple/images/header_bg.png HTTP/1.1" 200 155 "http://www.handwritinginsights.com/lesson.html" "Mozilla/4.0 (compatible; MSIE 8.0; Windows NT 5.1; Trident/4.0; GTB6.6; .NET CLR 1.1.4322; .NET CLR 2.0.50727; .NET CLR 3.0.4506.2152; .NET CLR 3.5.30729; eSobiSubscriber 2.0.4.16)"
59.161.11.90 - - [18/May/2011:04:02:26 -0700] "GET /lesson_files/page5_3.jpg HTTP/1.1" 200 29890 "http://www.handwritinginsights.com/lesson.html" "Mozilla/4.0 (compatible; MSIE 8.0; Windows NT 5.1; Trident/4.0; GTB6.6; .NET CLR 1.1.4322; .NET CLR 2.0.50727; .NET CLR 3.0.4506.2152; .NET CLR 3.5.30729; eSobiSubscriber 2.0.4.16)"
59.161.11.90 - - [18/May/2011:04:02:27 -0700] "GET /lesson_files/page5_7.jpg HTTP/1.1" 200 44580 "http://www.handwritinginsights.com/lesson.html" "Mozilla/4.0 (compatible; MSIE 8.0; Windows NT 5.1; Trident/4.0; GTB6.6; .NET CLR 1.1.4322; .NET CLR 2.0.50727; .NET CLR 3.0.4506.2152; .NET CLR 3.5.30729; eSobiSubscriber 2.0.4.16)"
59.161.11.90 - - [18/May/2011:04:02:30 -0700] "GET /rw_common/themes/simple/images/button_normal.png HTTP/1.1" 200 192 "http://www.handwritinginsights.com/lesson.html" "Mozilla/4.0 (compatible; MSIE 8.0; Windows NT 5.1; Trident/4.0; GTB6.6; .NET CLR 1.1.4322; .NET CLR 2.0.50727; .NET CLR 3.0.4506.2152; .NET CLR 3.5.30729; eSobiSubscriber 2.0.4.16)"
65.52.33.6 - - [18/May/2011:04:02:33 -0700] "GET /JobSkills2.html HTTP/1.1" 200 32756 "-" "-"
59.161.11.90 - - [18/May/2011:04:02:33 -0700] "GET /favicon.ico HTTP/1.1" 404 217 "-" "Mozilla/4.0 (compatible; MSIE 8.0; Windows NT 5.1; Trident/4.0; GTB6.6; .NET CLR 1.1.4322; .NET CLR 2.0.50727; .NET CLR 3.0.4506.2152; .NET CLR 3.5.30729; eSobiSubscriber 2.0.4.16)"
14.99.88.92 - - [18/May/2011:04:03:06 -0700] "GET / HTTP/1.1" 200 32293 "http://www.google.co.in/url?sa=t&source=web&cd=9&ved=0CD0QFjAI&url=http%3A%2F%2Fwww.handwritinginsights.com%2F&rct=j&q=handwriting%20analysis&ei=oKTTTfjAK4m3rAfM4d2uCQ&usg=AFQjCNEICSJoJkVMgTFu2A41Q60rJogRmw" "Mozilla/4.0 (compatible; MSIE 8.0; Windows NT 6.1; WOW64; Trident/4.0; SLCC2; .NET CLR 2.0.50727; .NET CLR 3.5.30729; .NET CLR 3.0.30729; InfoPath.2; .NET4.0C)"
14.99.88.92 - - [18/May/2011:04:03:07 -0700] "GET /rw_common/themes/simple/styles.css HTTP/1.1" 200 13520 "http://www.handwritinginsights.com/" "Mozilla/4.0 (compatible; MSIE 8.0; Windows NT 6.1; WOW64; Trident/4.0; SLCC2; .NET CLR 2.0.50727; .NET CLR 3.5.30729; .NET CLR 3.0.30729; InfoPath.2; .NET4.0C)"
14.99.88.92 - - [18/May/2011:04:03:09 -0700] "GET /rw_common/themes/simple/print.css HTTP/1.1" 200 3818 "http://www.handwritinginsights.com/" "Mozilla/4.0 (compatible; MSIE 8.0; Windows NT 6.1; WOW64; Trident/4.0; SLCC2; .NET CLR 2.0.50727; .NET CLR 3.5.30729; .NET CLR 3.0.30729; InfoPath.2; .NET4.0C)"
14.99.88.92 - - [18/May/2011:04:03:09 -0700] "GET /rw_common/themes/simple/css/styles/vibrant_pink.css HTTP/1.1" 200 276 "http://www.handwritinginsights.com/" "Mozilla/4.0 (compatible; MSIE 8.0; Windows NT 6.1; WOW64; Trident/4.0; SLCC2; .NET CLR 2.0.50727; .NET CLR 3.5.30729; .NET CLR 3.0.30729; InfoPath.2; .NET4.0C)"
14.99.88.92 - - [18/May/2011:04:03:09 -0700] "GET /rw_common/themes/simple/handheld.css HTTP/1.1" 200 6005 "http://www.handwritinginsights.com/" "Mozilla/4.0 (compatible; MSIE 8.0; Windows NT 6.1; WOW64; Trident/4.0; SLCC2; .NET CLR 2.0.50727; .NET CLR 3.5.30729; .NET CLR 3.0.30729; InfoPath.2; .NET4.0C)"
14.99.88.92 - - [18/May/2011:04:03:10 -0700] "GET /rw_common/themes/simple/css/width/width_1000.css HTTP/1.1" 200 30 "http://www.handwritinginsights.com/" "Mozilla/4.0 (compatible; MSIE 8.0; Windows NT 6.1; WOW64; Trident/4.0; SLCC2; .NET CLR 2.0.50727; .NET CLR 3.5.30729; .NET CLR 3.0.30729; InfoPath.2; .NET4.0C)"
14.99.88.92 - - [18/May/2011:04:03:10 -0700] "GET /rw_common/themes/simple/css/sidebar/sidebar_left.css HTTP/1.1" 200 99 "http://www.handwritinginsights.com/" "Mozilla/4.0 (compatible; MSIE 8.0; Windows NT 6.1; WOW64; Trident/4.0; SLCC2; .NET CLR 2.0.50727; .NET CLR 3.5.30729; .NET CLR 3.0.30729; InfoPath.2; .NET4.0C)"
14.99.88.92 - - [18/May/2011:04:03:11 -0700] "GET /rw_common/themes/simple/javascript.js HTTP/1.1" 200 14608 "http://www.handwritinginsights.com/" "Mozilla/4.0 (compatible; MSIE 8.0; Windows NT 6.1; WOW64; Trident/4.0; SLCC2; .NET CLR 2.0.50727; .NET CLR 3.5.30729; .NET CLR 3.0.30729; InfoPath.2; .NET4.0C)"
14.99.88.92 - - [18/May/2011:04:03:12 -0700] "GET /index_files/page0_1.jpg HTTP/1.1" 200 10960 "http://www.handwritinginsights.com/" "Mozilla/4.0 (compatible; MSIE 8.0; Windows NT 6.1; WOW64; Trident/4.0; SLCC2; .NET CLR 2.0.50727; .NET CLR 3.5.30729; .NET CLR 3.0.30729; InfoPath.2; .NET4.0C)"
14.99.88.92 - - [18/May/2011:04:03:12 -0700] "GET /rw_common/images/Untitled-2.jpg HTTP/1.1" 200 32135 "http://www.handwritinginsights.com/" "Mozilla/4.0 (compatible; MSIE 8.0; Windows NT 6.1; WOW64; Trident/4.0; SLCC2; .NET CLR 2.0.50727; .NET CLR 3.5.30729; .NET CLR 3.0.30729; InfoPath.2; .NET4.0C)"
14.99.88.92 - - [18/May/2011:04:03:14 -0700] "GET /index_files/page0_2.jpg HTTP/1.1" 200 64940 "http://www.handwritinginsights.com/" "Mozilla/4.0 (compatible; MSIE 8.0; Windows NT 6.1; WOW64; Trident/4.0; SLCC2; .NET CLR 2.0.50727; .NET CLR 3.5.30729; .NET CLR 3.0.30729; InfoPath.2; .NET4.0C)"
14.99.88.92 - - [18/May/2011:04:03:19 -0700] "GET /index_files/page0_4.jpg HTTP/1.1" 200 100463 "http://www.handwritinginsights.com/" "Mozilla/4.0 (compatible; MSIE 8.0; Windows NT 6.1; WOW64; Trident/4.0; SLCC2; .NET CLR 2.0.50727; .NET CLR 3.5.30729; .NET CLR 3.0.30729; InfoPath.2; .NET4.0C)"
14.99.88.92 - - [18/May/2011:04:03:19 -0700] "GET /index_files/page0_3.jpg HTTP/1.1" 200 93261 "http://www.handwritinginsights.com/" "Mozilla/4.0 (compatible; MSIE 8.0; Windows NT 6.1; WOW64; Trident/4.0; SLCC2; .NET CLR 2.0.50727; .NET CLR 3.5.30729; .NET CLR 3.0.30729; InfoPath.2; .NET4.0C)"
14.99.88.92 - - [18/May/2011:04:03:23 -0700] "GET /index_files/page0_5.jpg HTTP/1.1" 200 108875 "http://www.handwritinginsights.com/" "Mozilla/4.0 (compatible; MSIE 8.0; Windows NT 6.1; WOW64; Trident/4.0; SLCC2; .NET CLR 2.0.50727; .NET CLR 3.5.30729; .NET CLR 3.0.30729; InfoPath.2; .NET4.0C)"
14.99.88.92 - - [18/May/2011:04:03:29 -0700] "GET /index_files/page0_7.jpg HTTP/1.1" 200 51695 "http://www.handwritinginsights.com/" "Mozilla/4.0 (compatible; MSIE 8.0; Windows NT 6.1; WOW64; Trident/4.0; SLCC2; .NET CLR 2.0.50727; .NET CLR 3.5.30729; .NET CLR 3.0.30729; InfoPath.2; .NET4.0C)"
14.99.88.92 - - [18/May/2011:04:03:29 -0700] "GET /index_files/page0_6.jpg HTTP/1.1" 200 243962 "http://www.handwritinginsights.com/" "Mozilla/4.0 (compatible; MSIE 8.0; Windows NT 6.1; WOW64; Trident/4.0; SLCC2; .NET CLR 2.0.50727; .NET CLR 3.5.30729; .NET CLR 3.0.30729; InfoPath.2; .NET4.0C)"
14.99.88.92 - - [18/May/2011:04:03:31 -0700] "GET /rw_common/themes/simple/images/header_bg.png HTTP/1.1" 200 155 "http://www.handwritinginsights.com/" "Mozilla/4.0 (compatible; MSIE 8.0; Windows NT 6.1; WOW64; Trident/4.0; SLCC2; .NET CLR 2.0.50727; .NET CLR 3.5.30729; .NET CLR 3.0.30729; InfoPath.2; .NET4.0C)"
14.99.88.92 - - [18/May/2011:04:03:33 -0700] "GET /rw_common/themes/simple/images/button_down.png HTTP/1.1" 200 196 "http://www.handwritinginsights.com/" "Mozilla/4.0 (compatible; MSIE 8.0; Windows NT 6.1; WOW64; Trident/4.0; SLCC2; .NET CLR 2.0.50727; .NET CLR 3.5.30729; .NET CLR 3.0.30729; InfoPath.2; .NET4.0C)"
14.99.88.92 - - [18/May/2011:04:03:33 -0700] "GET /rw_common/themes/simple/images/button_normal.png HTTP/1.1" 200 192 "http://www.handwritinginsights.com/" "Mozilla/4.0 (compatible; MSIE 8.0; Windows NT 6.1; WOW64; Trident/4.0; SLCC2; .NET CLR 2.0.50727; .NET CLR 3.5.30729; .NET CLR 3.0.30729; InfoPath.2; .NET4.0C)"
14.99.88.92 - - [18/May/2011:04:03:35 -0700] "GET /favicon.ico HTTP/1.1" 404 217 "-" "Mozilla/4.0 (compatible; MSIE 8.0; Windows NT 6.1; WOW64; Trident/4.0; SLCC2; .NET CLR 2.0.50727; .NET CLR 3.5.30729; .NET CLR 3.0.30729; InfoPath.2; .NET4.0C)"
207.46.204.187 - - [18/May/2011:04:04:31 -0700] "GET /robots.txt HTTP/1.1" 404 216 "-" "Mozilla/5.0 (compatible; bingbot/2.0; +http://www.bing.com/bingbot.htm)"
98.238.114.215 - - [18/May/2011:04:04:56 -0700] "GET /rw_common/themes/simple/css/styles/vibrant_pink.css HTTP/1.1" 200 276 "http://www.handwritinginsights.com/lesson.html" "Mozilla/5.0 (iPad; U; CPU OS 4_3_2 like Mac OS X; en-us) AppleWebKit/533.17.9 (KHTML, like Gecko) Version/5.0.2 Mobile/8H7 Safari/6533.18.5"
98.238.114.215 - - [18/May/2011:04:04:56 -0700] "GET /rw_common/themes/simple/handheld.css HTTP/1.1" 200 6005 "http://www.handwritinginsights.com/lesson.html" "Mozilla/5.0 (iPad; U; CPU OS 4_3_2 like Mac OS X; en-us) AppleWebKit/533.17.9 (KHTML, like Gecko) Version/5.0.2 Mobile/8H7 Safari/6533.18.5"
98.238.114.215 - - [18/May/2011:04:04:56 -0700] "GET /rw_common/themes/simple/styles.css HTTP/1.1" 200 13520 "http://www.handwritinginsights.com/lesson.html" "Mozilla/5.0 (iPad; U; CPU OS 4_3_2 like Mac OS X; en-us) AppleWebKit/533.17.9 (KHTML, like Gecko) Version/5.0.2 Mobile/8H7 Safari/6533.18.5"
98.238.114.215 - - [18/May/2011:04:04:56 -0700] "GET /rw_common/themes/simple/print.css HTTP/1.1" 200 3818 "http://www.handwritinginsights.com/lesson.html" "Mozilla/5.0 (iPad; U; CPU OS 4_3_2 like Mac OS X; en-us) AppleWebKit/533.17.9 (KHTML, like Gecko) Version/5.0.2 Mobile/8H7 Safari/6533.18.5"
98.238.114.215 - - [18/May/2011:04:04:56 -0700] "GET /rw_common/themes/simple/css/width/width_1000.css HTTP/1.1" 200 30 "http://www.handwritinginsights.com/lesson.html" "Mozilla/5.0 (iPad; U; CPU OS 4_3_2 like Mac OS X; en-us) AppleWebKit/533.17.9 (KHTML, like Gecko) Version/5.0.2 Mobile/8H7 Safari/6533.18.5"
98.238.114.215 - - [18/May/2011:04:04:56 -0700] "GET /rw_common/themes/simple/css/sidebar/sidebar_left.css HTTP/1.1" 200 99 "http://www.handwritinginsights.com/lesson.html" "Mozilla/5.0 (iPad; U; CPU OS 4_3_2 like Mac OS X; en-us) AppleWebKit/533.17.9 (KHTML, like Gecko) Version/5.0.2 Mobile/8H7 Safari/6533.18.5"
98.238.114.215 - - [18/May/2011:04:04:56 -0700] "GET /rw_common/themes/simple/javascript.js HTTP/1.1" 200 14608 "http://www.handwritinginsights.com/lesson.html" "Mozilla/5.0 (iPad; U; CPU OS 4_3_2 like Mac OS X; en-us) AppleWebKit/533.17.9 (KHTML, like Gecko) Version/5.0.2 Mobile/8H7 Safari/6533.18.5"
98.238.114.215 - - [18/May/2011:04:04:56 -0700] "GET /lesson.html HTTP/1.1" 200 48485 "http://www.google.com/url?sa=t&source=web&cd=3&ved=0CC4QFjAC&url=http%3A%2F%2Fwww.handwritinginsights.com%2Flesson.html&rct=j&q=how%20to%20analyze%20handwriting&ei=xqfTTdPdEIL50gHPyv2ADA&usg=AFQjCNEaECenqn9dIy5po79n-pez1l82SQ" "Mozilla/5.0 (iPad; U; CPU OS 4_3_2 like Mac OS X; en-us) AppleWebKit/533.17.9 (KHTML, like Gecko) Version/5.0.2 Mobile/8H7 Safari/6533.18.5"
98.238.114.215 - - [18/May/2011:04:04:57 -0700] "GET /rw_common/images/Untitled-2.jpg HTTP/1.1" 200 32135 "http://www.handwritinginsights.com/lesson.html" "Mozilla/5.0 (iPad; U; CPU OS 4_3_2 like Mac OS X; en-us) AppleWebKit/533.17.9 (KHTML, like Gecko) Version/5.0.2 Mobile/8H7 Safari/6533.18.5"
98.238.114.215 - - [18/May/2011:04:04:57 -0700] "GET /lesson_files/page5_7.jpg HTTP/1.1" 200 44580 "http://www.handwritinginsights.com/lesson.html" "Mozilla/5.0 (iPad; U; CPU OS 4_3_2 like Mac OS X; en-us) AppleWebKit/533.17.9 (KHTML, like Gecko) Version/5.0.2 Mobile/8H7 Safari/6533.18.5"
98.238.114.215 - - [18/May/2011:04:04:57 -0700] "GET /rw_common/themes/simple/images/header_bg.png HTTP/1.1" 200 155 "http://www.handwritinginsights.com/lesson.html" "Mozilla/5.0 (iPad; U; CPU OS 4_3_2 like Mac OS X; en-us) AppleWebKit/533.17.9 (KHTML, like Gecko) Version/5.0.2 Mobile/8H7 Safari/6533.18.5"
98.238.114.215 - - [18/May/2011:04:04:57 -0700] "GET /lesson_files/page5_3.jpg HTTP/1.1" 200 29890 "http://www.handwritinginsights.com/lesson.html" "Mozilla/5.0 (iPad; U; CPU OS 4_3_2 like Mac OS X; en-us) AppleWebKit/533.17.9 (KHTML, like Gecko) Version/5.0.2 Mobile/8H7 Safari/6533.18.5"
98.238.114.215 - - [18/May/2011:04:04:57 -0700] "GET /lesson_files/page5_5.jpg HTTP/1.1" 200 39256 "http://www.handwritinginsights.com/lesson.html" "Mozilla/5.0 (iPad; U; CPU OS 4_3_2 like Mac OS X; en-us) AppleWebKit/533.17.9 (KHTML, like Gecko) Version/5.0.2 Mobile/8H7 Safari/6533.18.5"
98.238.114.215 - - [18/May/2011:04:04:57 -0700] "GET /lesson_files/page5_1.jpg HTTP/1.1" 200 27598 "http://www.handwritinginsights.com/lesson.html" "Mozilla/5.0 (iPad; U; CPU OS 4_3_2 like Mac OS X; en-us) AppleWebKit/533.17.9 (KHTML, like Gecko) Version/5.0.2 Mobile/8H7 Safari/6533.18.5"
98.238.114.215 - - [18/May/2011:04:04:57 -0700] "GET /rw_common/themes/simple/images/button_normal.png HTTP/1.1" 200 192 "http://www.handwritinginsights.com/lesson.html" "Mozilla/5.0 (iPad; U; CPU OS 4_3_2 like Mac OS X; en-us) AppleWebKit/533.17.9 (KHTML, like Gecko) Version/5.0.2 Mobile/8H7 Safari/6533.18.5"
98.238.114.215 - - [18/May/2011:04:04:57 -0700] "GET /rw_common/themes/simple/images/button_down.png HTTP/1.1" 200 196 "http://www.handwritinginsights.com/lesson.html" "Mozilla/5.0 (iPad; U; CPU OS 4_3_2 like Mac OS X; en-us) AppleWebKit/533.17.9 (KHTML, like Gecko) Version/5.0.2 Mobile/8H7 Safari/6533.18.5"
98.238.114.215 - - [18/May/2011:04:04:58 -0700] "GET /lesson_files/page5_10.jpg HTTP/1.1" 200 51695 "http://www.handwritinginsights.com/lesson.html" "Mozilla/5.0 (iPad; U; CPU OS 4_3_2 like Mac OS X; en-us) AppleWebKit/533.17.9 (KHTML, like Gecko) Version/5.0.2 Mobile/8H7 Safari/6533.18.5"
98.238.114.215 - - [18/May/2011:04:04:58 -0700] "GET /lesson_files/page5_6.jpg HTTP/1.1" 200 114115 "http://www.handwritinginsights.com/lesson.html" "Mozilla/5.0 (iPad; U; CPU OS 4_3_2 like Mac OS X; en-us) AppleWebKit/533.17.9 (KHTML, like Gecko) Version/5.0.2 Mobile/8H7 Safari/6533.18.5"
98.238.114.215 - - [18/May/2011:04:04:58 -0700] "GET /lesson_files/page5_9.jpg HTTP/1.1" 200 164364 "http://www.handwritinginsights.com/lesson.html" "Mozilla/5.0 (iPad; U; CPU OS 4_3_2 like Mac OS X; en-us) AppleWebKit/533.17.9 (KHTML, like Gecko) Version/5.0.2 Mobile/8H7 Safari/6533.18.5"
98.238.114.215 - - [18/May/2011:04:04:58 -0700] "GET /lesson_files/page5_4.jpg HTTP/1.1" 200 106714 "http://www.handwritinginsights.com/lesson.html" "Mozilla/5.0 (iPad; U; CPU OS 4_3_2 like Mac OS X; en-us) AppleWebKit/533.17.9 (KHTML, like Gecko) Version/5.0.2 Mobile/8H7 Safari/6533.18.5"
98.238.114.215 - - [18/May/2011:04:04:58 -0700] "GET /lesson_files/page5_8.jpg HTTP/1.1" 200 47824 "http://www.handwritinginsights.com/lesson.html" "Mozilla/5.0 (iPad; U; CPU OS 4_3_2 like Mac OS X; en-us) AppleWebKit/533.17.9 (KHTML, like Gecko) Version/5.0.2 Mobile/8H7 Safari/6533.18.5"
98.238.114.215 - - [18/May/2011:04:04:59 -0700] "GET /lesson_files/page5_2.jpg HTTP/1.1" 200 100885 "http://www.handwritinginsights.com/lesson.html" "Mozilla/5.0 (iPad; U; CPU OS 4_3_2 like Mac OS X; en-us) AppleWebKit/533.17.9 (KHTML, like Gecko) Version/5.0.2 Mobile/8H7 Safari/6533.18.5"
207.46.204.187 - - [18/May/2011:04:05:19 -0700] "GET /contacts.html HTTP/1.1" 304 - "-" "Mozilla/5.0 (compatible; bingbot/2.0; +http://www.bing.com/bingbot.htm)"
98.238.114.215 - - [18/May/2011:04:07:36 -0700] "GET /declaration.htm HTTP/1.1" 200 14859 "http://www.handwritinginsights.com/lesson.html" "Mozilla/5.0 (iPad; U; CPU OS 4_3_2 like Mac OS X; en-us) AppleWebKit/533.17.9 (KHTML, like Gecko) Version/5.0.2 Mobile/8H7 Safari/6533.18.5"
98.238.114.215 - - [18/May/2011:04:07:37 -0700] "GET /declaration_files/page8_5.jpg HTTP/1.1" 200 51695 "http://www.handwritinginsights.com/declaration.htm" "Mozilla/5.0 (iPad; U; CPU OS 4_3_2 like Mac OS X; en-us) AppleWebKit/533.17.9 (KHTML, like Gecko) Version/5.0.2 Mobile/8H7 Safari/6533.18.5"
98.238.114.215 - - [18/May/2011:04:07:37 -0700] "GET /declaration_files/page8_3.jpg HTTP/1.1" 200 108875 "http://www.handwritinginsights.com/declaration.htm" "Mozilla/5.0 (iPad; U; CPU OS 4_3_2 like Mac OS X; en-us) AppleWebKit/533.17.9 (KHTML, like Gecko) Version/5.0.2 Mobile/8H7 Safari/6533.18.5"
98.238.114.215 - - [18/May/2011:04:07:38 -0700] "GET /declaration_files/page8_4.jpg HTTP/1.1" 200 243962 "http://www.handwritinginsights.com/declaration.htm" "Mozilla/5.0 (iPad; U; CPU OS 4_3_2 like Mac OS X; en-us) AppleWebKit/533.17.9 (KHTML, like Gecko) Version/5.0.2 Mobile/8H7 Safari/6533.18.5"
98.238.114.215 - - [18/May/2011:04:07:38 -0700] "GET /declaration_files/page8_2.jpg HTTP/1.1" 200 100463 "http://www.handwritinginsights.com/declaration.htm" "Mozilla/5.0 (iPad; U; CPU OS 4_3_2 like Mac OS X; en-us) AppleWebKit/533.17.9 (KHTML, like Gecko) Version/5.0.2 Mobile/8H7 Safari/6533.18.5"
98.238.114.215 - - [18/May/2011:04:07:39 -0700] "GET /declaration_files/page8_1.jpg HTTP/1.1" 200 489468 "http://www.handwritinginsights.com/declaration.htm" "Mozilla/5.0 (iPad; U; CPU OS 4_3_2 like Mac OS X; en-us) AppleWebKit/533.17.9 (KHTML, like Gecko) Version/5.0.2 Mobile/8H7 Safari/6533.18.5"
14.99.88.92 - - [18/May/2011:04:08:33 -0700] "GET /FreeAP.html HTTP/1.1" 200 9461 "http://www.handwritinginsights.com/" "Mozilla/4.0 (compatible; MSIE 8.0; Windows NT 6.1; WOW64; Trident/4.0; SLCC2; .NET CLR 2.0.50727; .NET CLR 3.5.30729; .NET CLR 3.0.30729; InfoPath.2; .NET4.0C)"
14.99.88.92 - - [18/May/2011:04:08:34 -0700] "GET /FreeAP_files/page39_1.jpg HTTP/1.1" 200 26753 "http://www.handwritinginsights.com/FreeAP.html" "Mozilla/4.0 (compatible; MSIE 8.0; Windows NT 6.1; WOW64; Trident/4.0; SLCC2; .NET CLR 2.0.50727; .NET CLR 3.5.30729; .NET CLR 3.0.30729; InfoPath.2; .NET4.0C)"
14.99.88.92 - - [18/May/2011:04:08:35 -0700] "GET /FreeAP_files/page39_2.jpg HTTP/1.1" 200 68752 "http://www.handwritinginsights.com/FreeAP.html" "Mozilla/4.0 (compatible; MSIE 8.0; Windows NT 6.1; WOW64; Trident/4.0; SLCC2; .NET CLR 2.0.50727; .NET CLR 3.5.30729; .NET CLR 3.0.30729; InfoPath.2; .NET4.0C)"
14.99.88.92 - - [18/May/2011:04:08:37 -0700] "GET /FreeAP_files/page39_3.jpg HTTP/1.1" 200 28673 "http://www.handwritinginsights.com/FreeAP.html" "Mozilla/4.0 (compatible; MSIE 8.0; Windows NT 6.1; WOW64; Trident/4.0; SLCC2; .NET CLR 2.0.50727; .NET CLR 3.5.30729; .NET CLR 3.0.30729; InfoPath.2; .NET4.0C)"
14.99.88.92 - - [18/May/2011:04:08:39 -0700] "GET /FreeAP_files/page39_5.gif HTTP/1.1" 200 22973 "http://www.handwritinginsights.com/FreeAP.html" "Mozilla/4.0 (compatible; MSIE 8.0; Windows NT 6.1; WOW64; Trident/4.0; SLCC2; .NET CLR 2.0.50727; .NET CLR 3.5.30729; .NET CLR 3.0.30729; InfoPath.2; .NET4.0C)"
14.99.88.92 - - [18/May/2011:04:08:39 -0700] "GET /FreeAP_files/page39_4.jpg HTTP/1.1" 200 61738 "http://www.handwritinginsights.com/FreeAP.html" "Mozilla/4.0 (compatible; MSIE 8.0; Windows NT 6.1; WOW64; Trident/4.0; SLCC2; .NET CLR 2.0.50727; .NET CLR 3.5.30729; .NET CLR 3.0.30729; InfoPath.2; .NET4.0C)"
14.99.88.92 - - [18/May/2011:04:08:41 -0700] "GET /FreeAP_files/page39_7.gif HTTP/1.1" 200 21313 "http://www.handwritinginsights.com/FreeAP.html" "Mozilla/4.0 (compatible; MSIE 8.0; Windows NT 6.1; WOW64; Trident/4.0; SLCC2; .NET CLR 2.0.50727; .NET CLR 3.5.30729; .NET CLR 3.0.30729; InfoPath.2; .NET4.0C)"
14.99.88.92 - - [18/May/2011:04:08:42 -0700] "GET /FreeAP_files/page39_6.gif HTTP/1.1" 200 72173 "http://www.handwritinginsights.com/FreeAP.html" "Mozilla/4.0 (compatible; MSIE 8.0; Windows NT 6.1; WOW64; Trident/4.0; SLCC2; .NET CLR 2.0.50727; .NET CLR 3.5.30729; .NET CLR 3.0.30729; InfoPath.2; .NET4.0C)"
14.99.88.92 - - [18/May/2011:04:08:43 -0700] "GET /FreeAP_files/page39_8.gif HTTP/1.1" 200 76900 "http://www.handwritinginsights.com/FreeAP.html" "Mozilla/4.0 (compatible; MSIE 8.0; Windows NT 6.1; WOW64; Trident/4.0; SLCC2; .NET CLR 2.0.50727; .NET CLR 3.5.30729; .NET CLR 3.0.30729; InfoPath.2; .NET4.0C)"
14.99.88.92 - - [18/May/2011:04:08:44 -0700] "GET /FreeAP_files/page39_10.jpg HTTP/1.1" 200 64136 "http://www.handwritinginsights.com/FreeAP.html" "Mozilla/4.0 (compatible; MSIE 8.0; Windows NT 6.1; WOW64; Trident/4.0; SLCC2; .NET CLR 2.0.50727; .NET CLR 3.5.30729; .NET CLR 3.0.30729; InfoPath.2; .NET4.0C)"
14.99.88.92 - - [18/May/2011:04:08:45 -0700] "GET /FreeAP_files/page39_9.jpg HTTP/1.1" 200 38173 "http://www.handwritinginsights.com/FreeAP.html" "Mozilla/4.0 (compatible; MSIE 8.0; Windows NT 6.1; WOW64; Trident/4.0; SLCC2; .NET CLR 2.0.50727; .NET CLR 3.5.30729; .NET CLR 3.0.30729; InfoPath.2; .NET4.0C)"
14.99.88.92 - - [18/May/2011:04:08:54 -0700] "GET /favicon.ico HTTP/1.1" 404 217 "-" "Mozilla/4.0 (compatible; MSIE 8.0; Windows NT 6.1; WOW64; Trident/4.0; SLCC2; .NET CLR 2.0.50727; .NET CLR 3.5.30729; .NET CLR 3.0.30729; InfoPath.2; .NET4.0C)"
202.152.50.134 - - [18/May/2011:04:10:23 -0700] "GET /lesson.html HTTP/1.0" 200 48485 "http://www.bing.com/search?q=handwriting+analysis&form=LEMDF8&pc=MALC&src=IE-SearchBox;" "Mozilla/4.0 (compatible; MSIE 8.0; Windows NT 6.1; Trident/4.0; SLCC2; .NET CLR 2.0.50727; .NET CLR 3.5.30729; .NET CLR 3.0.30729; Media Center PC 6.0; .NET CLR 1.1.4322; .NET4.0C; MALC)"
202.152.50.134 - - [18/May/2011:04:10:23 -0700] "GET /rw_common/themes/simple/css/width/width_1000.css HTTP/1.0" 200 30 "http://www.handwritinginsights.com/lesson.html" "Mozilla/4.0 (compatible; MSIE 8.0; Windows NT 6.1; Trident/4.0; SLCC2; .NET CLR 2.0.50727; .NET CLR 3.5.30729; .NET CLR 3.0.30729; Media Center PC 6.0; .NET CLR 1.1.4322; .NET4.0C; MALC)"
202.152.50.134 - - [18/May/2011:04:10:23 -0700] "GET /rw_common/themes/simple/styles.css HTTP/1.0" 200 13520 "http://www.handwritinginsights.com/lesson.html" "Mozilla/4.0 (compatible; MSIE 8.0; Windows NT 6.1; Trident/4.0; SLCC2; .NET CLR 2.0.50727; .NET CLR 3.5.30729; .NET CLR 3.0.30729; Media Center PC 6.0; .NET CLR 1.1.4322; .NET4.0C; MALC)"
202.152.50.134 - - [18/May/2011:04:10:23 -0700] "GET /rw_common/themes/simple/print.css HTTP/1.0" 200 3818 "http://www.handwritinginsights.com/lesson.html" "Mozilla/4.0 (compatible; MSIE 8.0; Windows NT 6.1; Trident/4.0; SLCC2; .NET CLR 2.0.50727; .NET CLR 3.5.30729; .NET CLR 3.0.30729; Media Center PC 6.0; .NET CLR 1.1.4322; .NET4.0C; MALC)"
202.152.50.134 - - [18/May/2011:04:10:23 -0700] "GET /rw_common/themes/simple/handheld.css HTTP/1.0" 200 6005 "http://www.handwritinginsights.com/lesson.html" "Mozilla/4.0 (compatible; MSIE 8.0; Windows NT 6.1; Trident/4.0; SLCC2; .NET CLR 2.0.50727; .NET CLR 3.5.30729; .NET CLR 3.0.30729; Media Center PC 6.0; .NET CLR 1.1.4322; .NET4.0C; MALC)"
202.152.50.134 - - [18/May/2011:04:10:24 -0700] "GET /rw_common/themes/simple/css/styles/vibrant_pink.css HTTP/1.0" 200 276 "http://www.handwritinginsights.com/lesson.html" "Mozilla/4.0 (compatible; MSIE 8.0; Windows NT 6.1; Trident/4.0; SLCC2; .NET CLR 2.0.50727; .NET CLR 3.5.30729; .NET CLR 3.0.30729; Media Center PC 6.0; .NET CLR 1.1.4322; .NET4.0C; MALC)"
202.152.50.134 - - [18/May/2011:04:10:24 -0700] "GET /rw_common/themes/simple/javascript.js HTTP/1.0" 200 14608 "http://www.handwritinginsights.com/lesson.html" "Mozilla/4.0 (compatible; MSIE 8.0; Windows NT 6.1; Trident/4.0; SLCC2; .NET CLR 2.0.50727; .NET CLR 3.5.30729; .NET CLR 3.0.30729; Media Center PC 6.0; .NET CLR 1.1.4322; .NET4.0C; MALC)"
202.152.50.134 - - [18/May/2011:04:10:25 -0700] "GET /lesson_files/page5_5.jpg HTTP/1.0" 200 39256 "http://www.handwritinginsights.com/lesson.html" "Mozilla/4.0 (compatible; MSIE 8.0; Windows NT 6.1; Trident/4.0; SLCC2; .NET CLR 2.0.50727; .NET CLR 3.5.30729; .NET CLR 3.0.30729; Media Center PC 6.0; .NET CLR 1.1.4322; .NET4.0C; MALC)"
202.152.50.134 - - [18/May/2011:04:10:25 -0700] "GET /lesson_files/page5_2.jpg HTTP/1.0" 200 100885 "http://www.handwritinginsights.com/lesson.html" "Mozilla/4.0 (compatible; MSIE 8.0; Windows NT 6.1; Trident/4.0; SLCC2; .NET CLR 2.0.50727; .NET CLR 3.5.30729; .NET CLR 3.0.30729; Media Center PC 6.0; .NET CLR 1.1.4322; .NET4.0C; MALC)"
202.152.50.134 - - [18/May/2011:04:10:25 -0700] "GET /lesson_files/page5_3.jpg HTTP/1.0" 200 29890 "http://www.handwritinginsights.com/lesson.html" "Mozilla/4.0 (compatible; MSIE 8.0; Windows NT 6.1; Trident/4.0; SLCC2; .NET CLR 2.0.50727; .NET CLR 3.5.30729; .NET CLR 3.0.30729; Media Center PC 6.0; .NET CLR 1.1.4322; .NET4.0C; MALC)"
202.152.50.134 - - [18/May/2011:04:10:25 -0700] "GET /rw_common/images/Untitled-2.jpg HTTP/1.0" 200 32135 "http://www.handwritinginsights.com/lesson.html" "Mozilla/4.0 (compatible; MSIE 8.0; Windows NT 6.1; Trident/4.0; SLCC2; .NET CLR 2.0.50727; .NET CLR 3.5.30729; .NET CLR 3.0.30729; Media Center PC 6.0; .NET CLR 1.1.4322; .NET4.0C; MALC)"
202.152.50.134 - - [18/May/2011:04:10:25 -0700] "GET /rw_common/themes/simple/css/sidebar/sidebar_left.css HTTP/1.0" 200 99 "http://www.handwritinginsights.com/lesson.html" "Mozilla/4.0 (compatible; MSIE 8.0; Windows NT 6.1; Trident/4.0; SLCC2; .NET CLR 2.0.50727; .NET CLR 3.5.30729; .NET CLR 3.0.30729; Media Center PC 6.0; .NET CLR 1.1.4322; .NET4.0C; MALC)"
202.152.50.134 - - [18/May/2011:04:10:25 -0700] "GET /lesson_files/page5_1.jpg HTTP/1.0" 200 27598 "http://www.handwritinginsights.com/lesson.html" "Mozilla/4.0 (compatible; MSIE 8.0; Windows NT 6.1; Trident/4.0; SLCC2; .NET CLR 2.0.50727; .NET CLR 3.5.30729; .NET CLR 3.0.30729; Media Center PC 6.0; .NET CLR 1.1.4322; .NET4.0C; MALC)"
202.152.50.134 - - [18/May/2011:04:10:26 -0700] "GET /lesson_files/page5_8.jpg HTTP/1.0" 200 47824 "http://www.handwritinginsights.com/lesson.html" "Mozilla/4.0 (compatible; MSIE 8.0; Windows NT 6.1; Trident/4.0; SLCC2; .NET CLR 2.0.50727; .NET CLR 3.5.30729; .NET CLR 3.0.30729; Media Center PC 6.0; .NET CLR 1.1.4322; .NET4.0C; MALC)"
202.152.50.134 - - [18/May/2011:04:10:26 -0700] "GET /lesson_files/page5_6.jpg HTTP/1.0" 200 114115 "http://www.handwritinginsights.com/lesson.html" "Mozilla/4.0 (compatible; MSIE 8.0; Windows NT 6.1; Trident/4.0; SLCC2; .NET CLR 2.0.50727; .NET CLR 3.5.30729; .NET CLR 3.0.30729; Media Center PC 6.0; .NET CLR 1.1.4322; .NET4.0C; MALC)"
202.152.50.134 - - [18/May/2011:04:10:26 -0700] "GET /rw_common/themes/simple/images/header_bg.png HTTP/1.0" 200 155 "http://www.handwritinginsights.com/lesson.html" "Mozilla/4.0 (compatible; MSIE 8.0; Windows NT 6.1; Trident/4.0; SLCC2; .NET CLR 2.0.50727; .NET CLR 3.5.30729; .NET CLR 3.0.30729; Media Center PC 6.0; .NET CLR 1.1.4322; .NET4.0C; MALC)"
202.152.50.134 - - [18/May/2011:04:10:26 -0700] "GET /lesson_files/page5_10.jpg HTTP/1.0" 200 51695 "http://www.handwritinginsights.com/lesson.html" "Mozilla/4.0 (compatible; MSIE 8.0; Windows NT 6.1; Trident/4.0; SLCC2; .NET CLR 2.0.50727; .NET CLR 3.5.30729; .NET CLR 3.0.30729; Media Center PC 6.0; .NET CLR 1.1.4322; .NET4.0C; MALC)"
202.152.50.134 - - [18/May/2011:04:10:27 -0700] "GET /lesson_files/page5_9.jpg HTTP/1.0" 200 164364 "http://www.handwritinginsights.com/lesson.html" "Mozilla/4.0 (compatible; MSIE 8.0; Windows NT 6.1; Trident/4.0; SLCC2; .NET CLR 2.0.50727; .NET CLR 3.5.30729; .NET CLR 3.0.30729; Media Center PC 6.0; .NET CLR 1.1.4322; .NET4.0C; MALC)"
202.152.50.134 - - [18/May/2011:04:10:27 -0700] "GET /lesson_files/page5_4.jpg HTTP/1.0" 200 106714 "http://www.handwritinginsights.com/lesson.html" "Mozilla/4.0 (compatible; MSIE 8.0; Windows NT 6.1; Trident/4.0; SLCC2; .NET CLR 2.0.50727; .NET CLR 3.5.30729; .NET CLR 3.0.30729; Media Center PC 6.0; .NET CLR 1.1.4322; .NET4.0C; MALC)"
202.152.50.134 - - [18/May/2011:04:10:27 -0700] "GET /rw_common/themes/simple/images/button_normal.png HTTP/1.0" 200 192 "http://www.handwritinginsights.com/lesson.html" "Mozilla/4.0 (compatible; MSIE 8.0; Windows NT 6.1; Trident/4.0; SLCC2; .NET CLR 2.0.50727; .NET CLR 3.5.30729; .NET CLR 3.0.30729; Media Center PC 6.0; .NET CLR 1.1.4322; .NET4.0C; MALC)"
202.152.50.134 - - [18/May/2011:04:10:27 -0700] "GET /rw_common/themes/simple/images/button_down.png HTTP/1.0" 200 196 "http://www.handwritinginsights.com/lesson.html" "Mozilla/4.0 (compatible; MSIE 8.0; Windows NT 6.1; Trident/4.0; SLCC2; .NET CLR 2.0.50727; .NET CLR 3.5.30729; .NET CLR 3.0.30729; Media Center PC 6.0; .NET CLR 1.1.4322; .NET4.0C; MALC)"
202.152.50.134 - - [18/May/2011:04:10:28 -0700] "GET /lesson_files/page5_7.jpg HTTP/1.0" 200 44580 "http://www.handwritinginsights.com/lesson.html" "Mozilla/4.0 (compatible; MSIE 8.0; Windows NT 6.1; Trident/4.0; SLCC2; .NET CLR 2.0.50727; .NET CLR 3.5.30729; .NET CLR 3.0.30729; Media Center PC 6.0; .NET CLR 1.1.4322; .NET4.0C; MALC)"
59.161.11.90 - - [18/May/2011:04:11:08 -0700] "GET /favicon.ico HTTP/1.1" 404 217 "-" "Mozilla/4.0 (compatible; MSIE 8.0; Windows NT 5.1; Trident/4.0; GTB6.6; .NET CLR 1.1.4322; .NET CLR 2.0.50727; .NET CLR 3.0.4506.2152; .NET CLR 3.5.30729; eSobiSubscriber 2.0.4.16)"
188.220.236.208 - - [18/May/2011:04:11:45 -0700] "GET /rw_common/themes/simple/css/styles/vibrant_pink.css HTTP/1.1" 200 276 "http://www.handwritinginsights.com/" "Mozilla/5.0 (Windows NT 6.1; WOW64) AppleWebKit/534.24 (KHTML, like Gecko) Chrome/11.0.696.68 Safari/534.24"
188.220.236.208 - - [18/May/2011:04:11:45 -0700] "GET /rw_common/themes/simple/styles.css HTTP/1.1" 200 13520 "http://www.handwritinginsights.com/" "Mozilla/5.0 (Windows NT 6.1; WOW64) AppleWebKit/534.24 (KHTML, like Gecko) Chrome/11.0.696.68 Safari/534.24"
188.220.236.208 - - [18/May/2011:04:11:45 -0700] "GET /rw_common/themes/simple/css/width/width_1000.css HTTP/1.1" 200 30 "http://www.handwritinginsights.com/" "Mozilla/5.0 (Windows NT 6.1; WOW64) AppleWebKit/534.24 (KHTML, like Gecko) Chrome/11.0.696.68 Safari/534.24"
