186.45.241.49 - - [23/May/2011:03:16:11 -0700] "GET /lesson_files/page5_3.jpg HTTP/1.1" 200 29890 "http://www.handwritinginsights.com/lesson.html" "Mozilla/5.0 (Windows NT 6.1; WOW64) AppleWebKit/534.24 (KHTML, like Gecko) Chrome/11.0.696.68 Safari/534.24"
186.45.241.49 - - [23/May/2011:03:16:15 -0700] "GET /lesson_files/page5_7.jpg HTTP/1.1" 200 44580 "http://www.handwritinginsights.com/lesson.html" "Mozilla/5.0 (Windows NT 6.1; WOW64) AppleWebKit/534.24 (KHTML, like Gecko) Chrome/11.0.696.68 Safari/534.24"
186.45.241.49 - - [23/May/2011:03:16:16 -0700] "GET /lesson_files/page5_2.jpg HTTP/1.1" 200 100885 "http://www.handwritinginsights.com/lesson.html" "Mozilla/5.0 (Windows NT 6.1; WOW64) AppleWebKit/534.24 (KHTML, like Gecko) Chrome/11.0.696.68 Safari/534.24"
186.45.241.49 - - [23/May/2011:03:16:17 -0700] "GET /lesson_files/page5_8.jpg HTTP/1.1" 200 47824 "http://www.handwritinginsights.com/lesson.html" "Mozilla/5.0 (Windows NT 6.1; WOW64) AppleWebKit/534.24 (KHTML, like Gecko) Chrome/11.0.696.68 Safari/534.24"
186.45.241.49 - - [23/May/2011:03:16:22 -0700] "GET /lesson_files/page5_6.jpg HTTP/1.1" 200 114115 "http://www.handwritinginsights.com/lesson.html" "Mozilla/5.0 (Windows NT 6.1; WOW64) AppleWebKit/534.24 (KHTML, like Gecko) Chrome/11.0.696.68 Safari/534.24"
186.45.241.49 - - [23/May/2011:03:16:22 -0700] "GET /lesson_files/page5_4.jpg HTTP/1.1" 200 106714 "http://www.handwritinginsights.com/lesson.html" "Mozilla/5.0 (Windows NT 6.1; WOW64) AppleWebKit/534.24 (KHTML, like Gecko) Chrome/11.0.696.68 Safari/534.24"
186.45.241.49 - - [23/May/2011:03:16:23 -0700] "GET /lesson_files/page5_10.jpg HTTP/1.1" 200 51695 "http://www.handwritinginsights.com/lesson.html" "Mozilla/5.0 (Windows NT 6.1; WOW64) AppleWebKit/534.24 (KHTML, like Gecko) Chrome/11.0.696.68 Safari/534.24"
186.45.241.49 - - [23/May/2011:03:16:32 -0700] "GET /lesson_files/page5_9.jpg HTTP/1.1" 200 164364 "http://www.handwritinginsights.com/lesson.html" "Mozilla/5.0 (Windows NT 6.1; WOW64) AppleWebKit/534.24 (KHTML, like Gecko) Chrome/11.0.696.68 Safari/534.24"
186.45.241.49 - - [23/May/2011:03:16:41 -0700] "GET /favicon.ico HTTP/1.1" 404 217 "-" "Mozilla/5.0 (Windows NT 6.1; WOW64) AppleWebKit/534.24 (KHTML, like Gecko) Chrome/11.0.696.68 Safari/534.24"
98.242.196.97 - - [23/May/2011:03:17:04 -0700] "GET /favicon.ico HTTP/1.1" 404 217 "-" "Mozilla/4.0 (compatible; GoogleToolbar 7.0.1710.2246; Windows 6.1; MSIE 8.0.7600.16385)"
98.242.196.97 - - [23/May/2011:03:17:04 -0700] "GET /favicon.gif HTTP/1.1" 404 217 "-" "Mozilla/4.0 (compatible; GoogleToolbar 7.0.1710.2246; Windows 6.1; MSIE 8.0.7600.16385)"
163.166.8.11 - - [23/May/2011:03:17:04 -0700] "GET /lesson.html HTTP/1.1" 200 48485 "http://www.google.co.in/url?sa=t&source=web&cd=4&ved=0CDMQFjAD&url=http%3A%2F%2Fwww.handwritinginsights.com%2Flesson.html&rct=j&q=handwriting%20analysis%20personality&ei=FzTaTdfnJcyv8QOSueGDBQ&usg=AFQjCNEaECenqn9dIy5po79n-pez1l82SQ" "Mozilla/4.0 (compatible; MSIE 8.0; Windows NT 5.1; Trident/4.0; .NET CLR 2.0.50727)"
163.166.8.11 - - [23/May/2011:03:17:08 -0700] "GET /lesson_files/page5_1.jpg HTTP/1.1" 200 27598 "http://www.handwritinginsights.com/lesson.html" "Mozilla/4.0 (compatible; MSIE 8.0; Windows NT 5.1; Trident/4.0; .NET CLR 2.0.50727)"
163.166.8.11 - - [23/May/2011:03:17:09 -0700] "GET /lesson_files/page5_2.jpg HTTP/1.1" 200 100885 "http://www.handwritinginsights.com/lesson.html" "Mozilla/4.0 (compatible; MSIE 8.0; Windows NT 5.1; Trident/4.0; .NET CLR 2.0.50727)"
163.166.8.11 - - [23/May/2011:03:17:10 -0700] "GET /lesson_files/page5_3.jpg HTTP/1.1" 200 29890 "http://www.handwritinginsights.com/lesson.html" "Mozilla/4.0 (compatible; MSIE 8.0; Windows NT 5.1; Trident/4.0; .NET CLR 2.0.50727)"
163.166.8.11 - - [23/May/2011:03:17:13 -0700] "GET /lesson_files/page5_4.jpg HTTP/1.1" 200 106714 "http://www.handwritinginsights.com/lesson.html" "Mozilla/4.0 (compatible; MSIE 8.0; Windows NT 5.1; Trident/4.0; .NET CLR 2.0.50727)"
163.166.8.11 - - [23/May/2011:03:17:18 -0700] "GET /lesson_files/page5_5.jpg HTTP/1.1" 200 39256 "http://www.handwritinginsights.com/lesson.html" "Mozilla/4.0 (compatible; MSIE 8.0; Windows NT 5.1; Trident/4.0; .NET CLR 2.0.50727)"
163.166.8.11 - - [23/May/2011:03:17:21 -0700] "GET /lesson_files/page5_6.jpg HTTP/1.1" 200 114115 "http://www.handwritinginsights.com/lesson.html" "Mozilla/4.0 (compatible; MSIE 8.0; Windows NT 5.1; Trident/4.0; .NET CLR 2.0.50727)"
163.166.8.11 - - [23/May/2011:03:17:27 -0700] "GET /lesson_files/page5_8.jpg HTTP/1.1" 200 47824 "http://www.handwritinginsights.com/lesson.html" "Mozilla/4.0 (compatible; MSIE 8.0; Windows NT 5.1; Trident/4.0; .NET CLR 2.0.50727)"
163.166.8.11 - - [23/May/2011:03:17:28 -0700] "GET /lesson_files/page5_7.jpg HTTP/1.1" 200 44580 "http://www.handwritinginsights.com/lesson.html" "Mozilla/4.0 (compatible; MSIE 8.0; Windows NT 5.1; Trident/4.0; .NET CLR 2.0.50727)"
163.166.8.11 - - [23/May/2011:03:17:33 -0700] "GET /lesson_files/page5_10.jpg HTTP/1.1" 200 51695 "http://www.handwritinginsights.com/lesson.html" "Mozilla/4.0 (compatible; MSIE 8.0; Windows NT 5.1; Trident/4.0; .NET CLR 2.0.50727)"
163.166.8.11 - - [23/May/2011:03:17:33 -0700] "GET /lesson_files/page5_9.jpg HTTP/1.1" 200 164364 "http://www.handwritinginsights.com/lesson.html" "Mozilla/4.0 (compatible; MSIE 8.0; Windows NT 5.1; Trident/4.0; .NET CLR 2.0.50727)"
163.166.8.11 - - [23/May/2011:03:17:48 -0700] "GET /favicon.ico HTTP/1.1" 404 217 "-" "Mozilla/4.0 (compatible; MSIE 8.0; Windows NT 5.1; Trident/4.0; .NET CLR 2.0.50727)"
163.166.8.11 - - [23/May/2011:03:17:59 -0700] "GET /declaration.htm HTTP/1.1" 200 14859 "http://www.handwritinginsights.com/lesson.html" "Mozilla/4.0 (compatible; MSIE 8.0; Windows NT 5.1; Trident/4.0; .NET CLR 2.0.50727)"
163.166.8.11 - - [23/May/2011:03:18:06 -0700] "GET /declaration_files/page8_2.jpg HTTP/1.1" 200 100463 "http://www.handwritinginsights.com/declaration.htm" "Mozilla/4.0 (compatible; MSIE 8.0; Windows NT 5.1; Trident/4.0; .NET CLR 2.0.50727)"
163.166.8.11 - - [23/May/2011:03:18:07 -0700] "GET /declaration_files/page8_1.jpg HTTP/1.1" 200 489468 "http://www.handwritinginsights.com/declaration.htm" "Mozilla/4.0 (compatible; MSIE 8.0; Windows NT 5.1; Trident/4.0; .NET CLR 2.0.50727)"
163.166.8.11 - - [23/May/2011:03:18:17 -0700] "GET /declaration_files/page8_3.jpg HTTP/1.1" 200 108875 "http://www.handwritinginsights.com/declaration.htm" "Mozilla/4.0 (compatible; MSIE 8.0; Windows NT 5.1; Trident/4.0; .NET CLR 2.0.50727)"
163.166.8.11 - - [23/May/2011:03:18:21 -0700] "GET /declaration_files/page8_5.jpg HTTP/1.1" 200 51695 "http://www.handwritinginsights.com/declaration.htm" "Mozilla/4.0 (compatible; MSIE 8.0; Windows NT 5.1; Trident/4.0; .NET CLR 2.0.50727)"
163.166.8.11 - - [23/May/2011:03:18:27 -0700] "GET /declaration_files/page8_4.jpg HTTP/1.1" 200 243962 "http://www.handwritinginsights.com/declaration.htm" "Mozilla/4.0 (compatible; MSIE 8.0; Windows NT 5.1; Trident/4.0; .NET CLR 2.0.50727)"
120.61.26.31 - - [23/May/2011:03:18:32 -0700] "GET /favicon.ico HTTP/1.1" 404 217 "-" "Mozilla/5.0 (Windows NT 6.1; WOW64) AppleWebKit/534.24 (KHTML, like Gecko) Chrome/11.0.696.68 Safari/534.24"
98.242.196.97 - - [23/May/2011:03:19:02 -0700] "GET /favicon.ico HTTP/1.1" 404 217 "-" "Mozilla/4.0 (compatible; GoogleToolbar 7.0.1710.2246; Windows 6.1; MSIE 8.0.7600.16385)"
98.242.196.97 - - [23/May/2011:03:19:03 -0700] "GET /favicon.gif HTTP/1.1" 404 217 "-" "Mozilla/4.0 (compatible; GoogleToolbar 7.0.1710.2246; Windows 6.1; MSIE 8.0.7600.16385)"
120.63.25.105 - - [23/May/2011:03:22:45 -0700] "GET /lesson.html HTTP/1.1" 200 48485 "http://www.google.co.in/url?sa=t&source=web&cd=2&ved=0CCgQFjAB&url=http%3A%2F%2Fwww.handwritinginsights.com%2Flesson.html&rct=j&q=handwriting%20analysis%20examples&ei=aTXaTfnqBcXrrQe0hNGPBg&usg=AFQjCNEaECenqn9dIy5po79n-pez1l82SQ" "Mozilla/5.0 (Windows NT 5.1) AppleWebKit/534.24 (KHTML, like Gecko) Chrome/11.0.696.68 Safari/534.24"
120.63.25.105 - - [23/May/2011:03:22:46 -0700] "GET /rw_common/themes/simple/javascript.js HTTP/1.1" 200 14608 "http://www.handwritinginsights.com/lesson.html" "Mozilla/5.0 (Windows NT 5.1) AppleWebKit/534.24 (KHTML, like Gecko) Chrome/11.0.696.68 Safari/534.24"
120.63.25.105 - - [23/May/2011:03:22:46 -0700] "GET /rw_common/themes/simple/css/width/width_1000.css HTTP/1.1" 200 30 "http://www.handwritinginsights.com/lesson.html" "Mozilla/5.0 (Windows NT 5.1) AppleWebKit/534.24 (KHTML, like Gecko) Chrome/11.0.696.68 Safari/534.24"
120.63.25.105 - - [23/May/2011:03:22:46 -0700] "GET /rw_common/themes/simple/print.css HTTP/1.1" 200 3818 "http://www.handwritinginsights.com/lesson.html" "Mozilla/5.0 (Windows NT 5.1) AppleWebKit/534.24 (KHTML, like Gecko) Chrome/11.0.696.68 Safari/534.24"
120.63.25.105 - - [23/May/2011:03:22:46 -0700] "GET /rw_common/themes/simple/css/styles/vibrant_pink.css HTTP/1.1" 200 276 "http://www.handwritinginsights.com/lesson.html" "Mozilla/5.0 (Windows NT 5.1) AppleWebKit/534.24 (KHTML, like Gecko) Chrome/11.0.696.68 Safari/534.24"
120.63.25.105 - - [23/May/2011:03:22:46 -0700] "GET /rw_common/themes/simple/css/sidebar/sidebar_left.css HTTP/1.1" 200 99 "http://www.handwritinginsights.com/lesson.html" "Mozilla/5.0 (Windows NT 5.1) AppleWebKit/534.24 (KHTML, like Gecko) Chrome/11.0.696.68 Safari/534.24"
120.63.25.105 - - [23/May/2011:03:22:46 -0700] "GET /rw_common/themes/simple/handheld.css HTTP/1.1" 200 6005 "http://www.handwritinginsights.com/lesson.html" "Mozilla/5.0 (Windows NT 5.1) AppleWebKit/534.24 (KHTML, like Gecko) Chrome/11.0.696.68 Safari/534.24"
120.63.25.105 - - [23/May/2011:03:22:46 -0700] "GET /rw_common/themes/simple/styles.css HTTP/1.1" 200 13520 "http://www.handwritinginsights.com/lesson.html" "Mozilla/5.0 (Windows NT 5.1) AppleWebKit/534.24 (KHTML, like Gecko) Chrome/11.0.696.68 Safari/534.24"
120.63.25.105 - - [23/May/2011:03:22:52 -0700] "GET /lesson_files/page5_5.jpg HTTP/1.1" 200 39256 "http://www.handwritinginsights.com/lesson.html" "Mozilla/5.0 (Windows NT 5.1) AppleWebKit/534.24 (KHTML, like Gecko) Chrome/11.0.696.68 Safari/534.24"
120.63.25.105 - - [23/May/2011:03:22:52 -0700] "GET /lesson_files/page5_1.jpg HTTP/1.1" 200 27598 "http://www.handwritinginsights.com/lesson.html" "Mozilla/5.0 (Windows NT 5.1) AppleWebKit/534.24 (KHTML, like Gecko) Chrome/11.0.696.68 Safari/534.24"
120.63.25.105 - - [23/May/2011:03:22:52 -0700] "GET /rw_common/themes/simple/images/header_bg.png HTTP/1.1" 200 155 "http://www.handwritinginsights.com/lesson.html" "Mozilla/5.0 (Windows NT 5.1) AppleWebKit/534.24 (KHTML, like Gecko) Chrome/11.0.696.68 Safari/534.24"
120.63.25.105 - - [23/May/2011:03:22:52 -0700] "GET /lesson_files/page5_3.jpg HTTP/1.1" 200 29890 "http://www.handwritinginsights.com/lesson.html" "Mozilla/5.0 (Windows NT 5.1) AppleWebKit/534.24 (KHTML, like Gecko) Chrome/11.0.696.68 Safari/534.24"
120.63.25.105 - - [23/May/2011:03:22:52 -0700] "GET /rw_common/themes/simple/images/button_down.png HTTP/1.1" 200 196 "http://www.handwritinginsights.com/lesson.html" "Mozilla/5.0 (Windows NT 5.1) AppleWebKit/534.24 (KHTML, like Gecko) Chrome/11.0.696.68 Safari/534.24"
120.63.25.105 - - [23/May/2011:03:22:52 -0700] "GET /rw_common/themes/simple/images/button_normal.png HTTP/1.1" 200 192 "http://www.handwritinginsights.com/lesson.html" "Mozilla/5.0 (Windows NT 5.1) AppleWebKit/534.24 (KHTML, like Gecko) Chrome/11.0.696.68 Safari/534.24"
120.63.25.105 - - [23/May/2011:03:22:53 -0700] "GET /rw_common/images/Untitled-2.jpg HTTP/1.1" 200 32135 "http://www.handwritinginsights.com/lesson.html" "Mozilla/5.0 (Windows NT 5.1) AppleWebKit/534.24 (KHTML, like Gecko) Chrome/11.0.696.68 Safari/534.24"
120.63.25.105 - - [23/May/2011:03:22:54 -0700] "GET /lesson_files/page5_2.jpg HTTP/1.1" 200 100885 "http://www.handwritinginsights.com/lesson.html" "Mozilla/5.0 (Windows NT 5.1) AppleWebKit/534.24 (KHTML, like Gecko) Chrome/11.0.696.68 Safari/534.24"
120.63.25.105 - - [23/May/2011:03:22:59 -0700] "GET /lesson_files/page5_7.jpg HTTP/1.1" 200 44580 "http://www.handwritinginsights.com/lesson.html" "Mozilla/5.0 (Windows NT 5.1) AppleWebKit/534.24 (KHTML, like Gecko) Chrome/11.0.696.68 Safari/534.24"
120.63.25.105 - - [23/May/2011:03:23:04 -0700] "GET /lesson_files/page5_8.jpg HTTP/1.1" 200 47824 "http://www.handwritinginsights.com/lesson.html" "Mozilla/5.0 (Windows NT 5.1) AppleWebKit/534.24 (KHTML, like Gecko) Chrome/11.0.696.68 Safari/534.24"
120.63.25.105 - - [23/May/2011:03:23:07 -0700] "GET /lesson_files/page5_10.jpg HTTP/1.1" 200 51695 "http://www.handwritinginsights.com/lesson.html" "Mozilla/5.0 (Windows NT 5.1) AppleWebKit/534.24 (KHTML, like Gecko) Chrome/11.0.696.68 Safari/534.24"
120.63.25.105 - - [23/May/2011:03:23:17 -0700] "GET /lesson_files/page5_9.jpg HTTP/1.1" 200 164364 "http://www.handwritinginsights.com/lesson.html" "Mozilla/5.0 (Windows NT 5.1) AppleWebKit/534.24 (KHTML, like Gecko) Chrome/11.0.696.68 Safari/534.24"
120.63.25.105 - - [23/May/2011:03:23:21 -0700] "GET /lesson_files/page5_6.jpg HTTP/1.1" 200 114115 "http://www.handwritinginsights.com/lesson.html" "Mozilla/5.0 (Windows NT 5.1) AppleWebKit/534.24 (KHTML, like Gecko) Chrome/11.0.696.68 Safari/534.24"
120.63.25.105 - - [23/May/2011:03:23:33 -0700] "GET /lesson_files/page5_4.jpg HTTP/1.1" 200 106714 "http://www.handwritinginsights.com/lesson.html" "Mozilla/5.0 (Windows NT 5.1) AppleWebKit/534.24 (KHTML, like Gecko) Chrome/11.0.696.68 Safari/534.24"
120.63.25.105 - - [23/May/2011:03:23:37 -0700] "GET /favicon.ico HTTP/1.1" 404 217 "-" "Mozilla/5.0 (Windows NT 5.1) AppleWebKit/534.24 (KHTML, like Gecko) Chrome/11.0.696.68 Safari/534.24"
120.63.25.105 - - [23/May/2011:03:23:44 -0700] "GET /lesson2.html HTTP/1.1" 200 21607 "http://www.handwritinginsights.com/lesson.html" "Mozilla/5.0 (Windows NT 5.1) AppleWebKit/534.24 (KHTML, like Gecko) Chrome/11.0.696.68 Safari/534.24"
120.63.25.105 - - [23/May/2011:03:23:55 -0700] "GET /lesson2_files/page6_5.gif HTTP/1.1" 200 91639 "http://www.handwritinginsights.com/lesson2.html" "Mozilla/5.0 (Windows NT 5.1) AppleWebKit/534.24 (KHTML, like Gecko) Chrome/11.0.696.68 Safari/534.24"
203.91.193.5 - - [23/May/2011:03:23:58 -0700] "GET /rw_common/themes/simple/print.css HTTP/1.1" 200 3818 "http://www.handwritinginsights.com/" "Mozilla/4.0 (compatible; MSIE 7.0; Windows NT 5.1; .NET CLR 2.0.50727; MS-RTC LM 8)"
203.91.193.5 - - [23/May/2011:03:23:58 -0700] "GET /rw_common/themes/simple/css/width/width_1000.css HTTP/1.1" 200 30 "http://www.handwritinginsights.com/" "Mozilla/4.0 (compatible; MSIE 7.0; Windows NT 5.1; .NET CLR 2.0.50727; MS-RTC LM 8)"
120.63.25.105 - - [23/May/2011:03:23:58 -0700] "GET /lesson2_files/page6_3.gif HTTP/1.1" 200 108696 "http://www.handwritinginsights.com/lesson2.html" "Mozilla/5.0 (Windows NT 5.1) AppleWebKit/534.24 (KHTML, like Gecko) Chrome/11.0.696.68 Safari/534.24"
203.91.193.5 - - [23/May/2011:03:23:58 -0700] "GET /rw_common/themes/simple/css/sidebar/sidebar_left.css HTTP/1.1" 200 99 "http://www.handwritinginsights.com/" "Mozilla/4.0 (compatible; MSIE 7.0; Windows NT 5.1; .NET CLR 2.0.50727; MS-RTC LM 8)"
203.91.193.5 - - [23/May/2011:03:23:58 -0700] "GET /favicon.ico HTTP/1.1" 404 217 "-" "Mozilla/4.0 (compatible; MSIE 7.0; Windows NT 5.1; .NET CLR 2.0.50727; MS-RTC LM 8)"
203.91.193.5 - - [23/May/2011:03:23:58 -0700] "GET /rw_common/themes/simple/javascript.js HTTP/1.1" 200 14608 "http://www.handwritinginsights.com/" "Mozilla/4.0 (compatible; MSIE 7.0; Windows NT 5.1; .NET CLR 2.0.50727; MS-RTC LM 8)"
203.91.193.5 - - [23/May/2011:03:23:58 -0700] "GET /rw_common/themes/simple/handheld.css HTTP/1.1" 200 6005 "http://www.handwritinginsights.com/" "Mozilla/4.0 (compatible; MSIE 7.0; Windows NT 5.1; .NET CLR 2.0.50727; MS-RTC LM 8)"
120.63.25.105 - - [23/May/2011:03:24:02 -0700] "GET /lesson2_files/page6_1.gif HTTP/1.1" 200 240252 "http://www.handwritinginsights.com/lesson2.html" "Mozilla/5.0 (Windows NT 5.1) AppleWebKit/534.24 (KHTML, like Gecko) Chrome/11.0.696.68 Safari/534.24"
125.63.82.180 - - [23/May/2011:03:24:03 -0700] "GET / HTTP/1.1" 200 32293 "http://www.google.com/search?hl=en&source=hp&biw=1362&bih=584&q=handwriting+analysis+examples&rlz=1R2ADFA_enIN411&aq=2&aqi=g10&aql=&oq=handwriting+an" "Mozilla/4.0 (compatible; MSIE 8.0; Windows NT 6.1; WOW64; Trident/4.0; GTB6.6; SLCC2; .NET CLR 2.0.50727; .NET CLR 3.5.30729; .NET CLR 3.0.30729; Media Center PC 6.0; .NET4.0C)"
125.63.82.180 - - [23/May/2011:03:24:03 -0700] "GET /rw_common/themes/simple/javascript.js HTTP/1.1" 200 14608 "http://www.handwritinginsights.com/" "Mozilla/4.0 (compatible; MSIE 8.0; Windows NT 6.1; WOW64; Trident/4.0; GTB6.6; SLCC2; .NET CLR 2.0.50727; .NET CLR 3.5.30729; .NET CLR 3.0.30729; Media Center PC 6.0; .NET4.0C)"
203.91.193.5 - - [23/May/2011:03:24:03 -0700] "GET /index_files/page0_7.jpg HTTP/1.1" 200 51695 "http://www.handwritinginsights.com/" "Mozilla/4.0 (compatible; MSIE 7.0; Windows NT 5.1; .NET CLR 2.0.50727; MS-RTC LM 8)"
203.91.193.5 - - [23/May/2011:03:24:03 -0700] "GET /index_files/page0_1.jpg HTTP/1.1" 200 10960 "http://www.handwritinginsights.com/" "Mozilla/4.0 (compatible; MSIE 7.0; Windows NT 5.1; .NET CLR 2.0.50727; MS-RTC LM 8)"
125.63.82.180 - - [23/May/2011:03:24:03 -0700] "GET /rw_common/themes/simple/styles.css HTTP/1.1" 200 13520 "http://www.handwritinginsights.com/" "Mozilla/4.0 (compatible; MSIE 8.0; Windows NT 6.1; WOW64; Trident/4.0; GTB6.6; SLCC2; .NET CLR 2.0.50727; .NET CLR 3.5.30729; .NET CLR 3.0.30729; Media Center PC 6.0; .NET4.0C)"
125.63.82.180 - - [23/May/2011:03:24:03 -0700] "GET /rw_common/themes/simple/handheld.css HTTP/1.1" 200 6005 "http://www.handwritinginsights.com/" "Mozilla/4.0 (compatible; MSIE 8.0; Windows NT 6.1; WOW64; Trident/4.0; GTB6.6; SLCC2; .NET CLR 2.0.50727; .NET CLR 3.5.30729; .NET CLR 3.0.30729; Media Center PC 6.0; .NET4.0C)"
203.91.193.5 - - [23/May/2011:03:24:03 -0700] "GET /index_files/page0_3.jpg HTTP/1.1" 200 93261 "http://www.handwritinginsights.com/" "Mozilla/4.0 (compatible; MSIE 7.0; Windows NT 5.1; .NET CLR 2.0.50727; MS-RTC LM 8)"
125.63.82.180 - - [23/May/2011:03:24:04 -0700] "GET /rw_common/themes/simple/css/styles/vibrant_pink.css HTTP/1.1" 200 276 "http://www.handwritinginsights.com/" "Mozilla/4.0 (compatible; MSIE 8.0; Windows NT 6.1; WOW64; Trident/4.0; GTB6.6; SLCC2; .NET CLR 2.0.50727; .NET CLR 3.5.30729; .NET CLR 3.0.30729; Media Center PC 6.0; .NET4.0C)"
125.63.82.180 - - [23/May/2011:03:24:04 -0700] "GET /rw_common/themes/simple/css/sidebar/sidebar_left.css HTTP/1.1" 200 99 "http://www.handwritinginsights.com/" "Mozilla/4.0 (compatible; MSIE 8.0; Windows NT 6.1; WOW64; Trident/4.0; GTB6.6; SLCC2; .NET CLR 2.0.50727; .NET CLR 3.5.30729; .NET CLR 3.0.30729; Media Center PC 6.0; .NET4.0C)"
125.63.82.180 - - [23/May/2011:03:24:04 -0700] "GET /rw_common/themes/simple/css/width/width_1000.css HTTP/1.1" 200 30 "http://www.handwritinginsights.com/" "Mozilla/4.0 (compatible; MSIE 8.0; Windows NT 6.1; WOW64; Trident/4.0; GTB6.6; SLCC2; .NET CLR 2.0.50727; .NET CLR 3.5.30729; .NET CLR 3.0.30729; Media Center PC 6.0; .NET4.0C)"
120.63.25.105 - - [23/May/2011:03:24:04 -0700] "GET /lesson2_files/page6_6.gif HTTP/1.1" 200 100350 "http://www.handwritinginsights.com/lesson2.html" "Mozilla/5.0 (Windows NT 5.1) AppleWebKit/534.24 (KHTML, like Gecko) Chrome/11.0.696.68 Safari/534.24"
125.63.82.180 - - [23/May/2011:03:24:05 -0700] "GET /rw_common/themes/simple/print.css HTTP/1.1" 200 3818 "http://www.handwritinginsights.com/" "Mozilla/4.0 (compatible; MSIE 8.0; Windows NT 6.1; WOW64; Trident/4.0; GTB6.6; SLCC2; .NET CLR 2.0.50727; .NET CLR 3.5.30729; .NET CLR 3.0.30729; Media Center PC 6.0; .NET4.0C)"
120.63.25.105 - - [23/May/2011:03:24:06 -0700] "GET /lesson2_files/page6_2.gif HTTP/1.1" 200 106658 "http://www.handwritinginsights.com/lesson2.html" "Mozilla/5.0 (Windows NT 5.1) AppleWebKit/534.24 (KHTML, like Gecko) Chrome/11.0.696.68 Safari/534.24"
125.63.82.180 - - [23/May/2011:03:24:06 -0700] "GET /index_files/page0_2.jpg HTTP/1.1" 200 64940 "http://www.handwritinginsights.com/" "Mozilla/4.0 (compatible; MSIE 8.0; Windows NT 6.1; WOW64; Trident/4.0; GTB6.6; SLCC2; .NET CLR 2.0.50727; .NET CLR 3.5.30729; .NET CLR 3.0.30729; Media Center PC 6.0; .NET4.0C)"
125.63.82.180 - - [23/May/2011:03:24:06 -0700] "GET /index_files/page0_1.jpg HTTP/1.1" 200 10960 "http://www.handwritinginsights.com/" "Mozilla/4.0 (compatible; MSIE 8.0; Windows NT 6.1; WOW64; Trident/4.0; GTB6.6; SLCC2; .NET CLR 2.0.50727; .NET CLR 3.5.30729; .NET CLR 3.0.30729; Media Center PC 6.0; .NET4.0C)"
125.63.82.180 - - [23/May/2011:03:24:06 -0700] "GET /rw_common/images/Untitled-2.jpg HTTP/1.1" 200 32135 "http://www.handwritinginsights.com/" "Mozilla/4.0 (compatible; MSIE 8.0; Windows NT 6.1; WOW64; Trident/4.0; GTB6.6; SLCC2; .NET CLR 2.0.50727; .NET CLR 3.5.30729; .NET CLR 3.0.30729; Media Center PC 6.0; .NET4.0C)"
125.63.82.180 - - [23/May/2011:03:24:07 -0700] "GET /index_files/page0_5.jpg HTTP/1.1" 200 108875 "http://www.handwritinginsights.com/" "Mozilla/4.0 (compatible; MSIE 8.0; Windows NT 6.1; WOW64; Trident/4.0; GTB6.6; SLCC2; .NET CLR 2.0.50727; .NET CLR 3.5.30729; .NET CLR 3.0.30729; Media Center PC 6.0; .NET4.0C)"
125.63.82.180 - - [23/May/2011:03:24:07 -0700] "GET /index_files/page0_4.jpg HTTP/1.1" 200 100463 "http://www.handwritinginsights.com/" "Mozilla/4.0 (compatible; MSIE 8.0; Windows NT 6.1; WOW64; Trident/4.0; GTB6.6; SLCC2; .NET CLR 2.0.50727; .NET CLR 3.5.30729; .NET CLR 3.0.30729; Media Center PC 6.0; .NET4.0C)"
125.63.82.180 - - [23/May/2011:03:24:07 -0700] "GET /index_files/page0_3.jpg HTTP/1.1" 200 93261 "http://www.handwritinginsights.com/" "Mozilla/4.0 (compatible; MSIE 8.0; Windows NT 6.1; WOW64; Trident/4.0; GTB6.6; SLCC2; .NET CLR 2.0.50727; .NET CLR 3.5.30729; .NET CLR 3.0.30729; Media Center PC 6.0; .NET4.0C)"
125.63.82.180 - - [23/May/2011:03:24:07 -0700] "GET /index_files/page0_7.jpg HTTP/1.1" 200 51695 "http://www.handwritinginsights.com/" "Mozilla/4.0 (compatible; MSIE 8.0; Windows NT 6.1; WOW64; Trident/4.0; GTB6.6; SLCC2; .NET CLR 2.0.50727; .NET CLR 3.5.30729; .NET CLR 3.0.30729; Media Center PC 6.0; .NET4.0C)"
125.63.82.180 - - [23/May/2011:03:24:08 -0700] "GET /index_files/page0_6.jpg HTTP/1.1" 200 243962 "http://www.handwritinginsights.com/" "Mozilla/4.0 (compatible; MSIE 8.0; Windows NT 6.1; WOW64; Trident/4.0; GTB6.6; SLCC2; .NET CLR 2.0.50727; .NET CLR 3.5.30729; .NET CLR 3.0.30729; Media Center PC 6.0; .NET4.0C)"
125.63.82.180 - - [23/May/2011:03:24:08 -0700] "GET /rw_common/themes/simple/images/button_normal.png HTTP/1.1" 200 192 "http://www.handwritinginsights.com/" "Mozilla/4.0 (compatible; MSIE 8.0; Windows NT 6.1; WOW64; Trident/4.0; GTB6.6; SLCC2; .NET CLR 2.0.50727; .NET CLR 3.5.30729; .NET CLR 3.0.30729; Media Center PC 6.0; .NET4.0C)"
125.63.82.180 - - [23/May/2011:03:24:08 -0700] "GET /rw_common/themes/simple/images/button_down.png HTTP/1.1" 200 196 "http://www.handwritinginsights.com/" "Mozilla/4.0 (compatible; MSIE 8.0; Windows NT 6.1; WOW64; Trident/4.0; GTB6.6; SLCC2; .NET CLR 2.0.50727; .NET CLR 3.5.30729; .NET CLR 3.0.30729; Media Center PC 6.0; .NET4.0C)"
125.63.82.180 - - [23/May/2011:03:24:08 -0700] "GET /rw_common/themes/simple/images/header_bg.png HTTP/1.1" 200 155 "http://www.handwritinginsights.com/" "Mozilla/4.0 (compatible; MSIE 8.0; Windows NT 6.1; WOW64; Trident/4.0; GTB6.6; SLCC2; .NET CLR 2.0.50727; .NET CLR 3.5.30729; .NET CLR 3.0.30729; Media Center PC 6.0; .NET4.0C)"
125.63.82.180 - - [23/May/2011:03:24:09 -0700] "GET /favicon.ico HTTP/1.1" 404 217 "-" "Mozilla/4.0 (compatible; MSIE 8.0; Windows NT 6.1; WOW64; Trident/4.0; GTB6.6; SLCC2; .NET CLR 2.0.50727; .NET CLR 3.5.30729; .NET CLR 3.0.30729; Media Center PC 6.0; .NET4.0C)"
120.63.25.105 - - [23/May/2011:03:24:10 -0700] "GET /lesson2_files/page6_7.jpg HTTP/1.1" 200 50196 "http://www.handwritinginsights.com/lesson2.html" "Mozilla/5.0 (Windows NT 5.1) AppleWebKit/534.24 (KHTML, like Gecko) Chrome/11.0.696.68 Safari/534.24"
120.63.25.105 - - [23/May/2011:03:24:16 -0700] "GET /lesson2_files/page6_8.gif HTTP/1.1" 200 100673 "http://www.handwritinginsights.com/lesson2.html" "Mozilla/5.0 (Windows NT 5.1) AppleWebKit/534.24 (KHTML, like Gecko) Chrome/11.0.696.68 Safari/534.24"
207.46.199.51 - - [23/May/2011:03:24:16 -0700] "GET /robots.txt HTTP/1.1" 404 216 "-" "Mozilla/5.0 (compatible; bingbot/2.0; +http://www.bing.com/bingbot.htm)"
120.63.25.105 - - [23/May/2011:03:24:25 -0700] "GET /lesson2_files/page6_4.gif HTTP/1.1" 200 197600 "http://www.handwritinginsights.com/lesson2.html" "Mozilla/5.0 (Windows NT 5.1) AppleWebKit/534.24 (KHTML, like Gecko) Chrome/11.0.696.68 Safari/534.24"
203.123.180.246 - - [23/May/2011:03:24:39 -0700] "GET / HTTP/1.1" 200 32293 "http://www.google.co.in/url?sa=t&source=web&cd=2&ved=0CB8QFjAB&url=http%3A%2F%2Fwww.handwritinginsights.com%2F&rct=j&q=handwriting%20analysis&ei=3zXaTYinFYWgvQP0hfitBw&usg=AFQjCNEICSJoJkVMgTFu2A41Q60rJogRmw" "Mozilla/4.0 (compatible; MSIE 8.0; Windows NT 5.1; Trident/4.0; .NET CLR 1.1.4322; .NET CLR 2.0.50727; .NET CLR 3.0.04506.30; MDDR; .NET CLR 3.0.4506.2152; .NET CLR 3.5.30729; InfoPath.1)"
120.63.25.105 - - [23/May/2011:03:24:43 -0700] "GET /favicon.ico HTTP/1.1" 404 217 "-" "Mozilla/5.0 (Windows NT 5.1) AppleWebKit/534.24 (KHTML, like Gecko) Chrome/11.0.696.68 Safari/534.24"
203.123.180.246 - - [23/May/2011:03:24:45 -0700] "GET / HTTP/1.1" 200 32293 "http://www.google.co.in/url?sa=t&source=web&cd=2&ved=0CB8QFjAB&url=http%3A%2F%2Fwww.handwritinginsights.com%2F&rct=j&q=handwriting%20analysis&ei=3zXaTYinFYWgvQP0hfitBw&usg=AFQjCNEICSJoJkVMgTFu2A41Q60rJogRmw" "Mozilla/4.0 (compatible; MSIE 8.0; Windows NT 5.1; Trident/4.0; .NET CLR 1.1.4322; .NET CLR 2.0.50727; .NET CLR 3.0.04506.30; MDDR; .NET CLR 3.0.4506.2152; .NET CLR 3.5.30729; InfoPath.1)"
203.123.180.246 - - [23/May/2011:03:24:46 -0700] "GET /rw_common/themes/simple/css/styles/vibrant_pink.css HTTP/1.1" 200 276 "http://www.handwritinginsights.com/" "Mozilla/4.0 (compatible; MSIE 8.0; Windows NT 5.1; Trident/4.0; .NET CLR 1.1.4322; .NET CLR 2.0.50727; .NET CLR 3.0.04506.30; MDDR; .NET CLR 3.0.4506.2152; .NET CLR 3.5.30729; InfoPath.1)"
203.123.180.246 - - [23/May/2011:03:24:46 -0700] "GET /rw_common/themes/simple/css/sidebar/sidebar_left.css HTTP/1.1" 200 99 "http://www.handwritinginsights.com/" "Mozilla/4.0 (compatible; MSIE 8.0; Windows NT 5.1; Trident/4.0; .NET CLR 1.1.4322; .NET CLR 2.0.50727; .NET CLR 3.0.04506.30; MDDR; .NET CLR 3.0.4506.2152; .NET CLR 3.5.30729; InfoPath.1)"
203.123.180.246 - - [23/May/2011:03:24:46 -0700] "GET /rw_common/themes/simple/print.css HTTP/1.1" 200 3818 "http://www.handwritinginsights.com/" "Mozilla/4.0 (compatible; MSIE 8.0; Windows NT 5.1; Trident/4.0; .NET CLR 1.1.4322; .NET CLR 2.0.50727; .NET CLR 3.0.04506.30; MDDR; .NET CLR 3.0.4506.2152; .NET CLR 3.5.30729; InfoPath.1)"
203.123.180.246 - - [23/May/2011:03:24:46 -0700] "GET /rw_common/themes/simple/javascript.js HTTP/1.1" 200 14608 "http://www.handwritinginsights.com/" "Mozilla/4.0 (compatible; MSIE 8.0; Windows NT 5.1; Trident/4.0; .NET CLR 1.1.4322; .NET CLR 2.0.50727; .NET CLR 3.0.04506.30; MDDR; .NET CLR 3.0.4506.2152; .NET CLR 3.5.30729; InfoPath.1)"
203.123.180.246 - - [23/May/2011:03:24:46 -0700] "GET /rw_common/themes/simple/styles.css HTTP/1.1" 200 13520 "http://www.handwritinginsights.com/" "Mozilla/4.0 (compatible; MSIE 8.0; Windows NT 5.1; Trident/4.0; .NET CLR 1.1.4322; .NET CLR 2.0.50727; .NET CLR 3.0.04506.30; MDDR; .NET CLR 3.0.4506.2152; .NET CLR 3.5.30729; InfoPath.1)"
203.123.180.246 - - [23/May/2011:03:24:46 -0700] "GET /rw_common/themes/simple/css/width/width_1000.css HTTP/1.1" 200 30 "http://www.handwritinginsights.com/" "Mozilla/4.0 (compatible; MSIE 8.0; Windows NT 5.1; Trident/4.0; .NET CLR 1.1.4322; .NET CLR 2.0.50727; .NET CLR 3.0.04506.30; MDDR; .NET CLR 3.0.4506.2152; .NET CLR 3.5.30729; InfoPath.1)"
203.123.180.246 - - [23/May/2011:03:24:46 -0700] "GET /rw_common/themes/simple/handheld.css HTTP/1.1" 200 6005 "http://www.handwritinginsights.com/" "Mozilla/4.0 (compatible; MSIE 8.0; Windows NT 5.1; Trident/4.0; .NET CLR 1.1.4322; .NET CLR 2.0.50727; .NET CLR 3.0.04506.30; MDDR; .NET CLR 3.0.4506.2152; .NET CLR 3.5.30729; InfoPath.1)"
203.123.180.246 - - [23/May/2011:03:24:47 -0700] "GET /index_files/page0_1.jpg HTTP/1.1" 200 10960 "http://www.handwritinginsights.com/" "Mozilla/4.0 (compatible; MSIE 8.0; Windows NT 5.1; Trident/4.0; .NET CLR 1.1.4322; .NET CLR 2.0.50727; .NET CLR 3.0.04506.30; MDDR; .NET CLR 3.0.4506.2152; .NET CLR 3.5.30729; InfoPath.1)"
203.123.180.246 - - [23/May/2011:03:24:47 -0700] "GET /index_files/page0_5.jpg HTTP/1.1" 200 108875 "http://www.handwritinginsights.com/" "Mozilla/4.0 (compatible; MSIE 8.0; Windows NT 5.1; Trident/4.0; .NET CLR 1.1.4322; .NET CLR 2.0.50727; .NET CLR 3.0.04506.30; MDDR; .NET CLR 3.0.4506.2152; .NET CLR 3.5.30729; InfoPath.1)"
203.123.180.246 - - [23/May/2011:03:24:47 -0700] "GET /index_files/page0_2.jpg HTTP/1.1" 200 64940 "http://www.handwritinginsights.com/" "Mozilla/4.0 (compatible; MSIE 8.0; Windows NT 5.1; Trident/4.0; .NET CLR 1.1.4322; .NET CLR 2.0.50727; .NET CLR 3.0.04506.30; MDDR; .NET CLR 3.0.4506.2152; .NET CLR 3.5.30729; InfoPath.1)"
203.123.180.246 - - [23/May/2011:03:24:47 -0700] "GET /index_files/page0_4.jpg HTTP/1.1" 200 100463 "http://www.handwritinginsights.com/" "Mozilla/4.0 (compatible; MSIE 8.0; Windows NT 5.1; Trident/4.0; .NET CLR 1.1.4322; .NET CLR 2.0.50727; .NET CLR 3.0.04506.30; MDDR; .NET CLR 3.0.4506.2152; .NET CLR 3.5.30729; InfoPath.1)"
203.123.180.246 - - [23/May/2011:03:24:48 -0700] "GET /rw_common/images/Untitled-2.jpg HTTP/1.1" 200 32135 "http://www.handwritinginsights.com/" "Mozilla/4.0 (compatible; MSIE 8.0; Windows NT 5.1; Trident/4.0; .NET CLR 1.1.4322; .NET CLR 2.0.50727; .NET CLR 3.0.04506.30; MDDR; .NET CLR 3.0.4506.2152; .NET CLR 3.5.30729; InfoPath.1)"
203.123.180.246 - - [23/May/2011:03:24:48 -0700] "GET /rw_common/themes/simple/images/header_bg.png HTTP/1.1" 200 155 "http://www.handwritinginsights.com/" "Mozilla/4.0 (compatible; MSIE 8.0; Windows NT 5.1; Trident/4.0; .NET CLR 1.1.4322; .NET CLR 2.0.50727; .NET CLR 3.0.04506.30; MDDR; .NET CLR 3.0.4506.2152; .NET CLR 3.5.30729; InfoPath.1)"
203.123.180.246 - - [23/May/2011:03:24:48 -0700] "GET /rw_common/themes/simple/images/button_down.png HTTP/1.1" 200 196 "http://www.handwritinginsights.com/" "Mozilla/4.0 (compatible; MSIE 8.0; Windows NT 5.1; Trident/4.0; .NET CLR 1.1.4322; .NET CLR 2.0.50727; .NET CLR 3.0.04506.30; MDDR; .NET CLR 3.0.4506.2152; .NET CLR 3.5.30729; InfoPath.1)"
203.123.180.246 - - [23/May/2011:03:24:48 -0700] "GET /index_files/page0_3.jpg HTTP/1.1" 200 93261 "http://www.handwritinginsights.com/" "Mozilla/4.0 (compatible; MSIE 8.0; Windows NT 5.1; Trident/4.0; .NET CLR 1.1.4322; .NET CLR 2.0.50727; .NET CLR 3.0.04506.30; MDDR; .NET CLR 3.0.4506.2152; .NET CLR 3.5.30729; InfoPath.1)"
203.123.180.246 - - [23/May/2011:03:24:48 -0700] "GET /index_files/page0_7.jpg HTTP/1.1" 200 51695 "http://www.handwritinginsights.com/" "Mozilla/4.0 (compatible; MSIE 8.0; Windows NT 5.1; Trident/4.0; .NET CLR 1.1.4322; .NET CLR 2.0.50727; .NET CLR 3.0.04506.30; MDDR; .NET CLR 3.0.4506.2152; .NET CLR 3.5.30729; InfoPath.1)"
203.123.180.246 - - [23/May/2011:03:24:49 -0700] "GET /index_files/page0_6.jpg HTTP/1.1" 200 243962 "http://www.handwritinginsights.com/" "Mozilla/4.0 (compatible; MSIE 8.0; Windows NT 5.1; Trident/4.0; .NET CLR 1.1.4322; .NET CLR 2.0.50727; .NET CLR 3.0.04506.30; MDDR; .NET CLR 3.0.4506.2152; .NET CLR 3.5.30729; InfoPath.1)"
203.123.180.246 - - [23/May/2011:03:24:49 -0700] "GET /favicon.ico HTTP/1.1" 404 217 "-" "Mozilla/4.0 (compatible; MSIE 8.0; Windows NT 5.1; Trident/4.0; .NET CLR 1.1.4322; .NET CLR 2.0.50727; .NET CLR 3.0.04506.30; MDDR; .NET CLR 3.0.4506.2152; .NET CLR 3.5.30729; InfoPath.1)"
203.123.180.246 - - [23/May/2011:03:24:49 -0700] "GET /rw_common/themes/simple/images/button_normal.png HTTP/1.1" 200 192 "http://www.handwritinginsights.com/" "Mozilla/4.0 (compatible; MSIE 8.0; Windows NT 5.1; Trident/4.0; .NET CLR 1.1.4322; .NET CLR 2.0.50727; .NET CLR 3.0.04506.30; MDDR; .NET CLR 3.0.4506.2152; .NET CLR 3.5.30729; InfoPath.1)"
207.46.199.51 - - [23/May/2011:03:25:10 -0700] "GET /authors.html HTTP/1.1" 304 - "-" "Mozilla/5.0 (compatible; bingbot/2.0; +http://www.bing.com/bingbot.htm)"
125.63.82.180 - - [23/May/2011:03:25:49 -0700] "GET /lesson.html HTTP/1.1" 200 48485 "http://www.handwritinginsights.com/" "Mozilla/4.0 (compatible; MSIE 8.0; Windows NT 6.1; WOW64; Trident/4.0; GTB6.6; SLCC2; .NET CLR 2.0.50727; .NET CLR 3.5.30729; .NET CLR 3.0.30729; Media Center PC 6.0; .NET4.0C)"
125.63.82.180 - - [23/May/2011:03:25:50 -0700] "GET /rw_common/themes/simple/css/styles/vibrant_pink.css HTTP/1.1" 304 - "http://www.handwritinginsights.com/lesson.html" "Mozilla/4.0 (compatible; MSIE 8.0; Windows NT 6.1; WOW64; Trident/4.0; GTB6.6; SLCC2; .NET CLR 2.0.50727; .NET CLR 3.5.30729; .NET CLR 3.0.30729; Media Center PC 6.0; .NET4.0C)"
125.63.82.180 - - [23/May/2011:03:25:50 -0700] "GET /rw_common/themes/simple/images/button_down.png HTTP/1.1" 304 - "http://www.handwritinginsights.com/lesson.html" "Mozilla/4.0 (compatible; MSIE 8.0; Windows NT 6.1; WOW64; Trident/4.0; GTB6.6; SLCC2; .NET CLR 2.0.50727; .NET CLR 3.5.30729; .NET CLR 3.0.30729; Media Center PC 6.0; .NET4.0C)"
125.63.82.180 - - [23/May/2011:03:25:50 -0700] "GET /lesson_files/page5_1.jpg HTTP/1.1" 200 27598 "http://www.handwritinginsights.com/lesson.html" "Mozilla/4.0 (compatible; MSIE 8.0; Windows NT 6.1; WOW64; Trident/4.0; GTB6.6; SLCC2; .NET CLR 2.0.50727; .NET CLR 3.5.30729; .NET CLR 3.0.30729; Media Center PC 6.0; .NET4.0C)"
125.63.82.180 - - [23/May/2011:03:25:50 -0700] "GET /rw_common/themes/simple/handheld.css HTTP/1.1" 304 - "http://www.handwritinginsights.com/lesson.html" "Mozilla/4.0 (compatible; MSIE 8.0; Windows NT 6.1; WOW64; Trident/4.0; GTB6.6; SLCC2; .NET CLR 2.0.50727; .NET CLR 3.5.30729; .NET CLR 3.0.30729; Media Center PC 6.0; .NET4.0C)"
125.63.82.180 - - [23/May/2011:03:25:50 -0700] "GET /rw_common/themes/simple/css/sidebar/sidebar_left.css HTTP/1.1" 304 - "http://www.handwritinginsights.com/lesson.html" "Mozilla/4.0 (compatible; MSIE 8.0; Windows NT 6.1; WOW64; Trident/4.0; GTB6.6; SLCC2; .NET CLR 2.0.50727; .NET CLR 3.5.30729; .NET CLR 3.0.30729; Media Center PC 6.0; .NET4.0C)"
125.63.82.180 - - [23/May/2011:03:25:50 -0700] "GET /lesson_files/page5_3.jpg HTTP/1.1" 200 29890 "http://www.handwritinginsights.com/lesson.html" "Mozilla/4.0 (compatible; MSIE 8.0; Windows NT 6.1; WOW64; Trident/4.0; GTB6.6; SLCC2; .NET CLR 2.0.50727; .NET CLR 3.5.30729; .NET CLR 3.0.30729; Media Center PC 6.0; .NET4.0C)"
125.63.82.180 - - [23/May/2011:03:25:50 -0700] "GET /rw_common/themes/simple/styles.css HTTP/1.1" 304 - "http://www.handwritinginsights.com/lesson.html" "Mozilla/4.0 (compatible; MSIE 8.0; Windows NT 6.1; WOW64; Trident/4.0; GTB6.6; SLCC2; .NET CLR 2.0.50727; .NET CLR 3.5.30729; .NET CLR 3.0.30729; Media Center PC 6.0; .NET4.0C)"
125.63.82.180 - - [23/May/2011:03:25:50 -0700] "GET /rw_common/images/Untitled-2.jpg HTTP/1.1" 304 - "http://www.handwritinginsights.com/lesson.html" "Mozilla/4.0 (compatible; MSIE 8.0; Windows NT 6.1; WOW64; Trident/4.0; GTB6.6; SLCC2; .NET CLR 2.0.50727; .NET CLR 3.5.30729; .NET CLR 3.0.30729; Media Center PC 6.0; .NET4.0C)"
125.63.82.180 - - [23/May/2011:03:25:50 -0700] "GET /rw_common/themes/simple/print.css HTTP/1.1" 304 - "http://www.handwritinginsights.com/lesson.html" "Mozilla/4.0 (compatible; MSIE 8.0; Windows NT 6.1; WOW64; Trident/4.0; GTB6.6; SLCC2; .NET CLR 2.0.50727; .NET CLR 3.5.30729; .NET CLR 3.0.30729; Media Center PC 6.0; .NET4.0C)"
125.63.82.180 - - [23/May/2011:03:25:50 -0700] "GET /rw_common/themes/simple/javascript.js HTTP/1.1" 304 - "http://www.handwritinginsights.com/lesson.html" "Mozilla/4.0 (compatible; MSIE 8.0; Windows NT 6.1; WOW64; Trident/4.0; GTB6.6; SLCC2; .NET CLR 2.0.50727; .NET CLR 3.5.30729; .NET CLR 3.0.30729; Media Center PC 6.0; .NET4.0C)"
125.63.82.180 - - [23/May/2011:03:25:50 -0700] "GET /rw_common/themes/simple/images/header_bg.png HTTP/1.1" 304 - "http://www.handwritinginsights.com/lesson.html" "Mozilla/4.0 (compatible; MSIE 8.0; Windows NT 6.1; WOW64; Trident/4.0; GTB6.6; SLCC2; .NET CLR 2.0.50727; .NET CLR 3.5.30729; .NET CLR 3.0.30729; Media Center PC 6.0; .NET4.0C)"
125.63.82.180 - - [23/May/2011:03:25:50 -0700] "GET /rw_common/themes/simple/css/width/width_1000.css HTTP/1.1" 304 - "http://www.handwritinginsights.com/lesson.html" "Mozilla/4.0 (compatible; MSIE 8.0; Windows NT 6.1; WOW64; Trident/4.0; GTB6.6; SLCC2; .NET CLR 2.0.50727; .NET CLR 3.5.30729; .NET CLR 3.0.30729; Media Center PC 6.0; .NET4.0C)"
125.63.82.180 - - [23/May/2011:03:25:51 -0700] "GET /rw_common/themes/simple/images/button_normal.png HTTP/1.1" 304 - "http://www.handwritinginsights.com/lesson.html" "Mozilla/4.0 (compatible; MSIE 8.0; Windows NT 6.1; WOW64; Trident/4.0; GTB6.6; SLCC2; .NET CLR 2.0.50727; .NET CLR 3.5.30729; .NET CLR 3.0.30729; Media Center PC 6.0; .NET4.0C)"
125.63.82.180 - - [23/May/2011:03:25:51 -0700] "GET /lesson_files/page5_5.jpg HTTP/1.1" 200 39256 "http://www.handwritinginsights.com/lesson.html" "Mozilla/4.0 (compatible; MSIE 8.0; Windows NT 6.1; WOW64; Trident/4.0; GTB6.6; SLCC2; .NET CLR 2.0.50727; .NET CLR 3.5.30729; .NET CLR 3.0.30729; Media Center PC 6.0; .NET4.0C)"
125.63.82.180 - - [23/May/2011:03:25:51 -0700] "GET /lesson_files/page5_7.jpg HTTP/1.1" 200 44580 "http://www.handwritinginsights.com/lesson.html" "Mozilla/4.0 (compatible; MSIE 8.0; Windows NT 6.1; WOW64; Trident/4.0; GTB6.6; SLCC2; .NET CLR 2.0.50727; .NET CLR 3.5.30729; .NET CLR 3.0.30729; Media Center PC 6.0; .NET4.0C)"
125.63.82.180 - - [23/May/2011:03:25:52 -0700] "GET /lesson_files/page5_2.jpg HTTP/1.1" 200 100885 "http://www.handwritinginsights.com/lesson.html" "Mozilla/4.0 (compatible; MSIE 8.0; Windows NT 6.1; WOW64; Trident/4.0; GTB6.6; SLCC2; .NET CLR 2.0.50727; .NET CLR 3.5.30729; .NET CLR 3.0.30729; Media Center PC 6.0; .NET4.0C)"
125.63.82.180 - - [23/May/2011:03:25:52 -0700] "GET /lesson_files/page5_4.jpg HTTP/1.1" 200 106714 "http://www.handwritinginsights.com/lesson.html" "Mozilla/4.0 (compatible; MSIE 8.0; Windows NT 6.1; WOW64; Trident/4.0; GTB6.6; SLCC2; .NET CLR 2.0.50727; .NET CLR 3.5.30729; .NET CLR 3.0.30729; Media Center PC 6.0; .NET4.0C)"
125.63.82.180 - - [23/May/2011:03:25:52 -0700] "GET /lesson_files/page5_8.jpg HTTP/1.1" 200 47824 "http://www.handwritinginsights.com/lesson.html" "Mozilla/4.0 (compatible; MSIE 8.0; Windows NT 6.1; WOW64; Trident/4.0; GTB6.6; SLCC2; .NET CLR 2.0.50727; .NET CLR 3.5.30729; .NET CLR 3.0.30729; Media Center PC 6.0; .NET4.0C)"
125.63.82.180 - - [23/May/2011:03:25:53 -0700] "GET /lesson_files/page5_6.jpg HTTP/1.1" 200 114115 "http://www.handwritinginsights.com/lesson.html" "Mozilla/4.0 (compatible; MSIE 8.0; Windows NT 6.1; WOW64; Trident/4.0; GTB6.6; SLCC2; .NET CLR 2.0.50727; .NET CLR 3.5.30729; .NET CLR 3.0.30729; Media Center PC 6.0; .NET4.0C)"
125.63.82.180 - - [23/May/2011:03:25:53 -0700] "GET /lesson_files/page5_10.jpg HTTP/1.1" 200 51695 "http://www.handwritinginsights.com/lesson.html" "Mozilla/4.0 (compatible; MSIE 8.0; Windows NT 6.1; WOW64; Trident/4.0; GTB6.6; SLCC2; .NET CLR 2.0.50727; .NET CLR 3.5.30729; .NET CLR 3.0.30729; Media Center PC 6.0; .NET4.0C)"
125.63.82.180 - - [23/May/2011:03:25:54 -0700] "GET /lesson_files/page5_9.jpg HTTP/1.1" 200 164364 "http://www.handwritinginsights.com/lesson.html" "Mozilla/4.0 (compatible; MSIE 8.0; Windows NT 6.1; WOW64; Trident/4.0; GTB6.6; SLCC2; .NET CLR 2.0.50727; .NET CLR 3.5.30729; .NET CLR 3.0.30729; Media Center PC 6.0; .NET4.0C)"
125.63.82.180 - - [23/May/2011:03:25:55 -0700] "GET /favicon.ico HTTP/1.1" 404 217 "-" "Mozilla/4.0 (compatible; MSIE 8.0; Windows NT 6.1; WOW64; Trident/4.0; GTB6.6; SLCC2; .NET CLR 2.0.50727; .NET CLR 3.5.30729; .NET CLR 3.0.30729; Media Center PC 6.0; .NET4.0C)"
86.142.201.28 - - [23/May/2011:03:26:21 -0700] "GET / HTTP/1.1" 200 32293 "http://www.google.co.uk/url?sa=t&source=web&cd=2&sqi=2&ved=0CB4QFjAB&url=http%3A%2F%2Fwww.handwritinginsights.com%2F&rct=j&q=Handwriting%20open%20a's&ei=7jXaTY_SLNOw8QOc66SEBQ&usg=AFQjCNEICSJoJkVMgTFu2A41Q60rJogRmw" "Mozilla/4.0 (compatible; MSIE 8.0; Windows NT 5.1; Trident/4.0; .NET CLR 1.1.4322)"
86.142.201.28 - - [23/May/2011:03:26:22 -0700] "GET /rw_common/themes/simple/styles.css HTTP/1.1" 200 13520 "http://www.handwritinginsights.com/" "Mozilla/4.0 (compatible; MSIE 8.0; Windows NT 5.1; Trident/4.0; .NET CLR 1.1.4322)"
86.142.201.28 - - [23/May/2011:03:26:23 -0700] "GET /rw_common/themes/simple/css/sidebar/sidebar_left.css HTTP/1.1" 200 99 "http://www.handwritinginsights.com/" "Mozilla/4.0 (compatible; MSIE 8.0; Windows NT 5.1; Trident/4.0; .NET CLR 1.1.4322)"
86.142.201.28 - - [23/May/2011:03:26:23 -0700] "GET /rw_common/themes/simple/css/width/width_1000.css HTTP/1.1" 200 30 "http://www.handwritinginsights.com/" "Mozilla/4.0 (compatible; MSIE 8.0; Windows NT 5.1; Trident/4.0; .NET CLR 1.1.4322)"
86.142.201.28 - - [23/May/2011:03:26:23 -0700] "GET /rw_common/themes/simple/print.css HTTP/1.1" 200 3818 "http://www.handwritinginsights.com/" "Mozilla/4.0 (compatible; MSIE 8.0; Windows NT 5.1; Trident/4.0; .NET CLR 1.1.4322)"
86.142.201.28 - - [23/May/2011:03:26:23 -0700] "GET /rw_common/themes/simple/handheld.css HTTP/1.1" 200 6005 "http://www.handwritinginsights.com/" "Mozilla/4.0 (compatible; MSIE 8.0; Windows NT 5.1; Trident/4.0; .NET CLR 1.1.4322)"
86.142.201.28 - - [23/May/2011:03:26:23 -0700] "GET /rw_common/themes/simple/css/styles/vibrant_pink.css HTTP/1.1" 200 276 "http://www.handwritinginsights.com/" "Mozilla/4.0 (compatible; MSIE 8.0; Windows NT 5.1; Trident/4.0; .NET CLR 1.1.4322)"
86.142.201.28 - - [23/May/2011:03:26:24 -0700] "GET /rw_common/themes/simple/javascript.js HTTP/1.1" 200 14608 "http://www.handwritinginsights.com/" "Mozilla/4.0 (compatible; MSIE 8.0; Windows NT 5.1; Trident/4.0; .NET CLR 1.1.4322)"
86.142.201.28 - - [23/May/2011:03:26:25 -0700] "GET /index_files/page0_1.jpg HTTP/1.1" 200 10960 "http://www.handwritinginsights.com/" "Mozilla/4.0 (compatible; MSIE 8.0; Windows NT 5.1; Trident/4.0; .NET CLR 1.1.4322)"
86.142.201.28 - - [23/May/2011:03:26:25 -0700] "GET /index_files/page0_7.jpg HTTP/1.1" 200 51695 "http://www.handwritinginsights.com/" "Mozilla/4.0 (compatible; MSIE 8.0; Windows NT 5.1; Trident/4.0; .NET CLR 1.1.4322)"
86.142.201.28 - - [23/May/2011:03:26:25 -0700] "GET /rw_common/images/Untitled-2.jpg HTTP/1.1" 200 32135 "http://www.handwritinginsights.com/" "Mozilla/4.0 (compatible; MSIE 8.0; Windows NT 5.1; Trident/4.0; .NET CLR 1.1.4322)"
86.142.201.28 - - [23/May/2011:03:26:25 -0700] "GET /rw_common/themes/simple/images/header_bg.png HTTP/1.1" 200 155 "http://www.handwritinginsights.com/" "Mozilla/4.0 (compatible; MSIE 8.0; Windows NT 5.1; Trident/4.0; .NET CLR 1.1.4322)"
86.142.201.28 - - [23/May/2011:03:26:26 -0700] "GET /index_files/page0_2.jpg HTTP/1.1" 200 64940 "http://www.handwritinginsights.com/" "Mozilla/4.0 (compatible; MSIE 8.0; Windows NT 5.1; Trident/4.0; .NET CLR 1.1.4322)"
86.142.201.28 - - [23/May/2011:03:26:26 -0700] "GET /index_files/page0_5.jpg HTTP/1.1" 200 108875 "http://www.handwritinginsights.com/" "Mozilla/4.0 (compatible; MSIE 8.0; Windows NT 5.1; Trident/4.0; .NET CLR 1.1.4322)"
86.142.201.28 - - [23/May/2011:03:26:26 -0700] "GET /index_files/page0_3.jpg HTTP/1.1" 200 93261 "http://www.handwritinginsights.com/" "Mozilla/4.0 (compatible; MSIE 8.0; Windows NT 5.1; Trident/4.0; .NET CLR 1.1.4322)"
86.142.201.28 - - [23/May/2011:03:26:26 -0700] "GET /index_files/page0_4.jpg HTTP/1.1" 200 100463 "http://www.handwritinginsights.com/" "Mozilla/4.0 (compatible; MSIE 8.0; Windows NT 5.1; Trident/4.0; .NET CLR 1.1.4322)"
86.142.201.28 - - [23/May/2011:03:26:26 -0700] "GET /rw_common/themes/simple/images/button_down.png HTTP/1.1" 200 196 "http://www.handwritinginsights.com/" "Mozilla/4.0 (compatible; MSIE 8.0; Windows NT 5.1; Trident/4.0; .NET CLR 1.1.4322)"
86.142.201.28 - - [23/May/2011:03:26:28 -0700] "GET /rw_common/themes/simple/images/button_normal.png HTTP/1.1" 200 192 "http://www.handwritinginsights.com/" "Mozilla/4.0 (compatible; MSIE 8.0; Windows NT 5.1; Trident/4.0; .NET CLR 1.1.4322)"
86.142.201.28 - - [23/May/2011:03:26:28 -0700] "GET /index_files/page0_6.jpg HTTP/1.1" 200 243962 "http://www.handwritinginsights.com/" "Mozilla/4.0 (compatible; MSIE 8.0; Windows NT 5.1; Trident/4.0; .NET CLR 1.1.4322)"
86.142.201.28 - - [23/May/2011:03:26:29 -0700] "GET /favicon.ico HTTP/1.1" 404 217 "-" "Mozilla/4.0 (compatible; MSIE 8.0; Windows NT 5.1; Trident/4.0; .NET CLR 1.1.4322)"
98.242.196.97 - - [23/May/2011:03:26:50 -0700] "GET /favicon.ico HTTP/1.1" 404 217 "-" "Mozilla/4.0 (compatible; GoogleToolbar 7.0.1710.2246; Windows 6.1; MSIE 8.0.7600.16385)"
98.242.196.97 - - [23/May/2011:03:26:50 -0700] "GET /favicon.gif HTTP/1.1" 404 217 "-" "Mozilla/4.0 (compatible; GoogleToolbar 7.0.1710.2246; Windows 6.1; MSIE 8.0.7600.16385)"
59.182.148.190 - - [23/May/2011:03:27:14 -0700] "GET /rw_common/themes/simple/css/width/width_1000.css HTTP/1.1" 200 30 "http://www.handwritinginsights.com/" "Mozilla/5.0 (Windows NT 5.1) AppleWebKit/534.24 (KHTML, like Gecko) Chrome/11.0.696.68 Safari/534.24"
59.182.148.190 - - [23/May/2011:03:27:14 -0700] "GET /rw_common/themes/simple/javascript.js HTTP/1.1" 200 14608 "http://www.handwritinginsights.com/" "Mozilla/5.0 (Windows NT 5.1) AppleWebKit/534.24 (KHTML, like Gecko) Chrome/11.0.696.68 Safari/534.24"
59.182.148.190 - - [23/May/2011:03:27:14 -0700] "GET / HTTP/1.1" 200 32293 "http://www.google.co.in/url?sa=t&source=web&cd=3&ved=0CC8QFjAC&url=http%3A%2F%2Fwww.handwritinginsights.com%2F&rct=j&q=handwriting%20analysis%20examples&ei=ezbaTYu7AszprQeg-Nj-BQ&usg=AFQjCNEICSJoJkVMgTFu2A41Q60rJogRmw" "Mozilla/5.0 (Windows NT 5.1) AppleWebKit/534.24 (KHTML, like Gecko) Chrome/11.0.696.68 Safari/534.24"
59.182.148.190 - - [23/May/2011:03:27:14 -0700] "GET /rw_common/themes/simple/styles.css HTTP/1.1" 200 13520 "http://www.handwritinginsights.com/" "Mozilla/5.0 (Windows NT 5.1) AppleWebKit/534.24 (KHTML, like Gecko) Chrome/11.0.696.68 Safari/534.24"
59.182.148.190 - - [23/May/2011:03:27:15 -0700] "GET /rw_common/themes/simple/css/styles/vibrant_pink.css HTTP/1.1" 200 276 "http://www.handwritinginsights.com/" "Mozilla/5.0 (Windows NT 5.1) AppleWebKit/534.24 (KHTML, like Gecko) Chrome/11.0.696.68 Safari/534.24"
59.182.148.190 - - [23/May/2011:03:27:15 -0700] "GET /rw_common/themes/simple/print.css HTTP/1.1" 200 3818 "http://www.handwritinginsights.com/" "Mozilla/5.0 (Windows NT 5.1) AppleWebKit/534.24 (KHTML, like Gecko) Chrome/11.0.696.68 Safari/534.24"
59.182.148.190 - - [23/May/2011:03:27:15 -0700] "GET /rw_common/themes/simple/css/sidebar/sidebar_left.css HTTP/1.1" 200 99 "http://www.handwritinginsights.com/" "Mozilla/5.0 (Windows NT 5.1) AppleWebKit/534.24 (KHTML, like Gecko) Chrome/11.0.696.68 Safari/534.24"
59.182.148.190 - - [23/May/2011:03:27:16 -0700] "GET /index_files/page0_2.jpg HTTP/1.1" 200 64940 "http://www.handwritinginsights.com/" "Mozilla/5.0 (Windows NT 5.1) AppleWebKit/534.24 (KHTML, like Gecko) Chrome/11.0.696.68 Safari/534.24"
59.182.148.190 - - [23/May/2011:03:27:16 -0700] "GET /rw_common/themes/simple/handheld.css HTTP/1.1" 200 6005 "http://www.handwritinginsights.com/" "Mozilla/5.0 (Windows NT 5.1) AppleWebKit/534.24 (KHTML, like Gecko) Chrome/11.0.696.68 Safari/534.24"
59.182.148.190 - - [23/May/2011:03:27:16 -0700] "GET /rw_common/themes/simple/images/header_bg.png HTTP/1.1" 200 155 "http://www.handwritinginsights.com/" "Mozilla/5.0 (Windows NT 5.1) AppleWebKit/534.24 (KHTML, like Gecko) Chrome/11.0.696.68 Safari/534.24"
59.182.148.190 - - [23/May/2011:03:27:16 -0700] "GET /index_files/page0_1.jpg HTTP/1.1" 200 10960 "http://www.handwritinginsights.com/" "Mozilla/5.0 (Windows NT 5.1) AppleWebKit/534.24 (KHTML, like Gecko) Chrome/11.0.696.68 Safari/534.24"
59.182.148.190 - - [23/May/2011:03:27:16 -0700] "GET /rw_common/themes/simple/images/button_down.png HTTP/1.1" 200 196 "http://www.handwritinginsights.com/" "Mozilla/5.0 (Windows NT 5.1) AppleWebKit/534.24 (KHTML, like Gecko) Chrome/11.0.696.68 Safari/534.24"
59.182.148.190 - - [23/May/2011:03:27:16 -0700] "GET /rw_common/themes/simple/images/button_normal.png HTTP/1.1" 200 192 "http://www.handwritinginsights.com/" "Mozilla/5.0 (Windows NT 5.1) AppleWebKit/534.24 (KHTML, like Gecko) Chrome/11.0.696.68 Safari/534.24"
59.182.148.190 - - [23/May/2011:03:27:16 -0700] "GET /rw_common/images/Untitled-2.jpg HTTP/1.1" 200 32135 "http://www.handwritinginsights.com/" "Mozilla/5.0 (Windows NT 5.1) AppleWebKit/534.24 (KHTML, like Gecko) Chrome/11.0.696.68 Safari/534.24"
59.182.148.190 - - [23/May/2011:03:27:19 -0700] "GET /index_files/page0_5.jpg HTTP/1.1" 200 108875 "http://www.handwritinginsights.com/" "Mozilla/5.0 (Windows NT 5.1) AppleWebKit/534.24 (KHTML, like Gecko) Chrome/11.0.696.68 Safari/534.24"
59.182.148.190 - - [23/May/2011:03:27:19 -0700] "GET /index_files/page0_3.jpg HTTP/1.1" 200 93261 "http://www.handwritinginsights.com/" "Mozilla/5.0 (Windows NT 5.1) AppleWebKit/534.24 (KHTML, like Gecko) Chrome/11.0.696.68 Safari/534.24"
59.182.148.190 - - [23/May/2011:03:27:21 -0700] "GET /index_files/page0_7.jpg HTTP/1.1" 200 51695 "http://www.handwritinginsights.com/" "Mozilla/5.0 (Windows NT 5.1) AppleWebKit/534.24 (KHTML, like Gecko) Chrome/11.0.696.68 Safari/534.24"
59.182.148.190 - - [23/May/2011:03:27:21 -0700] "GET /index_files/page0_4.jpg HTTP/1.1" 200 100463 "http://www.handwritinginsights.com/" "Mozilla/5.0 (Windows NT 5.1) AppleWebKit/534.24 (KHTML, like Gecko) Chrome/11.0.696.68 Safari/534.24"
59.182.148.190 - - [23/May/2011:03:27:30 -0700] "GET /index_files/page0_6.jpg HTTP/1.1" 200 243962 "http://www.handwritinginsights.com/" "Mozilla/5.0 (Windows NT 5.1) AppleWebKit/534.24 (KHTML, like Gecko) Chrome/11.0.696.68 Safari/534.24"
59.182.148.190 - - [23/May/2011:03:27:32 -0700] "GET /favicon.ico HTTP/1.1" 404 217 "-" "Mozilla/5.0 (Windows NT 5.1) AppleWebKit/534.24 (KHTML, like Gecko) Chrome/11.0.696.68 Safari/534.24"
